[Universe] Cache: 400 hisse, 9 sektör → datasets/universe.csv
FULL EXPERIMENT | I+II | seed 48 | up to 30 epochs | batch size 64
Output directory: \\nas.ads.mwn.de\go39lop\Desktop\Archive\results\purged_multi_pure_seed48_20260917T024844Z_abb80ad3
Test is evaluated only after validation-based checkpoint selection.
GPU: NVIDIA A40

  Feature split → tech: 32 cols ('tech',) | fund: 6 cols ('fund',)
[Purge] Cached-date upper bounds; unknown endpoints excluded conservatively.
[Purge] Train: {'rows': 757567, 'crossing_upper_bound': 5102, 'unknown': 2798, 'retained_endpoints': 749667}
[Purge] Validation: {'rows': 115138, 'crossing_upper_bound': 4516, 'unknown': 482, 'retained_endpoints': 110140}
  Train  (2019-12-31'e kadar): 757,567 satır | Min: 2010-01-04 | Max: 2019-12-31
  Val    (2020-01-01 → 2021-12-31): 115,138 satır | Min: 2020-01-02 | Max: 2021-12-31
  Test   (2022-01-01 → 2024-12-31): 155,550 satır | Min: 2022-01-03 | Max: 2024-12-02

  Dual-stream Dataset'ler oluşturuluyor...
  [Train]
  DualStreamSequenceDataset: 742,162 sequences | seq_len=20 | tech_dim=32 | fund_dim=6 | Kriz oranı: 12.4%
  [Val]
  DualStreamSequenceDataset: 105,436 sequences | seq_len=20 | tech_dim=32 | fund_dim=6 | Kriz oranı: 12.5%
  [Test]
  DualStreamSequenceDataset: 151,161 sequences | seq_len=20 | tech_dim=32 | fund_dim=6 | Kriz oranı: 13.1%
  [Sampling] WeightedRandomSampler train'e uygulanıyor (val/test doğal kalıyor)...
Actual test dates: 2022-01-31 00:00:00 to 2024-12-02 00:00:00
Full-panel train sequences: 742162
Full-panel validation sequences: 105436

PURGED_multi_pure_seed48 Eğitimi Başlıyor (cuda) | monitor=pr_auc | lr=0.0001 | wd=0.01 | patience=8 | scheduler=plateau...
[train] batch 1/11596 | elapsed 0.0 min
[train] batch 500/11596 | elapsed 0.2 min
[train] batch 1000/11596 | elapsed 0.4 min
[train] batch 1500/11596 | elapsed 0.6 min
[train] batch 2000/11596 | elapsed 0.8 min
[train] batch 2500/11596 | elapsed 1.0 min
[train] batch 3000/11596 | elapsed 1.1 min
[train] batch 3500/11596 | elapsed 1.3 min
[train] batch 4000/11596 | elapsed 1.5 min
[train] batch 4500/11596 | elapsed 1.7 min
[train] batch 5000/11596 | elapsed 1.9 min
[train] batch 5500/11596 | elapsed 2.1 min
[train] batch 6000/11596 | elapsed 2.2 min
[train] batch 6500/11596 | elapsed 2.4 min
[train] batch 7000/11596 | elapsed 2.6 min
[train] batch 7500/11596 | elapsed 2.8 min
[train] batch 8000/11596 | elapsed 3.0 min
[train] batch 8500/11596 | elapsed 3.2 min
[train] batch 9000/11596 | elapsed 3.4 min
[train] batch 9500/11596 | elapsed 3.5 min
[train] batch 10000/11596 | elapsed 3.7 min
[train] batch 10500/11596 | elapsed 3.9 min
[train] batch 11000/11596 | elapsed 4.1 min
[train] batch 11500/11596 | elapsed 4.3 min
[train] batch 11596/11596 | elapsed 4.3 min
[validation] batch 1/1648 | elapsed 0.0 min
[validation] batch 500/1648 | elapsed 0.0 min
[validation] batch 1000/1648 | elapsed 0.1 min
[validation] batch 1500/1648 | elapsed 0.1 min
[validation] batch 1648/1648 | elapsed 0.1 min
Epoch 01/30 | Loss T:0.1624 V:0.1815 | ROC-AUC T:0.668 V:0.549 | PR-AUC T:0.640 V:0.151 | P:0.138 R:0.600
  ✓ Yeni en iyi model kaydedildi (pr_auc: 0.1506)
[train] batch 1/11596 | elapsed 0.0 min
[train] batch 500/11596 | elapsed 0.2 min
[train] batch 1000/11596 | elapsed 0.4 min
[train] batch 1500/11596 | elapsed 0.6 min
[train] batch 2000/11596 | elapsed 0.7 min
[train] batch 2500/11596 | elapsed 0.9 min
[train] batch 3000/11596 | elapsed 1.1 min
[train] batch 3500/11596 | elapsed 1.3 min
[train] batch 4000/11596 | elapsed 1.5 min
[train] batch 4500/11596 | elapsed 1.7 min
[train] batch 5000/11596 | elapsed 1.9 min
[train] batch 5500/11596 | elapsed 2.0 min
[train] batch 6000/11596 | elapsed 2.2 min
[train] batch 6500/11596 | elapsed 2.4 min
[train] batch 7000/11596 | elapsed 2.6 min
[train] batch 7500/11596 | elapsed 2.8 min
[train] batch 8000/11596 | elapsed 3.0 min
[train] batch 8500/11596 | elapsed 3.2 min
[train] batch 9000/11596 | elapsed 3.3 min
[train] batch 9500/11596 | elapsed 3.5 min
[train] batch 10000/11596 | elapsed 3.7 min
[train] batch 10500/11596 | elapsed 3.9 min
[train] batch 11000/11596 | elapsed 4.1 min
[train] batch 11500/11596 | elapsed 4.3 min
[train] batch 11596/11596 | elapsed 4.3 min
[validation] batch 1/1648 | elapsed 0.0 min
[validation] batch 500/1648 | elapsed 0.0 min
[validation] batch 1000/1648 | elapsed 0.1 min
[validation] batch 1500/1648 | elapsed 0.1 min
[validation] batch 1648/1648 | elapsed 0.1 min
Epoch 02/30 | Loss T:0.1568 V:0.1839 | ROC-AUC T:0.704 V:0.551 | PR-AUC T:0.677 V:0.148 | P:0.142 R:0.610
[train] batch 1/11596 | elapsed 0.0 min
[train] batch 500/11596 | elapsed 0.2 min
[train] batch 1000/11596 | elapsed 0.4 min
[train] batch 1500/11596 | elapsed 0.6 min
[train] batch 2000/11596 | elapsed 0.7 min
[train] batch 2500/11596 | elapsed 0.9 min
[train] batch 3000/11596 | elapsed 1.1 min
[train] batch 3500/11596 | elapsed 1.3 min
[train] batch 4000/11596 | elapsed 1.5 min
[train] batch 4500/11596 | elapsed 1.7 min
[train] batch 5000/11596 | elapsed 1.9 min
[train] batch 5500/11596 | elapsed 2.0 min
[train] batch 6000/11596 | elapsed 2.2 min
[train] batch 6500/11596 | elapsed 2.4 min
[train] batch 7000/11596 | elapsed 2.6 min
[train] batch 7500/11596 | elapsed 2.8 min
[train] batch 8000/11596 | elapsed 3.0 min
[train] batch 8500/11596 | elapsed 3.1 min
[train] batch 9000/11596 | elapsed 3.3 min
[train] batch 9500/11596 | elapsed 3.5 min
[train] batch 10000/11596 | elapsed 3.7 min
[train] batch 10500/11596 | elapsed 3.9 min
[train] batch 11000/11596 | elapsed 4.1 min
[train] batch 11500/11596 | elapsed 4.3 min
[train] batch 11596/11596 | elapsed 4.3 min
[validation] batch 1/1648 | elapsed 0.0 min
[validation] batch 500/1648 | elapsed 0.0 min
[validation] batch 1000/1648 | elapsed 0.1 min
[validation] batch 1500/1648 | elapsed 0.1 min
[validation] batch 1648/1648 | elapsed 0.1 min
Epoch 03/30 | Loss T:0.1524 V:0.1732 | ROC-AUC T:0.728 V:0.569 | PR-AUC T:0.706 V:0.156 | P:0.153 R:0.547
  ✓ Yeni en iyi model kaydedildi (pr_auc: 0.1558)
[train] batch 1/11596 | elapsed 0.0 min
[train] batch 500/11596 | elapsed 0.2 min
[train] batch 1000/11596 | elapsed 0.4 min
[train] batch 1500/11596 | elapsed 0.6 min
[train] batch 2000/11596 | elapsed 0.7 min
[train] batch 2500/11596 | elapsed 0.9 min
[train] batch 3000/11596 | elapsed 1.1 min
[train] batch 3500/11596 | elapsed 1.3 min
[train] batch 4000/11596 | elapsed 1.5 min
[train] batch 4500/11596 | elapsed 1.7 min
[train] batch 5000/11596 | elapsed 1.9 min
[train] batch 5500/11596 | elapsed 2.0 min
[train] batch 6000/11596 | elapsed 2.2 min
[train] batch 6500/11596 | elapsed 2.4 min
[train] batch 7000/11596 | elapsed 2.6 min
[train] batch 7500/11596 | elapsed 2.8 min
[train] batch 8000/11596 | elapsed 3.0 min
[train] batch 8500/11596 | elapsed 3.1 min
[train] batch 9000/11596 | elapsed 3.3 min
[train] batch 9500/11596 | elapsed 3.5 min
[train] batch 10000/11596 | elapsed 3.7 min
[train] batch 10500/11596 | elapsed 3.9 min
[train] batch 11000/11596 | elapsed 4.1 min
[train] batch 11500/11596 | elapsed 4.3 min
[train] batch 11596/11596 | elapsed 4.3 min
[validation] batch 1/1648 | elapsed 0.0 min
[validation] batch 500/1648 | elapsed 0.0 min
[validation] batch 1000/1648 | elapsed 0.1 min
[validation] batch 1500/1648 | elapsed 0.1 min
[validation] batch 1648/1648 | elapsed 0.1 min
Epoch 04/30 | Loss T:0.1484 V:0.1768 | ROC-AUC T:0.748 V:0.571 | PR-AUC T:0.728 V:0.156 | P:0.152 R:0.559
  ✓ Yeni en iyi model kaydedildi (pr_auc: 0.1560)
[train] batch 1/11596 | elapsed 0.0 min
[train] batch 500/11596 | elapsed 0.2 min
[train] batch 1000/11596 | elapsed 0.4 min
[train] batch 1500/11596 | elapsed 0.6 min
[train] batch 2000/11596 | elapsed 0.7 min
[train] batch 2500/11596 | elapsed 0.9 min
[train] batch 3000/11596 | elapsed 1.1 min
[train] batch 3500/11596 | elapsed 1.3 min
[train] batch 4000/11596 | elapsed 1.5 min
[train] batch 4500/11596 | elapsed 1.7 min
[train] batch 5000/11596 | elapsed 1.9 min
[train] batch 5500/11596 | elapsed 2.0 min
[train] batch 6000/11596 | elapsed 2.2 min
[train] batch 6500/11596 | elapsed 2.4 min
[train] batch 7000/11596 | elapsed 2.6 min
[train] batch 7500/11596 | elapsed 2.8 min
[train] batch 8000/11596 | elapsed 3.0 min
[train] batch 8500/11596 | elapsed 3.1 min
[train] batch 9000/11596 | elapsed 3.3 min
[train] batch 9500/11596 | elapsed 3.5 min
[train] batch 10000/11596 | elapsed 3.7 min
[train] batch 10500/11596 | elapsed 3.9 min
[train] batch 11000/11596 | elapsed 4.1 min
[train] batch 11500/11596 | elapsed 4.3 min
[train] batch 11596/11596 | elapsed 4.3 min
[validation] batch 1/1648 | elapsed 0.0 min
[validation] batch 500/1648 | elapsed 0.0 min
[validation] batch 1000/1648 | elapsed 0.1 min
[validation] batch 1500/1648 | elapsed 0.1 min
[validation] batch 1648/1648 | elapsed 0.1 min
Epoch 05/30 | Loss T:0.1450 V:0.1866 | ROC-AUC T:0.763 V:0.545 | PR-AUC T:0.743 V:0.145 | P:0.142 R:0.539
[train] batch 1/11596 | elapsed 0.0 min
[train] batch 500/11596 | elapsed 0.2 min
[train] batch 1000/11596 | elapsed 0.4 min
[train] batch 1500/11596 | elapsed 0.6 min
[train] batch 2000/11596 | elapsed 0.7 min
[train] batch 2500/11596 | elapsed 0.9 min
[train] batch 3000/11596 | elapsed 1.1 min
[train] batch 3500/11596 | elapsed 1.3 min
[train] batch 4000/11596 | elapsed 1.5 min
[train] batch 4500/11596 | elapsed 1.7 min
[train] batch 5000/11596 | elapsed 1.8 min
[train] batch 5500/11596 | elapsed 2.0 min
[train] batch 6000/11596 | elapsed 2.2 min
[train] batch 6500/11596 | elapsed 2.4 min
[train] batch 7000/11596 | elapsed 2.6 min
[train] batch 7500/11596 | elapsed 2.8 min
[train] batch 8000/11596 | elapsed 3.0 min
[train] batch 8500/11596 | elapsed 3.1 min
[train] batch 9000/11596 | elapsed 3.3 min
[train] batch 9500/11596 | elapsed 3.5 min
[train] batch 10000/11596 | elapsed 3.7 min
[train] batch 10500/11596 | elapsed 3.9 min
[train] batch 11000/11596 | elapsed 4.1 min
[train] batch 11500/11596 | elapsed 4.2 min
[train] batch 11596/11596 | elapsed 4.3 min
[validation] batch 1/1648 | elapsed 0.0 min
[validation] batch 500/1648 | elapsed 0.0 min
[validation] batch 1000/1648 | elapsed 0.1 min
[validation] batch 1500/1648 | elapsed 0.1 min
[validation] batch 1648/1648 | elapsed 0.1 min
Epoch 06/30 | Loss T:0.1417 V:0.1819 | ROC-AUC T:0.777 V:0.559 | PR-AUC T:0.759 V:0.150 | P:0.151 R:0.534
[train] batch 1/11596 | elapsed 0.0 min
[train] batch 500/11596 | elapsed 0.2 min
[train] batch 1000/11596 | elapsed 0.4 min
[train] batch 1500/11596 | elapsed 0.6 min
[train] batch 2000/11596 | elapsed 0.7 min
[train] batch 2500/11596 | elapsed 0.9 min
[train] batch 3000/11596 | elapsed 1.1 min
[train] batch 3500/11596 | elapsed 1.3 min
[train] batch 4000/11596 | elapsed 1.5 min
[train] batch 4500/11596 | elapsed 1.7 min
[train] batch 5000/11596 | elapsed 1.9 min
[train] batch 5500/11596 | elapsed 2.0 min
[train] batch 6000/11596 | elapsed 2.2 min
[train] batch 6500/11596 | elapsed 2.4 min
[train] batch 7000/11596 | elapsed 2.6 min
[train] batch 7500/11596 | elapsed 2.8 min
[train] batch 8000/11596 | elapsed 3.0 min
[train] batch 8500/11596 | elapsed 3.1 min
[train] batch 9000/11596 | elapsed 3.3 min
[train] batch 9500/11596 | elapsed 3.5 min
[train] batch 10000/11596 | elapsed 3.7 min
[train] batch 10500/11596 | elapsed 3.9 min
[train] batch 11000/11596 | elapsed 4.1 min
[train] batch 11500/11596 | elapsed 4.3 min
[train] batch 11596/11596 | elapsed 4.3 min
[validation] batch 1/1648 | elapsed 0.0 min
[validation] batch 500/1648 | elapsed 0.0 min
[validation] batch 1000/1648 | elapsed 0.1 min
[validation] batch 1500/1648 | elapsed 0.1 min
[validation] batch 1648/1648 | elapsed 0.1 min
Epoch 07/30 | Loss T:0.1386 V:0.1732 | ROC-AUC T:0.789 V:0.560 | PR-AUC T:0.771 V:0.155 | P:0.151 R:0.479
[train] batch 1/11596 | elapsed 0.0 min
[train] batch 500/11596 | elapsed 0.2 min
[train] batch 1000/11596 | elapsed 0.4 min
[train] batch 1500/11596 | elapsed 0.6 min
[train] batch 2000/11596 | elapsed 0.7 min
[train] batch 2500/11596 | elapsed 0.9 min
[train] batch 3000/11596 | elapsed 1.1 min
[train] batch 3500/11596 | elapsed 1.3 min
[train] batch 4000/11596 | elapsed 1.5 min
[train] batch 4500/11596 | elapsed 1.7 min
[train] batch 5000/11596 | elapsed 1.9 min
[train] batch 5500/11596 | elapsed 2.1 min
[train] batch 6000/11596 | elapsed 2.2 min
[train] batch 6500/11596 | elapsed 2.4 min
[train] batch 7000/11596 | elapsed 2.6 min
[train] batch 7500/11596 | elapsed 2.8 min
[train] batch 8000/11596 | elapsed 3.0 min
[train] batch 8500/11596 | elapsed 3.2 min
[train] batch 9000/11596 | elapsed 3.4 min
[train] batch 9500/11596 | elapsed 3.5 min
[train] batch 10000/11596 | elapsed 3.7 min
[train] batch 10500/11596 | elapsed 3.9 min
[train] batch 11000/11596 | elapsed 4.1 min
[train] batch 11500/11596 | elapsed 4.3 min
[train] batch 11596/11596 | elapsed 4.3 min
[validation] batch 1/1648 | elapsed 0.0 min
[validation] batch 500/1648 | elapsed 0.0 min
[validation] batch 1000/1648 | elapsed 0.1 min
[validation] batch 1500/1648 | elapsed 0.1 min
[validation] batch 1648/1648 | elapsed 0.1 min
Epoch 08/30 | Loss T:0.1353 V:0.1896 | ROC-AUC T:0.801 V:0.548 | PR-AUC T:0.783 V:0.147 | P:0.146 R:0.506
[train] batch 1/11596 | elapsed 0.0 min
[train] batch 500/11596 | elapsed 0.2 min
[train] batch 1000/11596 | elapsed 0.4 min
[train] batch 1500/11596 | elapsed 0.6 min
[train] batch 2000/11596 | elapsed 0.7 min
[train] batch 2500/11596 | elapsed 0.9 min
[train] batch 3000/11596 | elapsed 1.1 min
[train] batch 3500/11596 | elapsed 1.3 min
[train] batch 4000/11596 | elapsed 1.5 min
[train] batch 4500/11596 | elapsed 1.7 min
[train] batch 5000/11596 | elapsed 1.9 min
[train] batch 5500/11596 | elapsed 2.0 min
[train] batch 6000/11596 | elapsed 2.2 min
[train] batch 6500/11596 | elapsed 2.4 min
[train] batch 7000/11596 | elapsed 2.6 min
[train] batch 7500/11596 | elapsed 2.8 min
[train] batch 8000/11596 | elapsed 3.0 min
[train] batch 8500/11596 | elapsed 3.2 min
[train] batch 9000/11596 | elapsed 3.3 min
[train] batch 9500/11596 | elapsed 3.5 min
[train] batch 10000/11596 | elapsed 3.7 min
[train] batch 10500/11596 | elapsed 3.9 min
[train] batch 11000/11596 | elapsed 4.1 min
[train] batch 11500/11596 | elapsed 4.3 min
[train] batch 11596/11596 | elapsed 4.3 min
[validation] batch 1/1648 | elapsed 0.0 min
[validation] batch 500/1648 | elapsed 0.0 min
[validation] batch 1000/1648 | elapsed 0.1 min
[validation] batch 1500/1648 | elapsed 0.1 min
[validation] batch 1648/1648 | elapsed 0.1 min
Epoch 09/30 | Loss T:0.1329 V:0.1878 | ROC-AUC T:0.810 V:0.552 | PR-AUC T:0.792 V:0.149 | P:0.149 R:0.512
[train] batch 1/11596 | elapsed 0.0 min
[train] batch 500/11596 | elapsed 0.2 min
[train] batch 1000/11596 | elapsed 0.4 min
[train] batch 1500/11596 | elapsed 0.6 min
[train] batch 2000/11596 | elapsed 0.7 min
[train] batch 2500/11596 | elapsed 0.9 min
[train] batch 3000/11596 | elapsed 1.1 min
[train] batch 3500/11596 | elapsed 1.3 min
[train] batch 4000/11596 | elapsed 1.5 min
[train] batch 4500/11596 | elapsed 1.7 min
[train] batch 5000/11596 | elapsed 1.9 min
[train] batch 5500/11596 | elapsed 2.0 min
[train] batch 6000/11596 | elapsed 2.2 min
[train] batch 6500/11596 | elapsed 2.4 min
[train] batch 7000/11596 | elapsed 2.6 min
[train] batch 7500/11596 | elapsed 2.8 min
[train] batch 8000/11596 | elapsed 3.0 min
[train] batch 8500/11596 | elapsed 3.2 min
[train] batch 9000/11596 | elapsed 3.3 min
[train] batch 9500/11596 | elapsed 3.5 min
[train] batch 10000/11596 | elapsed 3.7 min
[train] batch 10500/11596 | elapsed 3.9 min
[train] batch 11000/11596 | elapsed 4.1 min
[train] batch 11500/11596 | elapsed 4.3 min
[train] batch 11596/11596 | elapsed 4.3 min
[validation] batch 1/1648 | elapsed 0.0 min
[validation] batch 500/1648 | elapsed 0.0 min
[validation] batch 1000/1648 | elapsed 0.1 min
[validation] batch 1500/1648 | elapsed 0.1 min
[validation] batch 1648/1648 | elapsed 0.1 min
Epoch 10/30 | Loss T:0.1290 V:0.1850 | ROC-AUC T:0.824 V:0.565 | PR-AUC T:0.807 V:0.156 | P:0.155 R:0.507
  ✓ Yeni en iyi model kaydedildi (pr_auc: 0.1563)
[train] batch 1/11596 | elapsed 0.0 min
[train] batch 500/11596 | elapsed 0.2 min
[train] batch 1000/11596 | elapsed 0.4 min
[train] batch 1500/11596 | elapsed 0.6 min
[train] batch 2000/11596 | elapsed 0.7 min
[train] batch 2500/11596 | elapsed 0.9 min
[train] batch 3000/11596 | elapsed 1.1 min
[train] batch 3500/11596 | elapsed 1.3 min
[train] batch 4000/11596 | elapsed 1.5 min
[train] batch 4500/11596 | elapsed 1.7 min
[train] batch 5000/11596 | elapsed 1.8 min
[train] batch 5500/11596 | elapsed 2.0 min
[train] batch 6000/11596 | elapsed 2.2 min
[train] batch 6500/11596 | elapsed 2.4 min
[train] batch 7000/11596 | elapsed 2.6 min
[train] batch 7500/11596 | elapsed 2.8 min
[train] batch 8000/11596 | elapsed 2.9 min
[train] batch 8500/11596 | elapsed 3.1 min
[train] batch 9000/11596 | elapsed 3.3 min
[train] batch 9500/11596 | elapsed 3.5 min
[train] batch 10000/11596 | elapsed 3.7 min
[train] batch 10500/11596 | elapsed 3.9 min
[train] batch 11000/11596 | elapsed 4.0 min
[train] batch 11500/11596 | elapsed 4.2 min
[train] batch 11596/11596 | elapsed 4.3 min
[validation] batch 1/1648 | elapsed 0.0 min
[validation] batch 500/1648 | elapsed 0.0 min
[validation] batch 1000/1648 | elapsed 0.1 min
[validation] batch 1500/1648 | elapsed 0.1 min
[validation] batch 1648/1648 | elapsed 0.1 min
Epoch 11/30 | Loss T:0.1272 V:0.1902 | ROC-AUC T:0.830 V:0.556 | PR-AUC T:0.812 V:0.150 | P:0.151 R:0.492
[train] batch 1/11596 | elapsed 0.0 min
[train] batch 500/11596 | elapsed 0.2 min
[train] batch 1000/11596 | elapsed 0.4 min
[train] batch 1500/11596 | elapsed 0.6 min
[train] batch 2000/11596 | elapsed 0.7 min
[train] batch 2500/11596 | elapsed 0.9 min
[train] batch 3000/11596 | elapsed 1.1 min
[train] batch 3500/11596 | elapsed 1.3 min
[train] batch 4000/11596 | elapsed 1.5 min
[train] batch 4500/11596 | elapsed 1.7 min
[train] batch 5000/11596 | elapsed 1.8 min
[train] batch 5500/11596 | elapsed 2.0 min
[train] batch 6000/11596 | elapsed 2.2 min
[train] batch 6500/11596 | elapsed 2.4 min
[train] batch 7000/11596 | elapsed 2.6 min
[train] batch 7500/11596 | elapsed 2.8 min
[train] batch 8000/11596 | elapsed 3.0 min
[train] batch 8500/11596 | elapsed 3.1 min
[train] batch 9000/11596 | elapsed 3.3 min
[train] batch 9500/11596 | elapsed 3.5 min
[train] batch 10000/11596 | elapsed 3.7 min
[train] batch 10500/11596 | elapsed 3.9 min
[train] batch 11000/11596 | elapsed 4.1 min
[train] batch 11500/11596 | elapsed 4.2 min
[train] batch 11596/11596 | elapsed 4.3 min
[validation] batch 1/1648 | elapsed 0.0 min
[validation] batch 500/1648 | elapsed 0.0 min
[validation] batch 1000/1648 | elapsed 0.1 min
[validation] batch 1500/1648 | elapsed 0.1 min
[validation] batch 1648/1648 | elapsed 0.1 min
Epoch 12/30 | Loss T:0.1254 V:0.1862 | ROC-AUC T:0.835 V:0.561 | PR-AUC T:0.819 V:0.154 | P:0.156 R:0.474
[train] batch 1/11596 | elapsed 0.0 min
[train] batch 500/11596 | elapsed 0.2 min
[train] batch 1000/11596 | elapsed 0.4 min
[train] batch 1500/11596 | elapsed 0.6 min
[train] batch 2000/11596 | elapsed 0.7 min
[train] batch 2500/11596 | elapsed 0.9 min
[train] batch 3000/11596 | elapsed 1.1 min
[train] batch 3500/11596 | elapsed 1.3 min
[train] batch 4000/11596 | elapsed 1.5 min
[train] batch 4500/11596 | elapsed 1.7 min
[train] batch 5000/11596 | elapsed 1.9 min
[train] batch 5500/11596 | elapsed 2.0 min
[train] batch 6000/11596 | elapsed 2.2 min
[train] batch 6500/11596 | elapsed 2.4 min
[train] batch 7000/11596 | elapsed 2.6 min
[train] batch 7500/11596 | elapsed 2.8 min
[train] batch 8000/11596 | elapsed 3.0 min
[train] batch 8500/11596 | elapsed 3.1 min
[train] batch 9000/11596 | elapsed 3.3 min
[train] batch 9500/11596 | elapsed 3.5 min
[train] batch 10000/11596 | elapsed 3.7 min
[train] batch 10500/11596 | elapsed 3.9 min
[train] batch 11000/11596 | elapsed 4.1 min
[train] batch 11500/11596 | elapsed 4.2 min
[train] batch 11596/11596 | elapsed 4.3 min
[validation] batch 1/1648 | elapsed 0.0 min
[validation] batch 500/1648 | elapsed 0.0 min
[validation] batch 1000/1648 | elapsed 0.1 min
[validation] batch 1500/1648 | elapsed 0.1 min
[validation] batch 1648/1648 | elapsed 0.1 min
Epoch 13/30 | Loss T:0.1240 V:0.1901 | ROC-AUC T:0.840 V:0.555 | PR-AUC T:0.822 V:0.150 | P:0.153 R:0.460
[train] batch 1/11596 | elapsed 0.0 min
[train] batch 500/11596 | elapsed 0.2 min
[train] batch 1000/11596 | elapsed 0.4 min
[train] batch 1500/11596 | elapsed 0.6 min
[train] batch 2000/11596 | elapsed 0.8 min
[train] batch 2500/11596 | elapsed 0.9 min
[train] batch 3000/11596 | elapsed 1.1 min
[train] batch 3500/11596 | elapsed 1.3 min
[train] batch 4000/11596 | elapsed 1.5 min
[train] batch 4500/11596 | elapsed 1.7 min
[train] batch 5000/11596 | elapsed 1.9 min
[train] batch 5500/11596 | elapsed 2.0 min
[train] batch 6000/11596 | elapsed 2.2 min
[train] batch 6500/11596 | elapsed 2.4 min
[train] batch 7000/11596 | elapsed 2.6 min
[train] batch 7500/11596 | elapsed 2.8 min
[train] batch 8000/11596 | elapsed 3.0 min
[train] batch 8500/11596 | elapsed 3.2 min
[train] batch 9000/11596 | elapsed 3.3 min
[train] batch 9500/11596 | elapsed 3.5 min
[train] batch 10000/11596 | elapsed 3.7 min
[train] batch 10500/11596 | elapsed 3.9 min
[train] batch 11000/11596 | elapsed 4.1 min
[train] batch 11500/11596 | elapsed 4.3 min
[train] batch 11596/11596 | elapsed 4.3 min
[validation] batch 1/1648 | elapsed 0.0 min
[validation] batch 500/1648 | elapsed 0.0 min
[validation] batch 1000/1648 | elapsed 0.1 min
[validation] batch 1500/1648 | elapsed 0.1 min
[validation] batch 1648/1648 | elapsed 0.1 min
Epoch 14/30 | Loss T:0.1224 V:0.1902 | ROC-AUC T:0.845 V:0.557 | PR-AUC T:0.828 V:0.151 | P:0.153 R:0.475
[train] batch 1/11596 | elapsed 0.0 min
[train] batch 500/11596 | elapsed 0.2 min
[train] batch 1000/11596 | elapsed 0.4 min
[train] batch 1500/11596 | elapsed 0.6 min
[train] batch 2000/11596 | elapsed 0.7 min
[train] batch 2500/11596 | elapsed 0.9 min
[train] batch 3000/11596 | elapsed 1.1 min
[train] batch 3500/11596 | elapsed 1.3 min
[train] batch 4000/11596 | elapsed 1.5 min
[train] batch 4500/11596 | elapsed 1.7 min
[train] batch 5000/11596 | elapsed 1.9 min
[train] batch 5500/11596 | elapsed 2.0 min
[train] batch 6000/11596 | elapsed 2.2 min
[train] batch 6500/11596 | elapsed 2.4 min
[train] batch 7000/11596 | elapsed 2.6 min
[train] batch 7500/11596 | elapsed 2.8 min
[train] batch 8000/11596 | elapsed 3.0 min
[train] batch 8500/11596 | elapsed 3.1 min
[train] batch 9000/11596 | elapsed 3.3 min
[train] batch 9500/11596 | elapsed 3.5 min
[train] batch 10000/11596 | elapsed 3.7 min
[train] batch 10500/11596 | elapsed 3.9 min
[train] batch 11000/11596 | elapsed 4.1 min
[train] batch 11500/11596 | elapsed 4.3 min
[train] batch 11596/11596 | elapsed 4.3 min
[validation] batch 1/1648 | elapsed 0.0 min
[validation] batch 500/1648 | elapsed 0.0 min
[validation] batch 1000/1648 | elapsed 0.1 min
[validation] batch 1500/1648 | elapsed 0.1 min
[validation] batch 1648/1648 | elapsed 0.1 min
Epoch 15/30 | Loss T:0.1212 V:0.1871 | ROC-AUC T:0.848 V:0.552 | PR-AUC T:0.832 V:0.150 | P:0.153 R:0.423
[train] batch 1/11596 | elapsed 0.0 min
[train] batch 500/11596 | elapsed 0.2 min
[train] batch 1000/11596 | elapsed 0.4 min
[train] batch 1500/11596 | elapsed 0.6 min
[train] batch 2000/11596 | elapsed 0.7 min
[train] batch 2500/11596 | elapsed 0.9 min
[train] batch 3000/11596 | elapsed 1.1 min
[train] batch 3500/11596 | elapsed 1.3 min
[train] batch 4000/11596 | elapsed 1.5 min
[train] batch 4500/11596 | elapsed 1.7 min
[train] batch 5000/11596 | elapsed 1.9 min
[train] batch 5500/11596 | elapsed 2.0 min
[train] batch 6000/11596 | elapsed 2.2 min
[train] batch 6500/11596 | elapsed 2.4 min
[train] batch 7000/11596 | elapsed 2.6 min
[train] batch 7500/11596 | elapsed 2.8 min
[train] batch 8000/11596 | elapsed 3.0 min
[train] batch 8500/11596 | elapsed 3.1 min
[train] batch 9000/11596 | elapsed 3.3 min
[train] batch 9500/11596 | elapsed 3.5 min
[train] batch 10000/11596 | elapsed 3.7 min
[train] batch 10500/11596 | elapsed 3.9 min
[train] batch 11000/11596 | elapsed 4.1 min
[train] batch 11500/11596 | elapsed 4.3 min
[train] batch 11596/11596 | elapsed 4.3 min
[validation] batch 1/1648 | elapsed 0.0 min
[validation] batch 500/1648 | elapsed 0.0 min
[validation] batch 1000/1648 | elapsed 0.1 min
[validation] batch 1500/1648 | elapsed 0.1 min
[validation] batch 1648/1648 | elapsed 0.1 min
Epoch 16/30 | Loss T:0.1191 V:0.1926 | ROC-AUC T:0.855 V:0.555 | PR-AUC T:0.839 V:0.150 | P:0.153 R:0.450
[train] batch 1/11596 | elapsed 0.0 min
[train] batch 500/11596 | elapsed 0.2 min
[train] batch 1000/11596 | elapsed 0.4 min
[train] batch 1500/11596 | elapsed 0.6 min
[train] batch 2000/11596 | elapsed 0.7 min
[train] batch 2500/11596 | elapsed 0.9 min
[train] batch 3000/11596 | elapsed 1.1 min
[train] batch 3500/11596 | elapsed 1.3 min
[train] batch 4000/11596 | elapsed 1.5 min
[train] batch 4500/11596 | elapsed 1.7 min
[train] batch 5000/11596 | elapsed 1.9 min
[train] batch 5500/11596 | elapsed 2.0 min
[train] batch 6000/11596 | elapsed 2.2 min
[train] batch 6500/11596 | elapsed 2.4 min
[train] batch 7000/11596 | elapsed 2.6 min
[train] batch 7500/11596 | elapsed 2.8 min
[train] batch 8000/11596 | elapsed 3.0 min
[train] batch 8500/11596 | elapsed 3.1 min
[train] batch 9000/11596 | elapsed 3.3 min
[train] batch 9500/11596 | elapsed 3.5 min
[train] batch 10000/11596 | elapsed 3.7 min
[train] batch 10500/11596 | elapsed 3.9 min
[train] batch 11000/11596 | elapsed 4.1 min
[train] batch 11500/11596 | elapsed 4.3 min
[train] batch 11596/11596 | elapsed 4.3 min
[validation] batch 1/1648 | elapsed 0.0 min
[validation] batch 500/1648 | elapsed 0.0 min
[validation] batch 1000/1648 | elapsed 0.1 min
[validation] batch 1500/1648 | elapsed 0.1 min
[validation] batch 1648/1648 | elapsed 0.1 min
Epoch 17/30 | Loss T:0.1182 V:0.2000 | ROC-AUC T:0.857 V:0.548 | PR-AUC T:0.841 V:0.146 | P:0.148 R:0.460
[train] batch 1/11596 | elapsed 0.0 min
[train] batch 500/11596 | elapsed 0.2 min
[train] batch 1000/11596 | elapsed 0.4 min
[train] batch 1500/11596 | elapsed 0.6 min
[train] batch 2000/11596 | elapsed 0.7 min
[train] batch 2500/11596 | elapsed 0.9 min
[train] batch 3000/11596 | elapsed 1.1 min
[train] batch 3500/11596 | elapsed 1.3 min
[train] batch 4000/11596 | elapsed 1.5 min
[train] batch 4500/11596 | elapsed 1.7 min
[train] batch 5000/11596 | elapsed 1.8 min
[train] batch 5500/11596 | elapsed 2.0 min
[train] batch 6000/11596 | elapsed 2.2 min
[train] batch 6500/11596 | elapsed 2.4 min
[train] batch 7000/11596 | elapsed 2.6 min
[train] batch 7500/11596 | elapsed 2.8 min
[train] batch 8000/11596 | elapsed 3.0 min
[train] batch 8500/11596 | elapsed 3.1 min
[train] batch 9000/11596 | elapsed 3.3 min
[train] batch 9500/11596 | elapsed 3.5 min
[train] batch 10000/11596 | elapsed 3.7 min
[train] batch 10500/11596 | elapsed 3.9 min
[train] batch 11000/11596 | elapsed 4.1 min
[train] batch 11500/11596 | elapsed 4.3 min
[train] batch 11596/11596 | elapsed 4.3 min
[validation] batch 1/1648 | elapsed 0.0 min
[validation] batch 500/1648 | elapsed 0.0 min
[validation] batch 1000/1648 | elapsed 0.1 min
[validation] batch 1500/1648 | elapsed 0.1 min
[validation] batch 1648/1648 | elapsed 0.1 min
Epoch 18/30 | Loss T:0.1174 V:0.2020 | ROC-AUC T:0.859 V:0.547 | PR-AUC T:0.843 V:0.146 | P:0.147 R:0.468
  Early Stopping: Epoch 18'de duruldu (En iyi pr_auc: 0.1563)
[validation] batch 1/1648 | elapsed 0.0 min
[validation] batch 500/1648 | elapsed 0.0 min
[validation] batch 1000/1648 | elapsed 0.1 min
[validation] batch 1500/1648 | elapsed 0.1 min
[validation] batch 1648/1648 | elapsed 0.1 min

════════════════════════════════════════════════════════════
  PURGED_multi_pure_seed48 — VALIDATION SET
════════════════════════════════════════════════════════════
  Threshold-bağımsız (ranking):
    ROC-AUC: 0.5651
    PR-AUC:  0.1563
  Optimal Threshold (MCC max from VAL): 0.5335 (val MCC=0.0789)
  Threshold-bağımlı (eşik=0.5335):
    Accuracy:  0.6710
    MCC:       0.0789
    Precision: 0.1650
    Recall:    0.3996
    F1:        0.2335

=== PURGED_multi_pure_seed48 Validation Classification Report ===
              precision    recall  f1-score   support

  Stable (0)       0.89      0.71      0.79     92214
    Risk (1)       0.16      0.40      0.23     13222

    accuracy                           0.67    105436
   macro avg       0.53      0.55      0.51    105436
weighted avg       0.80      0.67      0.72    105436

[test] batch 1/2362 | elapsed 0.0 min
[test] batch 500/2362 | elapsed 0.0 min
[test] batch 1000/2362 | elapsed 0.1 min
[test] batch 1500/2362 | elapsed 0.1 min
[test] batch 2000/2362 | elapsed 0.2 min
[test] batch 2362/2362 | elapsed 0.2 min

════════════════════════════════════════════════════════════
  PURGED_multi_pure_seed48 — TEST SET (hold-out, 2024+)
════════════════════════════════════════════════════════════
  Threshold-bağımsız (ranking):
    ROC-AUC: 0.6154
    PR-AUC:  0.1778
  Threshold-bağımlı (val'dan seçilen eşik=0.5335):
    Accuracy:  0.6694
    MCC:       0.1036
    Precision: 0.1823
    Recall:    0.4385
    F1:        0.2575

=== PURGED_multi_pure_seed48 Test Classification Report ===
              precision    recall  f1-score   support

  Stable (0)       0.89      0.70      0.79    131398
    Risk (1)       0.18      0.44      0.26     19763

    accuracy                           0.67    151161
   macro avg       0.54      0.57      0.52    151161
weighted avg       0.80      0.67      0.72    151161


  Generalization gap (val → test):
    ROC-AUC: 0.5651 → 0.6154 (Δ +0.0503)
    PR-AUC:  0.1563 → 0.1778 (Δ +0.0216)
    MCC:     0.0789 → 0.1036 (Δ +0.0247)
PASS | purged I+II seed48 | training + evaluation + export: 81.5 min
Historical outputs unchanged. Selected model, preprocessing and indexed predictions saved.
Report: \\nas.ads.mwn.de\go39lop\Desktop\Archive\results\purged_multi_pure_seed48_20260917T024844Z_abb80ad3\experiment_report.json
