[Universe] Cache: 400 hisse, 9 sektör → datasets/universe.csv
FULL EXPERIMENT | I+II | seed 51 | up to 30 epochs | batch size 64
Output directory: \\nas.ads.mwn.de\go39lop\Desktop\Archive\results\purged_multi_pure_seed51_20260917T095310Z_ec2c653c
Test is evaluated only after validation-based checkpoint selection.
GPU: NVIDIA A40

  Feature split → tech: 32 cols ('tech',) | fund: 6 cols ('fund',)
[Purge] Cached-date upper bounds; unknown endpoints excluded conservatively.
[Purge] Train: {'rows': 757567, 'crossing_upper_bound': 5102, 'unknown': 2798, 'retained_endpoints': 749667}
[Purge] Validation: {'rows': 115138, 'crossing_upper_bound': 4516, 'unknown': 482, 'retained_endpoints': 110140}
  Train  (2019-12-31'e kadar): 757,567 satır | Min: 2010-01-04 | Max: 2019-12-31
  Val    (2020-01-01 → 2021-12-31): 115,138 satır | Min: 2020-01-02 | Max: 2021-12-31
  Test   (2022-01-01 → 2024-12-31): 155,550 satır | Min: 2022-01-03 | Max: 2024-12-02

  Dual-stream Dataset'ler oluşturuluyor...
  [Train]
  DualStreamSequenceDataset: 742,162 sequences | seq_len=20 | tech_dim=32 | fund_dim=6 | Kriz oranı: 12.4%
  [Val]
  DualStreamSequenceDataset: 105,436 sequences | seq_len=20 | tech_dim=32 | fund_dim=6 | Kriz oranı: 12.5%
  [Test]
  DualStreamSequenceDataset: 151,161 sequences | seq_len=20 | tech_dim=32 | fund_dim=6 | Kriz oranı: 13.1%
  [Sampling] WeightedRandomSampler train'e uygulanıyor (val/test doğal kalıyor)...
Actual test dates: 2022-01-31 00:00:00 to 2024-12-02 00:00:00
Full-panel train sequences: 742162
Full-panel validation sequences: 105436

PURGED_multi_pure_seed51 Eğitimi Başlıyor (cuda) | monitor=pr_auc | lr=0.0001 | wd=0.01 | patience=8 | scheduler=plateau...
[train] batch 1/11596 | elapsed 0.0 min
[train] batch 500/11596 | elapsed 0.2 min
[train] batch 1000/11596 | elapsed 0.4 min
[train] batch 1500/11596 | elapsed 0.6 min
[train] batch 2000/11596 | elapsed 0.8 min
[train] batch 2500/11596 | elapsed 1.0 min
[train] batch 3000/11596 | elapsed 1.1 min
[train] batch 3500/11596 | elapsed 1.3 min
[train] batch 4000/11596 | elapsed 1.5 min
[train] batch 4500/11596 | elapsed 1.7 min
[train] batch 5000/11596 | elapsed 1.9 min
[train] batch 5500/11596 | elapsed 2.1 min
[train] batch 6000/11596 | elapsed 2.2 min
[train] batch 6500/11596 | elapsed 2.4 min
[train] batch 7000/11596 | elapsed 2.6 min
[train] batch 7500/11596 | elapsed 2.8 min
[train] batch 8000/11596 | elapsed 3.0 min
[train] batch 8500/11596 | elapsed 3.2 min
[train] batch 9000/11596 | elapsed 3.4 min
[train] batch 9500/11596 | elapsed 3.5 min
[train] batch 10000/11596 | elapsed 3.7 min
[train] batch 10500/11596 | elapsed 3.9 min
[train] batch 11000/11596 | elapsed 4.1 min
[train] batch 11500/11596 | elapsed 4.3 min
[train] batch 11596/11596 | elapsed 4.3 min
[validation] batch 1/1648 | elapsed 0.0 min
[validation] batch 500/1648 | elapsed 0.0 min
[validation] batch 1000/1648 | elapsed 0.1 min
[validation] batch 1500/1648 | elapsed 0.1 min
[validation] batch 1648/1648 | elapsed 0.1 min
Epoch 01/30 | Loss T:0.1623 V:0.1682 | ROC-AUC T:0.669 V:0.558 | PR-AUC T:0.642 V:0.153 | P:0.149 R:0.513
  ✓ Yeni en iyi model kaydedildi (pr_auc: 0.1526)
[train] batch 1/11596 | elapsed 0.0 min
[train] batch 500/11596 | elapsed 0.2 min
[train] batch 1000/11596 | elapsed 0.4 min
[train] batch 1500/11596 | elapsed 0.6 min
[train] batch 2000/11596 | elapsed 0.7 min
[train] batch 2500/11596 | elapsed 0.9 min
[train] batch 3000/11596 | elapsed 1.1 min
[train] batch 3500/11596 | elapsed 1.3 min
[train] batch 4000/11596 | elapsed 1.5 min
[train] batch 4500/11596 | elapsed 1.7 min
[train] batch 5000/11596 | elapsed 1.8 min
[train] batch 5500/11596 | elapsed 2.0 min
[train] batch 6000/11596 | elapsed 2.2 min
[train] batch 6500/11596 | elapsed 2.4 min
[train] batch 7000/11596 | elapsed 2.6 min
[train] batch 7500/11596 | elapsed 2.8 min
[train] batch 8000/11596 | elapsed 2.9 min
[train] batch 8500/11596 | elapsed 3.1 min
[train] batch 9000/11596 | elapsed 3.3 min
[train] batch 9500/11596 | elapsed 3.5 min
[train] batch 10000/11596 | elapsed 3.7 min
[train] batch 10500/11596 | elapsed 3.9 min
[train] batch 11000/11596 | elapsed 4.0 min
[train] batch 11500/11596 | elapsed 4.2 min
[train] batch 11596/11596 | elapsed 4.3 min
[validation] batch 1/1648 | elapsed 0.0 min
[validation] batch 500/1648 | elapsed 0.0 min
[validation] batch 1000/1648 | elapsed 0.1 min
[validation] batch 1500/1648 | elapsed 0.1 min
[validation] batch 1648/1648 | elapsed 0.1 min
Epoch 02/30 | Loss T:0.1562 V:0.1751 | ROC-AUC T:0.708 V:0.562 | PR-AUC T:0.682 V:0.153 | P:0.148 R:0.559
  ✓ Yeni en iyi model kaydedildi (pr_auc: 0.1534)
[train] batch 1/11596 | elapsed 0.0 min
[train] batch 500/11596 | elapsed 0.2 min
[train] batch 1000/11596 | elapsed 0.4 min
[train] batch 1500/11596 | elapsed 0.6 min
[train] batch 2000/11596 | elapsed 0.7 min
[train] batch 2500/11596 | elapsed 0.9 min
[train] batch 3000/11596 | elapsed 1.1 min
[train] batch 3500/11596 | elapsed 1.3 min
[train] batch 4000/11596 | elapsed 1.5 min
[train] batch 4500/11596 | elapsed 1.7 min
[train] batch 5000/11596 | elapsed 1.8 min
[train] batch 5500/11596 | elapsed 2.0 min
[train] batch 6000/11596 | elapsed 2.2 min
[train] batch 6500/11596 | elapsed 2.4 min
[train] batch 7000/11596 | elapsed 2.6 min
[train] batch 7500/11596 | elapsed 2.8 min
[train] batch 8000/11596 | elapsed 2.9 min
[train] batch 8500/11596 | elapsed 3.1 min
[train] batch 9000/11596 | elapsed 3.3 min
[train] batch 9500/11596 | elapsed 3.5 min
[train] batch 10000/11596 | elapsed 3.7 min
[train] batch 10500/11596 | elapsed 3.9 min
[train] batch 11000/11596 | elapsed 4.0 min
[train] batch 11500/11596 | elapsed 4.2 min
[train] batch 11596/11596 | elapsed 4.3 min
[validation] batch 1/1648 | elapsed 0.0 min
[validation] batch 500/1648 | elapsed 0.0 min
[validation] batch 1000/1648 | elapsed 0.1 min
[validation] batch 1500/1648 | elapsed 0.1 min
[validation] batch 1648/1648 | elapsed 0.1 min
Epoch 03/30 | Loss T:0.1521 V:0.1625 | ROC-AUC T:0.730 V:0.568 | PR-AUC T:0.710 V:0.157 | P:0.159 R:0.471
  ✓ Yeni en iyi model kaydedildi (pr_auc: 0.1569)
[train] batch 1/11596 | elapsed 0.0 min
[train] batch 500/11596 | elapsed 0.2 min
[train] batch 1000/11596 | elapsed 0.4 min
[train] batch 1500/11596 | elapsed 0.6 min
[train] batch 2000/11596 | elapsed 0.7 min
[train] batch 2500/11596 | elapsed 0.9 min
[train] batch 3000/11596 | elapsed 1.1 min
[train] batch 3500/11596 | elapsed 1.3 min
[train] batch 4000/11596 | elapsed 1.5 min
[train] batch 4500/11596 | elapsed 1.7 min
[train] batch 5000/11596 | elapsed 1.9 min
[train] batch 5500/11596 | elapsed 2.0 min
[train] batch 6000/11596 | elapsed 2.2 min
[train] batch 6500/11596 | elapsed 2.4 min
[train] batch 7000/11596 | elapsed 2.6 min
[train] batch 7500/11596 | elapsed 2.8 min
[train] batch 8000/11596 | elapsed 3.0 min
[train] batch 8500/11596 | elapsed 3.1 min
[train] batch 9000/11596 | elapsed 3.3 min
[train] batch 9500/11596 | elapsed 3.5 min
[train] batch 10000/11596 | elapsed 3.7 min
[train] batch 10500/11596 | elapsed 3.9 min
[train] batch 11000/11596 | elapsed 4.1 min
[train] batch 11500/11596 | elapsed 4.2 min
[train] batch 11596/11596 | elapsed 4.3 min
[validation] batch 1/1648 | elapsed 0.0 min
[validation] batch 500/1648 | elapsed 0.0 min
[validation] batch 1000/1648 | elapsed 0.1 min
[validation] batch 1500/1648 | elapsed 0.1 min
[validation] batch 1648/1648 | elapsed 0.1 min
Epoch 04/30 | Loss T:0.1481 V:0.1635 | ROC-AUC T:0.748 V:0.562 | PR-AUC T:0.729 V:0.155 | P:0.155 R:0.462
[train] batch 1/11596 | elapsed 0.0 min
[train] batch 500/11596 | elapsed 0.2 min
[train] batch 1000/11596 | elapsed 0.4 min
[train] batch 1500/11596 | elapsed 0.6 min
[train] batch 2000/11596 | elapsed 0.7 min
[train] batch 2500/11596 | elapsed 0.9 min
[train] batch 3000/11596 | elapsed 1.1 min
[train] batch 3500/11596 | elapsed 1.3 min
[train] batch 4000/11596 | elapsed 1.5 min
[train] batch 4500/11596 | elapsed 1.7 min
[train] batch 5000/11596 | elapsed 1.8 min
[train] batch 5500/11596 | elapsed 2.0 min
[train] batch 6000/11596 | elapsed 2.2 min
[train] batch 6500/11596 | elapsed 2.4 min
[train] batch 7000/11596 | elapsed 2.6 min
[train] batch 7500/11596 | elapsed 2.8 min
[train] batch 8000/11596 | elapsed 2.9 min
[train] batch 8500/11596 | elapsed 3.1 min
[train] batch 9000/11596 | elapsed 3.3 min
[train] batch 9500/11596 | elapsed 3.5 min
[train] batch 10000/11596 | elapsed 3.7 min
[train] batch 10500/11596 | elapsed 3.9 min
[train] batch 11000/11596 | elapsed 4.0 min
[train] batch 11500/11596 | elapsed 4.2 min
[train] batch 11596/11596 | elapsed 4.3 min
[validation] batch 1/1648 | elapsed 0.0 min
[validation] batch 500/1648 | elapsed 0.0 min
[validation] batch 1000/1648 | elapsed 0.1 min
[validation] batch 1500/1648 | elapsed 0.1 min
[validation] batch 1648/1648 | elapsed 0.1 min
Epoch 05/30 | Loss T:0.1451 V:0.1646 | ROC-AUC T:0.761 V:0.558 | PR-AUC T:0.744 V:0.152 | P:0.152 R:0.457
[train] batch 1/11596 | elapsed 0.0 min
[train] batch 500/11596 | elapsed 0.2 min
[train] batch 1000/11596 | elapsed 0.4 min
[train] batch 1500/11596 | elapsed 0.6 min
[train] batch 2000/11596 | elapsed 0.7 min
[train] batch 2500/11596 | elapsed 0.9 min
[train] batch 3000/11596 | elapsed 1.1 min
[train] batch 3500/11596 | elapsed 1.3 min
[train] batch 4000/11596 | elapsed 1.5 min
[train] batch 4500/11596 | elapsed 1.7 min
[train] batch 5000/11596 | elapsed 1.8 min
[train] batch 5500/11596 | elapsed 2.0 min
[train] batch 6000/11596 | elapsed 2.2 min
[train] batch 6500/11596 | elapsed 2.4 min
[train] batch 7000/11596 | elapsed 2.6 min
[train] batch 7500/11596 | elapsed 2.8 min
[train] batch 8000/11596 | elapsed 3.0 min
[train] batch 8500/11596 | elapsed 3.1 min
[train] batch 9000/11596 | elapsed 3.3 min
[train] batch 9500/11596 | elapsed 3.5 min
[train] batch 10000/11596 | elapsed 3.7 min
[train] batch 10500/11596 | elapsed 3.9 min
[train] batch 11000/11596 | elapsed 4.1 min
[train] batch 11500/11596 | elapsed 4.3 min
[train] batch 11596/11596 | elapsed 4.3 min
[validation] batch 1/1648 | elapsed 0.0 min
[validation] batch 500/1648 | elapsed 0.0 min
[validation] batch 1000/1648 | elapsed 0.1 min
[validation] batch 1500/1648 | elapsed 0.1 min
[validation] batch 1648/1648 | elapsed 0.1 min
Epoch 06/30 | Loss T:0.1416 V:0.1733 | ROC-AUC T:0.777 V:0.561 | PR-AUC T:0.758 V:0.156 | P:0.153 R:0.474
[train] batch 1/11596 | elapsed 0.0 min
[train] batch 500/11596 | elapsed 0.2 min
[train] batch 1000/11596 | elapsed 0.4 min
[train] batch 1500/11596 | elapsed 0.6 min
[train] batch 2000/11596 | elapsed 0.7 min
[train] batch 2500/11596 | elapsed 0.9 min
[train] batch 3000/11596 | elapsed 1.1 min
[train] batch 3500/11596 | elapsed 1.3 min
[train] batch 4000/11596 | elapsed 1.5 min
[train] batch 4500/11596 | elapsed 1.7 min
[train] batch 5000/11596 | elapsed 1.8 min
[train] batch 5500/11596 | elapsed 2.0 min
[train] batch 6000/11596 | elapsed 2.2 min
[train] batch 6500/11596 | elapsed 2.4 min
[train] batch 7000/11596 | elapsed 2.6 min
[train] batch 7500/11596 | elapsed 2.8 min
[train] batch 8000/11596 | elapsed 3.0 min
[train] batch 8500/11596 | elapsed 3.1 min
[train] batch 9000/11596 | elapsed 3.3 min
[train] batch 9500/11596 | elapsed 3.5 min
[train] batch 10000/11596 | elapsed 3.7 min
[train] batch 10500/11596 | elapsed 3.9 min
[train] batch 11000/11596 | elapsed 4.0 min
[train] batch 11500/11596 | elapsed 4.2 min
[train] batch 11596/11596 | elapsed 4.3 min
[validation] batch 1/1648 | elapsed 0.0 min
[validation] batch 500/1648 | elapsed 0.0 min
[validation] batch 1000/1648 | elapsed 0.1 min
[validation] batch 1500/1648 | elapsed 0.1 min
[validation] batch 1648/1648 | elapsed 0.1 min
Epoch 07/30 | Loss T:0.1388 V:0.1706 | ROC-AUC T:0.787 V:0.562 | PR-AUC T:0.770 V:0.155 | P:0.154 R:0.430
[train] batch 1/11596 | elapsed 0.0 min
[train] batch 500/11596 | elapsed 0.2 min
[train] batch 1000/11596 | elapsed 0.4 min
[train] batch 1500/11596 | elapsed 0.6 min
[train] batch 2000/11596 | elapsed 0.7 min
[train] batch 2500/11596 | elapsed 0.9 min
[train] batch 3000/11596 | elapsed 1.1 min
[train] batch 3500/11596 | elapsed 1.3 min
[train] batch 4000/11596 | elapsed 1.5 min
[train] batch 4500/11596 | elapsed 1.7 min
[train] batch 5000/11596 | elapsed 1.8 min
[train] batch 5500/11596 | elapsed 2.0 min
[train] batch 6000/11596 | elapsed 2.2 min
[train] batch 6500/11596 | elapsed 2.4 min
[train] batch 7000/11596 | elapsed 2.6 min
[train] batch 7500/11596 | elapsed 2.8 min
[train] batch 8000/11596 | elapsed 2.9 min
[train] batch 8500/11596 | elapsed 3.1 min
[train] batch 9000/11596 | elapsed 3.3 min
[train] batch 9500/11596 | elapsed 3.5 min
[train] batch 10000/11596 | elapsed 3.7 min
[train] batch 10500/11596 | elapsed 3.9 min
[train] batch 11000/11596 | elapsed 4.0 min
[train] batch 11500/11596 | elapsed 4.2 min
[train] batch 11596/11596 | elapsed 4.3 min
[validation] batch 1/1648 | elapsed 0.0 min
[validation] batch 500/1648 | elapsed 0.0 min
[validation] batch 1000/1648 | elapsed 0.1 min
[validation] batch 1500/1648 | elapsed 0.1 min
[validation] batch 1648/1648 | elapsed 0.1 min
Epoch 08/30 | Loss T:0.1357 V:0.1790 | ROC-AUC T:0.799 V:0.564 | PR-AUC T:0.781 V:0.154 | P:0.152 R:0.483
[train] batch 1/11596 | elapsed 0.0 min
[train] batch 500/11596 | elapsed 0.2 min
[train] batch 1000/11596 | elapsed 0.4 min
[train] batch 1500/11596 | elapsed 0.5 min
[train] batch 2000/11596 | elapsed 0.7 min
[train] batch 2500/11596 | elapsed 0.9 min
[train] batch 3000/11596 | elapsed 1.1 min
[train] batch 3500/11596 | elapsed 1.3 min
[train] batch 4000/11596 | elapsed 1.5 min
[train] batch 4500/11596 | elapsed 1.6 min
[train] batch 5000/11596 | elapsed 1.8 min
[train] batch 5500/11596 | elapsed 2.0 min
[train] batch 6000/11596 | elapsed 2.2 min
[train] batch 6500/11596 | elapsed 2.4 min
[train] batch 7000/11596 | elapsed 2.6 min
[train] batch 7500/11596 | elapsed 2.7 min
[train] batch 8000/11596 | elapsed 2.9 min
[train] batch 8500/11596 | elapsed 3.1 min
[train] batch 9000/11596 | elapsed 3.3 min
[train] batch 9500/11596 | elapsed 3.5 min
[train] batch 10000/11596 | elapsed 3.7 min
[train] batch 10500/11596 | elapsed 3.8 min
[train] batch 11000/11596 | elapsed 4.0 min
[train] batch 11500/11596 | elapsed 4.2 min
[train] batch 11596/11596 | elapsed 4.2 min
[validation] batch 1/1648 | elapsed 0.0 min
[validation] batch 500/1648 | elapsed 0.0 min
[validation] batch 1000/1648 | elapsed 0.1 min
[validation] batch 1500/1648 | elapsed 0.1 min
[validation] batch 1648/1648 | elapsed 0.1 min
Epoch 09/30 | Loss T:0.1320 V:0.1805 | ROC-AUC T:0.813 V:0.566 | PR-AUC T:0.795 V:0.157 | P:0.155 R:0.484
  ✓ Yeni en iyi model kaydedildi (pr_auc: 0.1571)
[train] batch 1/11596 | elapsed 0.0 min
[train] batch 500/11596 | elapsed 0.2 min
[train] batch 1000/11596 | elapsed 0.4 min
[train] batch 1500/11596 | elapsed 0.6 min
[train] batch 2000/11596 | elapsed 0.7 min
[train] batch 2500/11596 | elapsed 0.9 min
[train] batch 3000/11596 | elapsed 1.1 min
[train] batch 3500/11596 | elapsed 1.3 min
[train] batch 4000/11596 | elapsed 1.5 min
[train] batch 4500/11596 | elapsed 1.6 min
[train] batch 5000/11596 | elapsed 1.8 min
[train] batch 5500/11596 | elapsed 2.0 min
[train] batch 6000/11596 | elapsed 2.2 min
[train] batch 6500/11596 | elapsed 2.4 min
[train] batch 7000/11596 | elapsed 2.6 min
[train] batch 7500/11596 | elapsed 2.7 min
[train] batch 8000/11596 | elapsed 2.9 min
[train] batch 8500/11596 | elapsed 3.1 min
[train] batch 9000/11596 | elapsed 3.3 min
[train] batch 9500/11596 | elapsed 3.5 min
[train] batch 10000/11596 | elapsed 3.7 min
[train] batch 10500/11596 | elapsed 3.9 min
[train] batch 11000/11596 | elapsed 4.0 min
[train] batch 11500/11596 | elapsed 4.2 min
[train] batch 11596/11596 | elapsed 4.3 min
[validation] batch 1/1648 | elapsed 0.0 min
[validation] batch 500/1648 | elapsed 0.0 min
[validation] batch 1000/1648 | elapsed 0.1 min
[validation] batch 1500/1648 | elapsed 0.1 min
[validation] batch 1648/1648 | elapsed 0.1 min
Epoch 10/30 | Loss T:0.1304 V:0.1778 | ROC-AUC T:0.818 V:0.564 | PR-AUC T:0.800 V:0.153 | P:0.154 R:0.453
[train] batch 1/11596 | elapsed 0.0 min
[train] batch 500/11596 | elapsed 0.2 min
[train] batch 1000/11596 | elapsed 0.4 min
[train] batch 1500/11596 | elapsed 0.6 min
[train] batch 2000/11596 | elapsed 0.7 min
[train] batch 2500/11596 | elapsed 0.9 min
[train] batch 3000/11596 | elapsed 1.1 min
[train] batch 3500/11596 | elapsed 1.3 min
[train] batch 4000/11596 | elapsed 1.5 min
[train] batch 4500/11596 | elapsed 1.7 min
[train] batch 5000/11596 | elapsed 1.8 min
[train] batch 5500/11596 | elapsed 2.0 min
[train] batch 6000/11596 | elapsed 2.2 min
[train] batch 6500/11596 | elapsed 2.4 min
[train] batch 7000/11596 | elapsed 2.6 min
[train] batch 7500/11596 | elapsed 2.8 min
[train] batch 8000/11596 | elapsed 2.9 min
[train] batch 8500/11596 | elapsed 3.1 min
[train] batch 9000/11596 | elapsed 3.3 min
[train] batch 9500/11596 | elapsed 3.5 min
[train] batch 10000/11596 | elapsed 3.7 min
[train] batch 10500/11596 | elapsed 3.9 min
[train] batch 11000/11596 | elapsed 4.0 min
[train] batch 11500/11596 | elapsed 4.2 min
[train] batch 11596/11596 | elapsed 4.3 min
[validation] batch 1/1648 | elapsed 0.0 min
[validation] batch 500/1648 | elapsed 0.0 min
[validation] batch 1000/1648 | elapsed 0.1 min
[validation] batch 1500/1648 | elapsed 0.1 min
[validation] batch 1648/1648 | elapsed 0.1 min
Epoch 11/30 | Loss T:0.1289 V:0.1797 | ROC-AUC T:0.823 V:0.568 | PR-AUC T:0.806 V:0.156 | P:0.156 R:0.458
[train] batch 1/11596 | elapsed 0.0 min
[train] batch 500/11596 | elapsed 0.2 min
[train] batch 1000/11596 | elapsed 0.4 min
[train] batch 1500/11596 | elapsed 0.6 min
[train] batch 2000/11596 | elapsed 0.7 min
[train] batch 2500/11596 | elapsed 0.9 min
[train] batch 3000/11596 | elapsed 1.1 min
[train] batch 3500/11596 | elapsed 1.3 min
[train] batch 4000/11596 | elapsed 1.5 min
[train] batch 4500/11596 | elapsed 1.7 min
[train] batch 5000/11596 | elapsed 1.8 min
[train] batch 5500/11596 | elapsed 2.0 min
[train] batch 6000/11596 | elapsed 2.2 min
[train] batch 6500/11596 | elapsed 2.4 min
[train] batch 7000/11596 | elapsed 2.6 min
[train] batch 7500/11596 | elapsed 2.8 min
[train] batch 8000/11596 | elapsed 2.9 min
[train] batch 8500/11596 | elapsed 3.1 min
[train] batch 9000/11596 | elapsed 3.3 min
[train] batch 9500/11596 | elapsed 3.5 min
[train] batch 10000/11596 | elapsed 3.7 min
[train] batch 10500/11596 | elapsed 3.9 min
[train] batch 11000/11596 | elapsed 4.0 min
[train] batch 11500/11596 | elapsed 4.2 min
[train] batch 11596/11596 | elapsed 4.3 min
[validation] batch 1/1648 | elapsed 0.0 min
[validation] batch 500/1648 | elapsed 0.0 min
[validation] batch 1000/1648 | elapsed 0.1 min
[validation] batch 1500/1648 | elapsed 0.1 min
[validation] batch 1648/1648 | elapsed 0.1 min
Epoch 12/30 | Loss T:0.1272 V:0.1847 | ROC-AUC T:0.829 V:0.562 | PR-AUC T:0.812 V:0.151 | P:0.153 R:0.455
[train] batch 1/11596 | elapsed 0.0 min
[train] batch 500/11596 | elapsed 0.2 min
[train] batch 1000/11596 | elapsed 0.4 min
[train] batch 1500/11596 | elapsed 0.6 min
[train] batch 2000/11596 | elapsed 0.7 min
[train] batch 2500/11596 | elapsed 0.9 min
[train] batch 3000/11596 | elapsed 1.1 min
[train] batch 3500/11596 | elapsed 1.3 min
[train] batch 4000/11596 | elapsed 1.5 min
[train] batch 4500/11596 | elapsed 1.7 min
[train] batch 5000/11596 | elapsed 1.8 min
[train] batch 5500/11596 | elapsed 2.0 min
[train] batch 6000/11596 | elapsed 2.2 min
[train] batch 6500/11596 | elapsed 2.4 min
[train] batch 7000/11596 | elapsed 2.6 min
[train] batch 7500/11596 | elapsed 2.8 min
[train] batch 8000/11596 | elapsed 2.9 min
[train] batch 8500/11596 | elapsed 3.1 min
[train] batch 9000/11596 | elapsed 3.3 min
[train] batch 9500/11596 | elapsed 3.5 min
[train] batch 10000/11596 | elapsed 3.7 min
[train] batch 10500/11596 | elapsed 3.9 min
[train] batch 11000/11596 | elapsed 4.0 min
[train] batch 11500/11596 | elapsed 4.2 min
[train] batch 11596/11596 | elapsed 4.3 min
[validation] batch 1/1648 | elapsed 0.0 min
[validation] batch 500/1648 | elapsed 0.0 min
[validation] batch 1000/1648 | elapsed 0.1 min
[validation] batch 1500/1648 | elapsed 0.1 min
[validation] batch 1648/1648 | elapsed 0.1 min
Epoch 13/30 | Loss T:0.1257 V:0.1868 | ROC-AUC T:0.834 V:0.556 | PR-AUC T:0.817 V:0.150 | P:0.153 R:0.446
[train] batch 1/11596 | elapsed 0.0 min
[train] batch 500/11596 | elapsed 0.2 min
[train] batch 1000/11596 | elapsed 0.4 min
[train] batch 1500/11596 | elapsed 0.5 min
[train] batch 2000/11596 | elapsed 0.7 min
[train] batch 2500/11596 | elapsed 0.9 min
[train] batch 3000/11596 | elapsed 1.1 min
[train] batch 3500/11596 | elapsed 1.3 min
[train] batch 4000/11596 | elapsed 1.5 min
[train] batch 4500/11596 | elapsed 1.6 min
[train] batch 5000/11596 | elapsed 1.8 min
[train] batch 5500/11596 | elapsed 2.0 min
[train] batch 6000/11596 | elapsed 2.2 min
[train] batch 6500/11596 | elapsed 2.4 min
[train] batch 7000/11596 | elapsed 2.6 min
[train] batch 7500/11596 | elapsed 2.7 min
[train] batch 8000/11596 | elapsed 2.9 min
[train] batch 8500/11596 | elapsed 3.1 min
[train] batch 9000/11596 | elapsed 3.3 min
[train] batch 9500/11596 | elapsed 3.5 min
[train] batch 10000/11596 | elapsed 3.7 min
[train] batch 10500/11596 | elapsed 3.8 min
[train] batch 11000/11596 | elapsed 4.0 min
[train] batch 11500/11596 | elapsed 4.2 min
[train] batch 11596/11596 | elapsed 4.2 min
[validation] batch 1/1648 | elapsed 0.0 min
[validation] batch 500/1648 | elapsed 0.0 min
[validation] batch 1000/1648 | elapsed 0.1 min
[validation] batch 1500/1648 | elapsed 0.1 min
[validation] batch 1648/1648 | elapsed 0.1 min
Epoch 14/30 | Loss T:0.1245 V:0.1863 | ROC-AUC T:0.838 V:0.556 | PR-AUC T:0.820 V:0.151 | P:0.154 R:0.430
[train] batch 1/11596 | elapsed 0.0 min
[train] batch 500/11596 | elapsed 0.2 min
[train] batch 1000/11596 | elapsed 0.4 min
[train] batch 1500/11596 | elapsed 0.5 min
[train] batch 2000/11596 | elapsed 0.7 min
[train] batch 2500/11596 | elapsed 0.9 min
[train] batch 3000/11596 | elapsed 1.1 min
[train] batch 3500/11596 | elapsed 1.3 min
[train] batch 4000/11596 | elapsed 1.5 min
[train] batch 4500/11596 | elapsed 1.6 min
[train] batch 5000/11596 | elapsed 1.8 min
[train] batch 5500/11596 | elapsed 2.0 min
[train] batch 6000/11596 | elapsed 2.2 min
[train] batch 6500/11596 | elapsed 2.4 min
[train] batch 7000/11596 | elapsed 2.5 min
[train] batch 7500/11596 | elapsed 2.7 min
[train] batch 8000/11596 | elapsed 2.9 min
[train] batch 8500/11596 | elapsed 3.1 min
[train] batch 9000/11596 | elapsed 3.3 min
[train] batch 9500/11596 | elapsed 3.5 min
[train] batch 10000/11596 | elapsed 3.6 min
[train] batch 10500/11596 | elapsed 3.8 min
[train] batch 11000/11596 | elapsed 4.0 min
[train] batch 11500/11596 | elapsed 4.2 min
[train] batch 11596/11596 | elapsed 4.2 min
[validation] batch 1/1648 | elapsed 0.0 min
[validation] batch 500/1648 | elapsed 0.0 min
[validation] batch 1000/1648 | elapsed 0.1 min
[validation] batch 1500/1648 | elapsed 0.1 min
[validation] batch 1648/1648 | elapsed 0.1 min
Epoch 15/30 | Loss T:0.1227 V:0.1899 | ROC-AUC T:0.843 V:0.556 | PR-AUC T:0.827 V:0.150 | P:0.152 R:0.440
[train] batch 1/11596 | elapsed 0.0 min
[train] batch 500/11596 | elapsed 0.2 min
[train] batch 1000/11596 | elapsed 0.4 min
[train] batch 1500/11596 | elapsed 0.6 min
[train] batch 2000/11596 | elapsed 0.7 min
[train] batch 2500/11596 | elapsed 0.9 min
[train] batch 3000/11596 | elapsed 1.1 min
[train] batch 3500/11596 | elapsed 1.3 min
[train] batch 4000/11596 | elapsed 1.5 min
[train] batch 4500/11596 | elapsed 1.7 min
[train] batch 5000/11596 | elapsed 1.8 min
[train] batch 5500/11596 | elapsed 2.0 min
[train] batch 6000/11596 | elapsed 2.2 min
[train] batch 6500/11596 | elapsed 2.4 min
[train] batch 7000/11596 | elapsed 2.6 min
[train] batch 7500/11596 | elapsed 2.8 min
[train] batch 8000/11596 | elapsed 2.9 min
[train] batch 8500/11596 | elapsed 3.1 min
[train] batch 9000/11596 | elapsed 3.3 min
[train] batch 9500/11596 | elapsed 3.5 min
[train] batch 10000/11596 | elapsed 3.7 min
[train] batch 10500/11596 | elapsed 3.9 min
[train] batch 11000/11596 | elapsed 4.0 min
[train] batch 11500/11596 | elapsed 4.2 min
[train] batch 11596/11596 | elapsed 4.3 min
[validation] batch 1/1648 | elapsed 0.0 min
[validation] batch 500/1648 | elapsed 0.0 min
[validation] batch 1000/1648 | elapsed 0.1 min
[validation] batch 1500/1648 | elapsed 0.1 min
[validation] batch 1648/1648 | elapsed 0.1 min
Epoch 16/30 | Loss T:0.1214 V:0.1928 | ROC-AUC T:0.847 V:0.550 | PR-AUC T:0.830 V:0.147 | P:0.151 R:0.441
[train] batch 1/11596 | elapsed 0.0 min
[train] batch 500/11596 | elapsed 0.2 min
[train] batch 1000/11596 | elapsed 0.4 min
[train] batch 1500/11596 | elapsed 0.5 min
[train] batch 2000/11596 | elapsed 0.7 min
[train] batch 2500/11596 | elapsed 0.9 min
[train] batch 3000/11596 | elapsed 1.1 min
[train] batch 3500/11596 | elapsed 1.3 min
[train] batch 4000/11596 | elapsed 1.5 min
[train] batch 4500/11596 | elapsed 1.6 min
[train] batch 5000/11596 | elapsed 1.8 min
[train] batch 5500/11596 | elapsed 2.0 min
[train] batch 6000/11596 | elapsed 2.2 min
[train] batch 6500/11596 | elapsed 2.4 min
[train] batch 7000/11596 | elapsed 2.5 min
[train] batch 7500/11596 | elapsed 2.7 min
[train] batch 8000/11596 | elapsed 2.9 min
[train] batch 8500/11596 | elapsed 3.1 min
[train] batch 9000/11596 | elapsed 3.3 min
[train] batch 9500/11596 | elapsed 3.5 min
[train] batch 10000/11596 | elapsed 3.6 min
[train] batch 10500/11596 | elapsed 3.8 min
[train] batch 11000/11596 | elapsed 4.0 min
[train] batch 11500/11596 | elapsed 4.2 min
[train] batch 11596/11596 | elapsed 4.2 min
[validation] batch 1/1648 | elapsed 0.0 min
[validation] batch 500/1648 | elapsed 0.0 min
[validation] batch 1000/1648 | elapsed 0.1 min
[validation] batch 1500/1648 | elapsed 0.1 min
[validation] batch 1648/1648 | elapsed 0.1 min
Epoch 17/30 | Loss T:0.1207 V:0.1891 | ROC-AUC T:0.849 V:0.551 | PR-AUC T:0.833 V:0.146 | P:0.151 R:0.407
  Early Stopping: Epoch 17'de duruldu (En iyi pr_auc: 0.1571)
[validation] batch 1/1648 | elapsed 0.0 min
[validation] batch 500/1648 | elapsed 0.0 min
[validation] batch 1000/1648 | elapsed 0.1 min
[validation] batch 1500/1648 | elapsed 0.1 min
[validation] batch 1648/1648 | elapsed 0.1 min

════════════════════════════════════════════════════════════
  PURGED_multi_pure_seed51 — VALIDATION SET
════════════════════════════════════════════════════════════
  Threshold-bağımsız (ranking):
    ROC-AUC: 0.5662
    PR-AUC:  0.1571
  Optimal Threshold (MCC max from VAL): 0.5223 (val MCC=0.0751)
  Threshold-bağımlı (eşik=0.5223):
    Accuracy:  0.6565
    MCC:       0.0751
    Precision: 0.1615
    Recall:    0.4149
    F1:        0.2325

=== PURGED_multi_pure_seed51 Validation Classification Report ===
              precision    recall  f1-score   support

  Stable (0)       0.89      0.69      0.78     92214
    Risk (1)       0.16      0.41      0.23     13222

    accuracy                           0.66    105436
   macro avg       0.53      0.55      0.51    105436
weighted avg       0.80      0.66      0.71    105436

[test] batch 1/2362 | elapsed 0.0 min
[test] batch 500/2362 | elapsed 0.0 min
[test] batch 1000/2362 | elapsed 0.1 min
[test] batch 1500/2362 | elapsed 0.1 min
[test] batch 2000/2362 | elapsed 0.2 min
[test] batch 2362/2362 | elapsed 0.2 min

════════════════════════════════════════════════════════════
  PURGED_multi_pure_seed51 — TEST SET (hold-out, 2024+)
════════════════════════════════════════════════════════════
  Threshold-bağımsız (ranking):
    ROC-AUC: 0.6220
    PR-AUC:  0.1846
  Threshold-bağımlı (val'dan seçilen eşik=0.5223):
    Accuracy:  0.6535
    MCC:       0.1149
    Precision: 0.1845
    Recall:    0.4824
    F1:        0.2669

=== PURGED_multi_pure_seed51 Test Classification Report ===
              precision    recall  f1-score   support

  Stable (0)       0.90      0.68      0.77    131398
    Risk (1)       0.18      0.48      0.27     19763

    accuracy                           0.65    151161
   macro avg       0.54      0.58      0.52    151161
weighted avg       0.80      0.65      0.71    151161


  Generalization gap (val → test):
    ROC-AUC: 0.5662 → 0.6220 (Δ +0.0557)
    PR-AUC:  0.1571 → 0.1846 (Δ +0.0275)
    MCC:     0.0751 → 0.1149 (Δ +0.0398)
PASS | purged I+II seed51 | training + evaluation + export: 76.4 min
Historical outputs unchanged. Selected model, preprocessing and indexed predictions saved.
Report: \\nas.ads.mwn.de\go39lop\Desktop\Archive\results\purged_multi_pure_seed51_20260917T095310Z_ec2c653c\experiment_report.json
