[Universe] Cache: 400 hisse, 9 sektör → datasets/universe.csv
FULL EXPERIMENT | I+II+IV | seed 52 | up to 30 epochs | batch size 64
Output directory: \\nas.ads.mwn.de\go39lop\Desktop\Archive\results\purged_multi_text_seed52_20260917T131821Z_1c030679
Test is evaluated only after validation-based checkpoint selection.
GPU: NVIDIA A40
  [Metin] Modalite IV bağlandı: 9 olay + 9 LM kolonu
          Kapsama: 395/395 firma (%100.0)
          LM kolonları dolu satır oranı: %94.0

  Feature split → tech: 32 cols ('tech',) | fund: 25 cols ('fund', 'text')
[Purge] Cached-date upper bounds; unknown endpoints excluded conservatively.
[Purge] Train: {'rows': 757567, 'crossing_upper_bound': 5102, 'unknown': 2798, 'retained_endpoints': 749667}
[Purge] Validation: {'rows': 115138, 'crossing_upper_bound': 4516, 'unknown': 482, 'retained_endpoints': 110140}
  Train  (2019-12-31'e kadar): 757,567 satır | Min: 2010-01-04 | Max: 2019-12-31
  Val    (2020-01-01 → 2021-12-31): 115,138 satır | Min: 2020-01-02 | Max: 2021-12-31
  Test   (2022-01-01 → 2024-12-31): 155,550 satır | Min: 2022-01-03 | Max: 2024-12-02

  Dual-stream Dataset'ler oluşturuluyor...
  [Train]
  DualStreamSequenceDataset: 742,162 sequences | seq_len=20 | tech_dim=32 | fund_dim=25 | Kriz oranı: 12.4%
  [Val]
  DualStreamSequenceDataset: 105,436 sequences | seq_len=20 | tech_dim=32 | fund_dim=25 | Kriz oranı: 12.5%
  [Test]
  DualStreamSequenceDataset: 151,161 sequences | seq_len=20 | tech_dim=32 | fund_dim=25 | Kriz oranı: 13.1%
  [Sampling] WeightedRandomSampler train'e uygulanıyor (val/test doğal kalıyor)...
Actual test dates: 2022-01-31 00:00:00 to 2024-12-02 00:00:00
Full-panel train sequences: 742162
Full-panel validation sequences: 105436

PURGED_multi_text_seed52 Eğitimi Başlıyor (cuda) | monitor=pr_auc | lr=0.0001 | wd=0.01 | patience=8 | scheduler=plateau...
[train] batch 1/11596 | elapsed 0.0 min
[train] batch 500/11596 | elapsed 0.2 min
[train] batch 1000/11596 | elapsed 0.4 min
[train] batch 1500/11596 | elapsed 0.5 min
[train] batch 2000/11596 | elapsed 0.7 min
[train] batch 2500/11596 | elapsed 0.9 min
[train] batch 3000/11596 | elapsed 1.1 min
[train] batch 3500/11596 | elapsed 1.2 min
[train] batch 4000/11596 | elapsed 1.4 min
[train] batch 4500/11596 | elapsed 1.6 min
[train] batch 5000/11596 | elapsed 1.7 min
[train] batch 5500/11596 | elapsed 1.9 min
[train] batch 6000/11596 | elapsed 2.1 min
[train] batch 6500/11596 | elapsed 2.3 min
[train] batch 7000/11596 | elapsed 2.4 min
[train] batch 7500/11596 | elapsed 2.6 min
[train] batch 8000/11596 | elapsed 2.8 min
[train] batch 8500/11596 | elapsed 2.9 min
[train] batch 9000/11596 | elapsed 3.1 min
[train] batch 9500/11596 | elapsed 3.3 min
[train] batch 10000/11596 | elapsed 3.5 min
[train] batch 10500/11596 | elapsed 3.6 min
[train] batch 11000/11596 | elapsed 3.8 min
[train] batch 11500/11596 | elapsed 4.0 min
[train] batch 11596/11596 | elapsed 4.0 min
[validation] batch 1/1648 | elapsed 0.0 min
[validation] batch 500/1648 | elapsed 0.0 min
[validation] batch 1000/1648 | elapsed 0.1 min
[validation] batch 1500/1648 | elapsed 0.1 min
[validation] batch 1648/1648 | elapsed 0.1 min
Epoch 01/30 | Loss T:0.1591 V:0.1708 | ROC-AUC T:0.694 V:0.544 | PR-AUC T:0.670 V:0.155 | P:0.148 R:0.511
  ✓ Yeni en iyi model kaydedildi (pr_auc: 0.1552)
[train] batch 1/11596 | elapsed 0.0 min
[train] batch 500/11596 | elapsed 0.2 min
[train] batch 1000/11596 | elapsed 0.3 min
[train] batch 1500/11596 | elapsed 0.5 min
[train] batch 2000/11596 | elapsed 0.7 min
[train] batch 2500/11596 | elapsed 0.9 min
[train] batch 3000/11596 | elapsed 1.0 min
[train] batch 3500/11596 | elapsed 1.2 min
[train] batch 4000/11596 | elapsed 1.4 min
[train] batch 4500/11596 | elapsed 1.5 min
[train] batch 5000/11596 | elapsed 1.7 min
[train] batch 5500/11596 | elapsed 1.9 min
[train] batch 6000/11596 | elapsed 2.1 min
[train] batch 6500/11596 | elapsed 2.2 min
[train] batch 7000/11596 | elapsed 2.4 min
[train] batch 7500/11596 | elapsed 2.6 min
[train] batch 8000/11596 | elapsed 2.7 min
[train] batch 8500/11596 | elapsed 2.9 min
[train] batch 9000/11596 | elapsed 3.1 min
[train] batch 9500/11596 | elapsed 3.3 min
[train] batch 10000/11596 | elapsed 3.4 min
[train] batch 10500/11596 | elapsed 3.6 min
[train] batch 11000/11596 | elapsed 3.8 min
[train] batch 11500/11596 | elapsed 3.9 min
[train] batch 11596/11596 | elapsed 4.0 min
[validation] batch 1/1648 | elapsed 0.0 min
[validation] batch 500/1648 | elapsed 0.0 min
[validation] batch 1000/1648 | elapsed 0.1 min
[validation] batch 1500/1648 | elapsed 0.1 min
[validation] batch 1648/1648 | elapsed 0.1 min
Epoch 02/30 | Loss T:0.1512 V:0.1666 | ROC-AUC T:0.739 V:0.568 | PR-AUC T:0.715 V:0.161 | P:0.160 R:0.503
  ✓ Yeni en iyi model kaydedildi (pr_auc: 0.1610)
[train] batch 1/11596 | elapsed 0.0 min
[train] batch 500/11596 | elapsed 0.2 min
[train] batch 1000/11596 | elapsed 0.4 min
[train] batch 1500/11596 | elapsed 0.5 min
[train] batch 2000/11596 | elapsed 0.7 min
[train] batch 2500/11596 | elapsed 0.9 min
[train] batch 3000/11596 | elapsed 1.0 min
[train] batch 3500/11596 | elapsed 1.2 min
[train] batch 4000/11596 | elapsed 1.4 min
[train] batch 4500/11596 | elapsed 1.5 min
[train] batch 5000/11596 | elapsed 1.7 min
[train] batch 5500/11596 | elapsed 1.9 min
[train] batch 6000/11596 | elapsed 2.1 min
[train] batch 6500/11596 | elapsed 2.2 min
[train] batch 7000/11596 | elapsed 2.4 min
[train] batch 7500/11596 | elapsed 2.6 min
[train] batch 8000/11596 | elapsed 2.7 min
[train] batch 8500/11596 | elapsed 2.9 min
[train] batch 9000/11596 | elapsed 3.1 min
[train] batch 9500/11596 | elapsed 3.3 min
[train] batch 10000/11596 | elapsed 3.4 min
[train] batch 10500/11596 | elapsed 3.6 min
[train] batch 11000/11596 | elapsed 3.8 min
[train] batch 11500/11596 | elapsed 3.9 min
[train] batch 11596/11596 | elapsed 4.0 min
[validation] batch 1/1648 | elapsed 0.0 min
[validation] batch 500/1648 | elapsed 0.0 min
[validation] batch 1000/1648 | elapsed 0.1 min
[validation] batch 1500/1648 | elapsed 0.1 min
[validation] batch 1648/1648 | elapsed 0.1 min
Epoch 03/30 | Loss T:0.1458 V:0.1762 | ROC-AUC T:0.763 V:0.551 | PR-AUC T:0.743 V:0.157 | P:0.150 R:0.519
[train] batch 1/11596 | elapsed 0.0 min
[train] batch 500/11596 | elapsed 0.2 min
[train] batch 1000/11596 | elapsed 0.3 min
[train] batch 1500/11596 | elapsed 0.5 min
[train] batch 2000/11596 | elapsed 0.7 min
[train] batch 2500/11596 | elapsed 0.9 min
[train] batch 3000/11596 | elapsed 1.0 min
[train] batch 3500/11596 | elapsed 1.2 min
[train] batch 4000/11596 | elapsed 1.4 min
[train] batch 4500/11596 | elapsed 1.5 min
[train] batch 5000/11596 | elapsed 1.7 min
[train] batch 5500/11596 | elapsed 1.9 min
[train] batch 6000/11596 | elapsed 2.1 min
[train] batch 6500/11596 | elapsed 2.2 min
[train] batch 7000/11596 | elapsed 2.4 min
[train] batch 7500/11596 | elapsed 2.6 min
[train] batch 8000/11596 | elapsed 2.7 min
[train] batch 8500/11596 | elapsed 2.9 min
[train] batch 9000/11596 | elapsed 3.1 min
[train] batch 9500/11596 | elapsed 3.3 min
[train] batch 10000/11596 | elapsed 3.4 min
[train] batch 10500/11596 | elapsed 3.6 min
[train] batch 11000/11596 | elapsed 3.8 min
[train] batch 11500/11596 | elapsed 3.9 min
[train] batch 11596/11596 | elapsed 4.0 min
[validation] batch 1/1648 | elapsed 0.0 min
[validation] batch 500/1648 | elapsed 0.0 min
[validation] batch 1000/1648 | elapsed 0.1 min
[validation] batch 1500/1648 | elapsed 0.1 min
[validation] batch 1648/1648 | elapsed 0.1 min
Epoch 04/30 | Loss T:0.1407 V:0.1863 | ROC-AUC T:0.783 V:0.539 | PR-AUC T:0.763 V:0.147 | P:0.146 R:0.525
[train] batch 1/11596 | elapsed 0.0 min
[train] batch 500/11596 | elapsed 0.2 min
[train] batch 1000/11596 | elapsed 0.3 min
[train] batch 1500/11596 | elapsed 0.5 min
[train] batch 2000/11596 | elapsed 0.7 min
[train] batch 2500/11596 | elapsed 0.9 min
[train] batch 3000/11596 | elapsed 1.0 min
[train] batch 3500/11596 | elapsed 1.2 min
[train] batch 4000/11596 | elapsed 1.4 min
[train] batch 4500/11596 | elapsed 1.5 min
[train] batch 5000/11596 | elapsed 1.7 min
[train] batch 5500/11596 | elapsed 1.9 min
[train] batch 6000/11596 | elapsed 2.1 min
[train] batch 6500/11596 | elapsed 2.2 min
[train] batch 7000/11596 | elapsed 2.4 min
[train] batch 7500/11596 | elapsed 2.6 min
[train] batch 8000/11596 | elapsed 2.7 min
[train] batch 8500/11596 | elapsed 2.9 min
[train] batch 9000/11596 | elapsed 3.1 min
[train] batch 9500/11596 | elapsed 3.3 min
[train] batch 10000/11596 | elapsed 3.4 min
[train] batch 10500/11596 | elapsed 3.6 min
[train] batch 11000/11596 | elapsed 3.8 min
[train] batch 11500/11596 | elapsed 3.9 min
[train] batch 11596/11596 | elapsed 4.0 min
[validation] batch 1/1648 | elapsed 0.0 min
[validation] batch 500/1648 | elapsed 0.0 min
[validation] batch 1000/1648 | elapsed 0.1 min
[validation] batch 1500/1648 | elapsed 0.1 min
[validation] batch 1648/1648 | elapsed 0.1 min
Epoch 05/30 | Loss T:0.1360 V:0.1791 | ROC-AUC T:0.801 V:0.542 | PR-AUC T:0.781 V:0.151 | P:0.150 R:0.458
[train] batch 1/11596 | elapsed 0.0 min
[train] batch 500/11596 | elapsed 0.2 min
[train] batch 1000/11596 | elapsed 0.3 min
[train] batch 1500/11596 | elapsed 0.5 min
[train] batch 2000/11596 | elapsed 0.7 min
[train] batch 2500/11596 | elapsed 0.9 min
[train] batch 3000/11596 | elapsed 1.0 min
[train] batch 3500/11596 | elapsed 1.2 min
[train] batch 4000/11596 | elapsed 1.4 min
[train] batch 4500/11596 | elapsed 1.5 min
[train] batch 5000/11596 | elapsed 1.7 min
[train] batch 5500/11596 | elapsed 1.9 min
[train] batch 6000/11596 | elapsed 2.1 min
[train] batch 6500/11596 | elapsed 2.2 min
[train] batch 7000/11596 | elapsed 2.4 min
[train] batch 7500/11596 | elapsed 2.6 min
[train] batch 8000/11596 | elapsed 2.7 min
[train] batch 8500/11596 | elapsed 2.9 min
[train] batch 9000/11596 | elapsed 3.1 min
[train] batch 9500/11596 | elapsed 3.2 min
[train] batch 10000/11596 | elapsed 3.4 min
[train] batch 10500/11596 | elapsed 3.6 min
[train] batch 11000/11596 | elapsed 3.8 min
[train] batch 11500/11596 | elapsed 3.9 min
[train] batch 11596/11596 | elapsed 4.0 min
[validation] batch 1/1648 | elapsed 0.0 min
[validation] batch 500/1648 | elapsed 0.0 min
[validation] batch 1000/1648 | elapsed 0.1 min
[validation] batch 1500/1648 | elapsed 0.1 min
[validation] batch 1648/1648 | elapsed 0.2 min
Epoch 06/30 | Loss T:0.1314 V:0.1938 | ROC-AUC T:0.817 V:0.535 | PR-AUC T:0.799 V:0.148 | P:0.145 R:0.501
[train] batch 1/11596 | elapsed 0.0 min
[train] batch 500/11596 | elapsed 0.2 min
[train] batch 1000/11596 | elapsed 0.3 min
[train] batch 1500/11596 | elapsed 0.5 min
[train] batch 2000/11596 | elapsed 0.7 min
[train] batch 2500/11596 | elapsed 0.9 min
[train] batch 3000/11596 | elapsed 1.0 min
[train] batch 3500/11596 | elapsed 1.2 min
[train] batch 4000/11596 | elapsed 1.4 min
[train] batch 4500/11596 | elapsed 1.5 min
[train] batch 5000/11596 | elapsed 1.7 min
[train] batch 5500/11596 | elapsed 1.9 min
[train] batch 6000/11596 | elapsed 2.1 min
[train] batch 6500/11596 | elapsed 2.2 min
[train] batch 7000/11596 | elapsed 2.4 min
[train] batch 7500/11596 | elapsed 2.6 min
[train] batch 8000/11596 | elapsed 2.7 min
[train] batch 8500/11596 | elapsed 2.9 min
[train] batch 9000/11596 | elapsed 3.1 min
[train] batch 9500/11596 | elapsed 3.3 min
[train] batch 10000/11596 | elapsed 3.4 min
[train] batch 10500/11596 | elapsed 3.6 min
[train] batch 11000/11596 | elapsed 3.8 min
[train] batch 11500/11596 | elapsed 3.9 min
[train] batch 11596/11596 | elapsed 4.0 min
[validation] batch 1/1648 | elapsed 0.0 min
[validation] batch 500/1648 | elapsed 0.0 min
[validation] batch 1000/1648 | elapsed 0.1 min
[validation] batch 1500/1648 | elapsed 0.1 min
[validation] batch 1648/1648 | elapsed 0.1 min
Epoch 07/30 | Loss T:0.1271 V:0.2053 | ROC-AUC T:0.832 V:0.519 | PR-AUC T:0.813 V:0.140 | P:0.141 R:0.461
[train] batch 1/11596 | elapsed 0.0 min
[train] batch 500/11596 | elapsed 0.2 min
[train] batch 1000/11596 | elapsed 0.4 min
[train] batch 1500/11596 | elapsed 0.5 min
[train] batch 2000/11596 | elapsed 0.7 min
[train] batch 2500/11596 | elapsed 0.9 min
[train] batch 3000/11596 | elapsed 1.0 min
[train] batch 3500/11596 | elapsed 1.2 min
[train] batch 4000/11596 | elapsed 1.4 min
[train] batch 4500/11596 | elapsed 1.5 min
[train] batch 5000/11596 | elapsed 1.7 min
[train] batch 5500/11596 | elapsed 1.9 min
[train] batch 6000/11596 | elapsed 2.1 min
[train] batch 6500/11596 | elapsed 2.2 min
[train] batch 7000/11596 | elapsed 2.4 min
[train] batch 7500/11596 | elapsed 2.6 min
[train] batch 8000/11596 | elapsed 2.8 min
[train] batch 8500/11596 | elapsed 2.9 min
[train] batch 9000/11596 | elapsed 3.1 min
[train] batch 9500/11596 | elapsed 3.3 min
[train] batch 10000/11596 | elapsed 3.4 min
[train] batch 10500/11596 | elapsed 3.6 min
[train] batch 11000/11596 | elapsed 3.8 min
[train] batch 11500/11596 | elapsed 3.9 min
[train] batch 11596/11596 | elapsed 4.0 min
[validation] batch 1/1648 | elapsed 0.0 min
[validation] batch 500/1648 | elapsed 0.0 min
[validation] batch 1000/1648 | elapsed 0.1 min
[validation] batch 1500/1648 | elapsed 0.1 min
[validation] batch 1648/1648 | elapsed 0.1 min
Epoch 08/30 | Loss T:0.1222 V:0.2034 | ROC-AUC T:0.847 V:0.530 | PR-AUC T:0.829 V:0.147 | P:0.144 R:0.456
[train] batch 1/11596 | elapsed 0.0 min
[train] batch 500/11596 | elapsed 0.2 min
[train] batch 1000/11596 | elapsed 0.3 min
[train] batch 1500/11596 | elapsed 0.5 min
[train] batch 2000/11596 | elapsed 0.7 min
[train] batch 2500/11596 | elapsed 0.9 min
[train] batch 3000/11596 | elapsed 1.0 min
[train] batch 3500/11596 | elapsed 1.2 min
[train] batch 4000/11596 | elapsed 1.4 min
[train] batch 4500/11596 | elapsed 1.5 min
[train] batch 5000/11596 | elapsed 1.7 min
[train] batch 5500/11596 | elapsed 1.9 min
[train] batch 6000/11596 | elapsed 2.0 min
[train] batch 6500/11596 | elapsed 2.2 min
[train] batch 7000/11596 | elapsed 2.4 min
[train] batch 7500/11596 | elapsed 2.6 min
[train] batch 8000/11596 | elapsed 2.7 min
[train] batch 8500/11596 | elapsed 2.9 min
[train] batch 9000/11596 | elapsed 3.1 min
[train] batch 9500/11596 | elapsed 3.2 min
[train] batch 10000/11596 | elapsed 3.4 min
[train] batch 10500/11596 | elapsed 3.6 min
[train] batch 11000/11596 | elapsed 3.8 min
[train] batch 11500/11596 | elapsed 3.9 min
[train] batch 11596/11596 | elapsed 4.0 min
[validation] batch 1/1648 | elapsed 0.0 min
[validation] batch 500/1648 | elapsed 0.0 min
[validation] batch 1000/1648 | elapsed 0.1 min
[validation] batch 1500/1648 | elapsed 0.1 min
[validation] batch 1648/1648 | elapsed 0.1 min
Epoch 09/30 | Loss T:0.1195 V:0.2056 | ROC-AUC T:0.855 V:0.524 | PR-AUC T:0.837 V:0.143 | P:0.144 R:0.435
[train] batch 1/11596 | elapsed 0.0 min
[train] batch 500/11596 | elapsed 0.2 min
[train] batch 1000/11596 | elapsed 0.3 min
[train] batch 1500/11596 | elapsed 0.5 min
[train] batch 2000/11596 | elapsed 0.7 min
[train] batch 2500/11596 | elapsed 0.9 min
[train] batch 3000/11596 | elapsed 1.0 min
[train] batch 3500/11596 | elapsed 1.2 min
[train] batch 4000/11596 | elapsed 1.4 min
[train] batch 4500/11596 | elapsed 1.5 min
[train] batch 5000/11596 | elapsed 1.7 min
[train] batch 5500/11596 | elapsed 1.9 min
[train] batch 6000/11596 | elapsed 2.1 min
[train] batch 6500/11596 | elapsed 2.2 min
[train] batch 7000/11596 | elapsed 2.4 min
[train] batch 7500/11596 | elapsed 2.6 min
[train] batch 8000/11596 | elapsed 2.7 min
[train] batch 8500/11596 | elapsed 2.9 min
[train] batch 9000/11596 | elapsed 3.1 min
[train] batch 9500/11596 | elapsed 3.3 min
[train] batch 10000/11596 | elapsed 3.4 min
[train] batch 10500/11596 | elapsed 3.6 min
[train] batch 11000/11596 | elapsed 3.8 min
[train] batch 11500/11596 | elapsed 3.9 min
[train] batch 11596/11596 | elapsed 4.0 min
[validation] batch 1/1648 | elapsed 0.0 min
[validation] batch 500/1648 | elapsed 0.0 min
[validation] batch 1000/1648 | elapsed 0.1 min
[validation] batch 1500/1648 | elapsed 0.1 min
[validation] batch 1648/1648 | elapsed 0.1 min
Epoch 10/30 | Loss T:0.1174 V:0.2168 | ROC-AUC T:0.861 V:0.525 | PR-AUC T:0.844 V:0.142 | P:0.142 R:0.453
  Early Stopping: Epoch 10'de duruldu (En iyi pr_auc: 0.1610)
[validation] batch 1/1648 | elapsed 0.0 min
[validation] batch 500/1648 | elapsed 0.0 min
[validation] batch 1000/1648 | elapsed 0.1 min
[validation] batch 1500/1648 | elapsed 0.1 min
[validation] batch 1648/1648 | elapsed 0.1 min

════════════════════════════════════════════════════════════
  PURGED_multi_text_seed52 — VALIDATION SET
════════════════════════════════════════════════════════════
  Threshold-bağımsız (ranking):
    ROC-AUC: 0.5677
    PR-AUC:  0.1610
  Optimal Threshold (MCC max from VAL): 0.5239 (val MCC=0.0887)
  Threshold-bağımlı (eşik=0.5239):
    Accuracy:  0.6851
    MCC:       0.0887
    Precision: 0.1715
    Recall:    0.3945
    F1:        0.2391

=== PURGED_multi_text_seed52 Validation Classification Report ===
              precision    recall  f1-score   support

  Stable (0)       0.89      0.73      0.80     92214
    Risk (1)       0.17      0.39      0.24     13222

    accuracy                           0.69    105436
   macro avg       0.53      0.56      0.52    105436
weighted avg       0.80      0.69      0.73    105436

[test] batch 1/2362 | elapsed 0.0 min
[test] batch 500/2362 | elapsed 0.0 min
[test] batch 1000/2362 | elapsed 0.1 min
[test] batch 1500/2362 | elapsed 0.1 min
[test] batch 2000/2362 | elapsed 0.2 min
[test] batch 2362/2362 | elapsed 0.2 min

════════════════════════════════════════════════════════════
  PURGED_multi_text_seed52 — TEST SET (hold-out, 2024+)
════════════════════════════════════════════════════════════
  Threshold-bağımsız (ranking):
    ROC-AUC: 0.6408
    PR-AUC:  0.1988
  Threshold-bağımlı (val'dan seçilen eşik=0.5239):
    Accuracy:  0.6990
    MCC:       0.1302
    Precision: 0.2004
    Recall:    0.4355
    F1:        0.2745

=== PURGED_multi_text_seed52 Test Classification Report ===
              precision    recall  f1-score   support

  Stable (0)       0.90      0.74      0.81    131398
    Risk (1)       0.20      0.44      0.27     19763

    accuracy                           0.70    151161
   macro avg       0.55      0.59      0.54    151161
weighted avg       0.81      0.70      0.74    151161


  Generalization gap (val → test):
    ROC-AUC: 0.5677 → 0.6408 (Δ +0.0732)
    PR-AUC:  0.1610 → 0.1988 (Δ +0.0379)
    MCC:     0.0887 → 0.1302 (Δ +0.0415)
PASS | purged I+II+IV seed52 | training + evaluation + export: 42.6 min
Historical outputs unchanged. Selected model, preprocessing and indexed predictions saved.
Report: \\nas.ads.mwn.de\go39lop\Desktop\Archive\results\purged_multi_text_seed52_20260917T131821Z_1c030679\experiment_report.json
