[Universe] Cache: 400 hisse, 9 sektör → datasets/universe.csv
FULL EXPERIMENT | I+II | seed 44 | up to 30 epochs | batch size 64
Output directory: \\nas.ads.mwn.de\go39lop\Desktop\Archive\results\purged_multi_pure_seed44_20260916T185606Z_48428ad9
Test is evaluated only after validation-based checkpoint selection.
GPU: NVIDIA A40

  Feature split → tech: 32 cols ('tech',) | fund: 6 cols ('fund',)
[Purge] Cached-date upper bounds; unknown endpoints excluded conservatively.
[Purge] Train: {'rows': 757567, 'crossing_upper_bound': 5102, 'unknown': 2798, 'retained_endpoints': 749667}
[Purge] Validation: {'rows': 115138, 'crossing_upper_bound': 4516, 'unknown': 482, 'retained_endpoints': 110140}
  Train  (2019-12-31'e kadar): 757,567 satır | Min: 2010-01-04 | Max: 2019-12-31
  Val    (2020-01-01 → 2021-12-31): 115,138 satır | Min: 2020-01-02 | Max: 2021-12-31
  Test   (2022-01-01 → 2024-12-31): 155,550 satır | Min: 2022-01-03 | Max: 2024-12-02

  Dual-stream Dataset'ler oluşturuluyor...
  [Train]
  DualStreamSequenceDataset: 742,162 sequences | seq_len=20 | tech_dim=32 | fund_dim=6 | Kriz oranı: 12.4%
  [Val]
  DualStreamSequenceDataset: 105,436 sequences | seq_len=20 | tech_dim=32 | fund_dim=6 | Kriz oranı: 12.5%
  [Test]
  DualStreamSequenceDataset: 151,161 sequences | seq_len=20 | tech_dim=32 | fund_dim=6 | Kriz oranı: 13.1%
  [Sampling] WeightedRandomSampler train'e uygulanıyor (val/test doğal kalıyor)...
Actual test dates: 2022-01-31 00:00:00 to 2024-12-02 00:00:00
Full-panel train sequences: 742162
Full-panel validation sequences: 105436

PURGED_multi_pure_seed44 Eğitimi Başlıyor (cuda) | monitor=pr_auc | lr=0.0001 | wd=0.01 | patience=8 | scheduler=plateau...
[train] batch 1/11596 | elapsed 0.0 min
[train] batch 500/11596 | elapsed 0.2 min
[train] batch 1000/11596 | elapsed 0.4 min
[train] batch 1500/11596 | elapsed 0.6 min
[train] batch 2000/11596 | elapsed 0.8 min
[train] batch 2500/11596 | elapsed 1.0 min
[train] batch 3000/11596 | elapsed 1.2 min
[train] batch 3500/11596 | elapsed 1.3 min
[train] batch 4000/11596 | elapsed 1.5 min
[train] batch 4500/11596 | elapsed 1.7 min
[train] batch 5000/11596 | elapsed 1.9 min
[train] batch 5500/11596 | elapsed 2.1 min
[train] batch 6000/11596 | elapsed 2.3 min
[train] batch 6500/11596 | elapsed 2.5 min
[train] batch 7000/11596 | elapsed 2.6 min
[train] batch 7500/11596 | elapsed 2.8 min
[train] batch 8000/11596 | elapsed 3.0 min
[train] batch 8500/11596 | elapsed 3.2 min
[train] batch 9000/11596 | elapsed 3.4 min
[train] batch 9500/11596 | elapsed 3.6 min
[train] batch 10000/11596 | elapsed 3.8 min
[train] batch 10500/11596 | elapsed 3.9 min
[train] batch 11000/11596 | elapsed 4.1 min
[train] batch 11500/11596 | elapsed 4.3 min
[train] batch 11596/11596 | elapsed 4.4 min
[validation] batch 1/1648 | elapsed 0.0 min
[validation] batch 500/1648 | elapsed 0.0 min
[validation] batch 1000/1648 | elapsed 0.1 min
[validation] batch 1500/1648 | elapsed 0.1 min
[validation] batch 1648/1648 | elapsed 0.1 min
Epoch 01/30 | Loss T:0.1627 V:0.1800 | ROC-AUC T:0.666 V:0.572 | PR-AUC T:0.639 V:0.160 | P:0.146 R:0.607
  ✓ Yeni en iyi model kaydedildi (pr_auc: 0.1601)
[train] batch 1/11596 | elapsed 0.0 min
[train] batch 500/11596 | elapsed 0.2 min
[train] batch 1000/11596 | elapsed 0.4 min
[train] batch 1500/11596 | elapsed 0.6 min
[train] batch 2000/11596 | elapsed 0.8 min
[train] batch 2500/11596 | elapsed 0.9 min
[train] batch 3000/11596 | elapsed 1.1 min
[train] batch 3500/11596 | elapsed 1.3 min
[train] batch 4000/11596 | elapsed 1.5 min
[train] batch 4500/11596 | elapsed 1.7 min
[train] batch 5000/11596 | elapsed 1.9 min
[train] batch 5500/11596 | elapsed 2.1 min
[train] batch 6000/11596 | elapsed 2.3 min
[train] batch 6500/11596 | elapsed 2.4 min
[train] batch 7000/11596 | elapsed 2.6 min
[train] batch 7500/11596 | elapsed 2.8 min
[train] batch 8000/11596 | elapsed 3.0 min
[train] batch 8500/11596 | elapsed 3.2 min
[train] batch 9000/11596 | elapsed 3.4 min
[train] batch 9500/11596 | elapsed 3.6 min
[train] batch 10000/11596 | elapsed 3.8 min
[train] batch 10500/11596 | elapsed 3.9 min
[train] batch 11000/11596 | elapsed 4.1 min
[train] batch 11500/11596 | elapsed 4.3 min
[train] batch 11596/11596 | elapsed 4.4 min
[validation] batch 1/1648 | elapsed 0.0 min
[validation] batch 500/1648 | elapsed 0.0 min
[validation] batch 1000/1648 | elapsed 0.1 min
[validation] batch 1500/1648 | elapsed 0.1 min
[validation] batch 1648/1648 | elapsed 0.1 min
Epoch 02/30 | Loss T:0.1567 V:0.1845 | ROC-AUC T:0.706 V:0.546 | PR-AUC T:0.679 V:0.146 | P:0.141 R:0.586
[train] batch 1/11596 | elapsed 0.0 min
[train] batch 500/11596 | elapsed 0.2 min
[train] batch 1000/11596 | elapsed 0.4 min
[train] batch 1500/11596 | elapsed 0.6 min
[train] batch 2000/11596 | elapsed 0.8 min
[train] batch 2500/11596 | elapsed 0.9 min
[train] batch 3000/11596 | elapsed 1.1 min
[train] batch 3500/11596 | elapsed 1.3 min
[train] batch 4000/11596 | elapsed 1.5 min
[train] batch 4500/11596 | elapsed 1.7 min
[train] batch 5000/11596 | elapsed 1.9 min
[train] batch 5500/11596 | elapsed 2.1 min
[train] batch 6000/11596 | elapsed 2.2 min
[train] batch 6500/11596 | elapsed 2.4 min
[train] batch 7000/11596 | elapsed 2.6 min
[train] batch 7500/11596 | elapsed 2.8 min
[train] batch 8000/11596 | elapsed 3.0 min
[train] batch 8500/11596 | elapsed 3.2 min
[train] batch 9000/11596 | elapsed 3.4 min
[train] batch 9500/11596 | elapsed 3.5 min
[train] batch 10000/11596 | elapsed 3.7 min
[train] batch 10500/11596 | elapsed 3.9 min
[train] batch 11000/11596 | elapsed 4.1 min
[train] batch 11500/11596 | elapsed 4.3 min
[train] batch 11596/11596 | elapsed 4.3 min
[validation] batch 1/1648 | elapsed 0.0 min
[validation] batch 500/1648 | elapsed 0.0 min
[validation] batch 1000/1648 | elapsed 0.1 min
[validation] batch 1500/1648 | elapsed 0.1 min
[validation] batch 1648/1648 | elapsed 0.1 min
Epoch 03/30 | Loss T:0.1524 V:0.1883 | ROC-AUC T:0.729 V:0.556 | PR-AUC T:0.705 V:0.152 | P:0.146 R:0.582
[train] batch 1/11596 | elapsed 0.0 min
[train] batch 500/11596 | elapsed 0.2 min
[train] batch 1000/11596 | elapsed 0.4 min
[train] batch 1500/11596 | elapsed 0.6 min
[train] batch 2000/11596 | elapsed 0.8 min
[train] batch 2500/11596 | elapsed 0.9 min
[train] batch 3000/11596 | elapsed 1.1 min
[train] batch 3500/11596 | elapsed 1.3 min
[train] batch 4000/11596 | elapsed 1.5 min
[train] batch 4500/11596 | elapsed 1.7 min
[train] batch 5000/11596 | elapsed 1.9 min
[train] batch 5500/11596 | elapsed 2.1 min
[train] batch 6000/11596 | elapsed 2.2 min
[train] batch 6500/11596 | elapsed 2.4 min
[train] batch 7000/11596 | elapsed 2.6 min
[train] batch 7500/11596 | elapsed 2.8 min
[train] batch 8000/11596 | elapsed 3.0 min
[train] batch 8500/11596 | elapsed 3.2 min
[train] batch 9000/11596 | elapsed 3.3 min
[train] batch 9500/11596 | elapsed 3.5 min
[train] batch 10000/11596 | elapsed 3.7 min
[train] batch 10500/11596 | elapsed 3.9 min
[train] batch 11000/11596 | elapsed 4.1 min
[train] batch 11500/11596 | elapsed 4.3 min
[train] batch 11596/11596 | elapsed 4.3 min
[validation] batch 1/1648 | elapsed 0.0 min
[validation] batch 500/1648 | elapsed 0.0 min
[validation] batch 1000/1648 | elapsed 0.1 min
[validation] batch 1500/1648 | elapsed 0.1 min
[validation] batch 1648/1648 | elapsed 0.1 min
Epoch 04/30 | Loss T:0.1486 V:0.1718 | ROC-AUC T:0.747 V:0.576 | PR-AUC T:0.725 V:0.159 | P:0.158 R:0.534
[train] batch 1/11596 | elapsed 0.0 min
[train] batch 500/11596 | elapsed 0.2 min
[train] batch 1000/11596 | elapsed 0.4 min
[train] batch 1500/11596 | elapsed 0.6 min
[train] batch 2000/11596 | elapsed 0.7 min
[train] batch 2500/11596 | elapsed 0.9 min
[train] batch 3000/11596 | elapsed 1.1 min
[train] batch 3500/11596 | elapsed 1.3 min
[train] batch 4000/11596 | elapsed 1.5 min
[train] batch 4500/11596 | elapsed 1.7 min
[train] batch 5000/11596 | elapsed 1.9 min
[train] batch 5500/11596 | elapsed 2.1 min
[train] batch 6000/11596 | elapsed 2.3 min
[train] batch 6500/11596 | elapsed 2.4 min
[train] batch 7000/11596 | elapsed 2.6 min
[train] batch 7500/11596 | elapsed 2.8 min
[train] batch 8000/11596 | elapsed 3.0 min
[train] batch 8500/11596 | elapsed 3.2 min
[train] batch 9000/11596 | elapsed 3.4 min
[train] batch 9500/11596 | elapsed 3.6 min
[train] batch 10000/11596 | elapsed 3.8 min
[train] batch 10500/11596 | elapsed 3.9 min
[train] batch 11000/11596 | elapsed 4.1 min
[train] batch 11500/11596 | elapsed 4.3 min
[train] batch 11596/11596 | elapsed 4.3 min
[validation] batch 1/1648 | elapsed 0.0 min
[validation] batch 500/1648 | elapsed 0.0 min
[validation] batch 1000/1648 | elapsed 0.1 min
[validation] batch 1500/1648 | elapsed 0.1 min
[validation] batch 1648/1648 | elapsed 0.1 min
Epoch 05/30 | Loss T:0.1452 V:0.1772 | ROC-AUC T:0.762 V:0.549 | PR-AUC T:0.742 V:0.147 | P:0.151 R:0.487
[train] batch 1/11596 | elapsed 0.0 min
[train] batch 500/11596 | elapsed 0.2 min
[train] batch 1000/11596 | elapsed 0.4 min
[train] batch 1500/11596 | elapsed 0.6 min
[train] batch 2000/11596 | elapsed 0.8 min
[train] batch 2500/11596 | elapsed 0.9 min
[train] batch 3000/11596 | elapsed 1.1 min
[train] batch 3500/11596 | elapsed 1.3 min
[train] batch 4000/11596 | elapsed 1.5 min
[train] batch 4500/11596 | elapsed 1.7 min
[train] batch 5000/11596 | elapsed 1.9 min
[train] batch 5500/11596 | elapsed 2.0 min
[train] batch 6000/11596 | elapsed 2.2 min
[train] batch 6500/11596 | elapsed 2.4 min
[train] batch 7000/11596 | elapsed 2.6 min
[train] batch 7500/11596 | elapsed 2.8 min
[train] batch 8000/11596 | elapsed 3.0 min
[train] batch 8500/11596 | elapsed 3.2 min
[train] batch 9000/11596 | elapsed 3.3 min
[train] batch 9500/11596 | elapsed 3.5 min
[train] batch 10000/11596 | elapsed 3.7 min
[train] batch 10500/11596 | elapsed 3.9 min
[train] batch 11000/11596 | elapsed 4.1 min
[train] batch 11500/11596 | elapsed 4.3 min
[train] batch 11596/11596 | elapsed 4.3 min
[validation] batch 1/1648 | elapsed 0.0 min
[validation] batch 500/1648 | elapsed 0.0 min
[validation] batch 1000/1648 | elapsed 0.1 min
[validation] batch 1500/1648 | elapsed 0.1 min
[validation] batch 1648/1648 | elapsed 0.1 min
Epoch 06/30 | Loss T:0.1417 V:0.1860 | ROC-AUC T:0.777 V:0.562 | PR-AUC T:0.758 V:0.151 | P:0.150 R:0.538
[train] batch 1/11596 | elapsed 0.0 min
[train] batch 500/11596 | elapsed 0.2 min
[train] batch 1000/11596 | elapsed 0.4 min
[train] batch 1500/11596 | elapsed 0.6 min
[train] batch 2000/11596 | elapsed 0.7 min
[train] batch 2500/11596 | elapsed 0.9 min
[train] batch 3000/11596 | elapsed 1.1 min
[train] batch 3500/11596 | elapsed 1.3 min
[train] batch 4000/11596 | elapsed 1.5 min
[train] batch 4500/11596 | elapsed 1.7 min
[train] batch 5000/11596 | elapsed 1.8 min
[train] batch 5500/11596 | elapsed 2.0 min
[train] batch 6000/11596 | elapsed 2.2 min
[train] batch 6500/11596 | elapsed 2.4 min
[train] batch 7000/11596 | elapsed 2.6 min
[train] batch 7500/11596 | elapsed 2.8 min
[train] batch 8000/11596 | elapsed 3.0 min
[train] batch 8500/11596 | elapsed 3.1 min
[train] batch 9000/11596 | elapsed 3.3 min
[train] batch 9500/11596 | elapsed 3.5 min
[train] batch 10000/11596 | elapsed 3.7 min
[train] batch 10500/11596 | elapsed 3.9 min
[train] batch 11000/11596 | elapsed 4.0 min
[train] batch 11500/11596 | elapsed 4.2 min
[train] batch 11596/11596 | elapsed 4.3 min
[validation] batch 1/1648 | elapsed 0.0 min
[validation] batch 500/1648 | elapsed 0.0 min
[validation] batch 1000/1648 | elapsed 0.1 min
[validation] batch 1500/1648 | elapsed 0.1 min
[validation] batch 1648/1648 | elapsed 0.1 min
Epoch 07/30 | Loss T:0.1382 V:0.1973 | ROC-AUC T:0.790 V:0.550 | PR-AUC T:0.772 V:0.145 | P:0.146 R:0.553
[train] batch 1/11596 | elapsed 0.0 min
[train] batch 500/11596 | elapsed 0.2 min
[train] batch 1000/11596 | elapsed 0.4 min
[train] batch 1500/11596 | elapsed 0.6 min
[train] batch 2000/11596 | elapsed 0.7 min
[train] batch 2500/11596 | elapsed 0.9 min
[train] batch 3000/11596 | elapsed 1.1 min
[train] batch 3500/11596 | elapsed 1.3 min
[train] batch 4000/11596 | elapsed 1.5 min
[train] batch 4500/11596 | elapsed 1.7 min
[train] batch 5000/11596 | elapsed 1.8 min
[train] batch 5500/11596 | elapsed 2.0 min
[train] batch 6000/11596 | elapsed 2.2 min
[train] batch 6500/11596 | elapsed 2.4 min
[train] batch 7000/11596 | elapsed 2.6 min
[train] batch 7500/11596 | elapsed 2.7 min
[train] batch 8000/11596 | elapsed 2.9 min
[train] batch 8500/11596 | elapsed 3.1 min
[train] batch 9000/11596 | elapsed 3.3 min
[train] batch 9500/11596 | elapsed 3.5 min
[train] batch 10000/11596 | elapsed 3.7 min
[train] batch 10500/11596 | elapsed 3.8 min
[train] batch 11000/11596 | elapsed 4.0 min
[train] batch 11500/11596 | elapsed 4.2 min
[train] batch 11596/11596 | elapsed 4.3 min
[validation] batch 1/1648 | elapsed 0.0 min
[validation] batch 500/1648 | elapsed 0.0 min
[validation] batch 1000/1648 | elapsed 0.1 min
[validation] batch 1500/1648 | elapsed 0.1 min
[validation] batch 1648/1648 | elapsed 0.1 min
Epoch 08/30 | Loss T:0.1364 V:0.1939 | ROC-AUC T:0.797 V:0.558 | PR-AUC T:0.779 V:0.148 | P:0.150 R:0.543
[train] batch 1/11596 | elapsed 0.0 min
[train] batch 500/11596 | elapsed 0.2 min
[train] batch 1000/11596 | elapsed 0.4 min
[train] batch 1500/11596 | elapsed 0.6 min
[train] batch 2000/11596 | elapsed 0.7 min
[train] batch 2500/11596 | elapsed 0.9 min
[train] batch 3000/11596 | elapsed 1.1 min
[train] batch 3500/11596 | elapsed 1.3 min
[train] batch 4000/11596 | elapsed 1.5 min
[train] batch 4500/11596 | elapsed 1.7 min
[train] batch 5000/11596 | elapsed 1.8 min
[train] batch 5500/11596 | elapsed 2.0 min
[train] batch 6000/11596 | elapsed 2.2 min
[train] batch 6500/11596 | elapsed 2.4 min
[train] batch 7000/11596 | elapsed 2.6 min
[train] batch 7500/11596 | elapsed 2.8 min
[train] batch 8000/11596 | elapsed 2.9 min
[train] batch 8500/11596 | elapsed 3.1 min
[train] batch 9000/11596 | elapsed 3.3 min
[train] batch 9500/11596 | elapsed 3.5 min
[train] batch 10000/11596 | elapsed 3.7 min
[train] batch 10500/11596 | elapsed 3.9 min
[train] batch 11000/11596 | elapsed 4.0 min
[train] batch 11500/11596 | elapsed 4.2 min
[train] batch 11596/11596 | elapsed 4.3 min
[validation] batch 1/1648 | elapsed 0.0 min
[validation] batch 500/1648 | elapsed 0.0 min
[validation] batch 1000/1648 | elapsed 0.1 min
[validation] batch 1500/1648 | elapsed 0.1 min
[validation] batch 1648/1648 | elapsed 0.1 min
Epoch 09/30 | Loss T:0.1348 V:0.1899 | ROC-AUC T:0.803 V:0.559 | PR-AUC T:0.785 V:0.149 | P:0.150 R:0.516
  Early Stopping: Epoch 9'de duruldu (En iyi pr_auc: 0.1601)
[validation] batch 1/1648 | elapsed 0.0 min
[validation] batch 500/1648 | elapsed 0.0 min
[validation] batch 1000/1648 | elapsed 0.1 min
[validation] batch 1500/1648 | elapsed 0.1 min
[validation] batch 1648/1648 | elapsed 0.1 min

════════════════════════════════════════════════════════════
  PURGED_multi_pure_seed44 — VALIDATION SET
════════════════════════════════════════════════════════════
  Threshold-bağımsız (ranking):
    ROC-AUC: 0.5719
    PR-AUC:  0.1601
  Optimal Threshold (MCC max from VAL): 0.5423 (val MCC=0.0882)
  Threshold-bağımlı (eşik=0.5423):
    Accuracy:  0.6924
    MCC:       0.0882
    Precision: 0.1724
    Recall:    0.3825
    F1:        0.2377

=== PURGED_multi_pure_seed44 Validation Classification Report ===
              precision    recall  f1-score   support

  Stable (0)       0.89      0.74      0.81     92214
    Risk (1)       0.17      0.38      0.24     13222

    accuracy                           0.69    105436
   macro avg       0.53      0.56      0.52    105436
weighted avg       0.80      0.69      0.74    105436

[test] batch 1/2362 | elapsed 0.0 min
[test] batch 500/2362 | elapsed 0.0 min
[test] batch 1000/2362 | elapsed 0.1 min
[test] batch 1500/2362 | elapsed 0.1 min
[test] batch 2000/2362 | elapsed 0.2 min
[test] batch 2362/2362 | elapsed 0.2 min

════════════════════════════════════════════════════════════
  PURGED_multi_pure_seed44 — TEST SET (hold-out, 2024+)
════════════════════════════════════════════════════════════
  Threshold-bağımsız (ranking):
    ROC-AUC: 0.6488
    PR-AUC:  0.2055
  Threshold-bağımlı (val'dan seçilen eşik=0.5423):
    Accuracy:  0.7150
    MCC:       0.1379
    Precision: 0.2083
    Recall:    0.4213
    F1:        0.2788

=== PURGED_multi_pure_seed44 Test Classification Report ===
              precision    recall  f1-score   support

  Stable (0)       0.90      0.76      0.82    131398
    Risk (1)       0.21      0.42      0.28     19763

    accuracy                           0.71    151161
   macro avg       0.55      0.59      0.55    151161
weighted avg       0.81      0.71      0.75    151161


  Generalization gap (val → test):
    ROC-AUC: 0.5719 → 0.6488 (Δ +0.0769)
    PR-AUC:  0.1601 → 0.2055 (Δ +0.0454)
    MCC:     0.0882 → 0.1379 (Δ +0.0498)
PASS | purged I+II seed44 | training + evaluation + export: 41.4 min
Historical outputs unchanged. Selected model, preprocessing and indexed predictions saved.
Report: \\nas.ads.mwn.de\go39lop\Desktop\Archive\results\purged_multi_pure_seed44_20260916T185606Z_48428ad9\experiment_report.json
