[Universe] Cache: 400 hisse, 9 sektör → datasets/universe.csv
FULL EXPERIMENT | I+II | seed 47 | up to 30 epochs | batch size 64
Output directory: \\nas.ads.mwn.de\go39lop\Desktop\Archive\results\purged_multi_pure_seed47_20260917T005118Z_064a55c1
Test is evaluated only after validation-based checkpoint selection.
GPU: NVIDIA A40

  Feature split → tech: 32 cols ('tech',) | fund: 6 cols ('fund',)
[Purge] Cached-date upper bounds; unknown endpoints excluded conservatively.
[Purge] Train: {'rows': 757567, 'crossing_upper_bound': 5102, 'unknown': 2798, 'retained_endpoints': 749667}
[Purge] Validation: {'rows': 115138, 'crossing_upper_bound': 4516, 'unknown': 482, 'retained_endpoints': 110140}
  Train  (2019-12-31'e kadar): 757,567 satır | Min: 2010-01-04 | Max: 2019-12-31
  Val    (2020-01-01 → 2021-12-31): 115,138 satır | Min: 2020-01-02 | Max: 2021-12-31
  Test   (2022-01-01 → 2024-12-31): 155,550 satır | Min: 2022-01-03 | Max: 2024-12-02

  Dual-stream Dataset'ler oluşturuluyor...
  [Train]
  DualStreamSequenceDataset: 742,162 sequences | seq_len=20 | tech_dim=32 | fund_dim=6 | Kriz oranı: 12.4%
  [Val]
  DualStreamSequenceDataset: 105,436 sequences | seq_len=20 | tech_dim=32 | fund_dim=6 | Kriz oranı: 12.5%
  [Test]
  DualStreamSequenceDataset: 151,161 sequences | seq_len=20 | tech_dim=32 | fund_dim=6 | Kriz oranı: 13.1%
  [Sampling] WeightedRandomSampler train'e uygulanıyor (val/test doğal kalıyor)...
Actual test dates: 2022-01-31 00:00:00 to 2024-12-02 00:00:00
Full-panel train sequences: 742162
Full-panel validation sequences: 105436

PURGED_multi_pure_seed47 Eğitimi Başlıyor (cuda) | monitor=pr_auc | lr=0.0001 | wd=0.01 | patience=8 | scheduler=plateau...
[train] batch 1/11596 | elapsed 0.0 min
[train] batch 500/11596 | elapsed 0.2 min
[train] batch 1000/11596 | elapsed 0.4 min
[train] batch 1500/11596 | elapsed 0.6 min
[train] batch 2000/11596 | elapsed 0.8 min
[train] batch 2500/11596 | elapsed 1.0 min
[train] batch 3000/11596 | elapsed 1.2 min
[train] batch 3500/11596 | elapsed 1.3 min
[train] batch 4000/11596 | elapsed 1.5 min
[train] batch 4500/11596 | elapsed 1.7 min
[train] batch 5000/11596 | elapsed 1.9 min
[train] batch 5500/11596 | elapsed 2.1 min
[train] batch 6000/11596 | elapsed 2.3 min
[train] batch 6500/11596 | elapsed 2.5 min
[train] batch 7000/11596 | elapsed 2.6 min
[train] batch 7500/11596 | elapsed 2.8 min
[train] batch 8000/11596 | elapsed 3.0 min
[train] batch 8500/11596 | elapsed 3.2 min
[train] batch 9000/11596 | elapsed 3.4 min
[train] batch 9500/11596 | elapsed 3.6 min
[train] batch 10000/11596 | elapsed 3.8 min
[train] batch 10500/11596 | elapsed 3.9 min
[train] batch 11000/11596 | elapsed 4.1 min
[train] batch 11500/11596 | elapsed 4.3 min
[train] batch 11596/11596 | elapsed 4.3 min
[validation] batch 1/1648 | elapsed 0.0 min
[validation] batch 500/1648 | elapsed 0.0 min
[validation] batch 1000/1648 | elapsed 0.1 min
[validation] batch 1500/1648 | elapsed 0.1 min
[validation] batch 1648/1648 | elapsed 0.2 min
Epoch 01/30 | Loss T:0.1627 V:0.1578 | ROC-AUC T:0.666 V:0.602 | PR-AUC T:0.639 V:0.171 | P:0.166 R:0.522
  ✓ Yeni en iyi model kaydedildi (pr_auc: 0.1706)
[train] batch 1/11596 | elapsed 0.0 min
[train] batch 500/11596 | elapsed 0.2 min
[train] batch 1000/11596 | elapsed 0.4 min
[train] batch 1500/11596 | elapsed 0.6 min
[train] batch 2000/11596 | elapsed 0.7 min
[train] batch 2500/11596 | elapsed 0.9 min
[train] batch 3000/11596 | elapsed 1.1 min
[train] batch 3500/11596 | elapsed 1.3 min
[train] batch 4000/11596 | elapsed 1.5 min
[train] batch 4500/11596 | elapsed 1.7 min
[train] batch 5000/11596 | elapsed 1.8 min
[train] batch 5500/11596 | elapsed 2.0 min
[train] batch 6000/11596 | elapsed 2.2 min
[train] batch 6500/11596 | elapsed 2.4 min
[train] batch 7000/11596 | elapsed 2.6 min
[train] batch 7500/11596 | elapsed 2.8 min
[train] batch 8000/11596 | elapsed 3.0 min
[train] batch 8500/11596 | elapsed 3.1 min
[train] batch 9000/11596 | elapsed 3.3 min
[train] batch 9500/11596 | elapsed 3.5 min
[train] batch 10000/11596 | elapsed 3.7 min
[train] batch 10500/11596 | elapsed 3.9 min
[train] batch 11000/11596 | elapsed 4.1 min
[train] batch 11500/11596 | elapsed 4.3 min
[train] batch 11596/11596 | elapsed 4.3 min
[validation] batch 1/1648 | elapsed 0.0 min
[validation] batch 500/1648 | elapsed 0.0 min
[validation] batch 1000/1648 | elapsed 0.1 min
[validation] batch 1500/1648 | elapsed 0.1 min
[validation] batch 1648/1648 | elapsed 0.1 min
Epoch 02/30 | Loss T:0.1572 V:0.1730 | ROC-AUC T:0.702 V:0.585 | PR-AUC T:0.676 V:0.163 | P:0.157 R:0.582
[train] batch 1/11596 | elapsed 0.0 min
[train] batch 500/11596 | elapsed 0.2 min
[train] batch 1000/11596 | elapsed 0.4 min
[train] batch 1500/11596 | elapsed 0.6 min
[train] batch 2000/11596 | elapsed 0.7 min
[train] batch 2500/11596 | elapsed 0.9 min
[train] batch 3000/11596 | elapsed 1.1 min
[train] batch 3500/11596 | elapsed 1.3 min
[train] batch 4000/11596 | elapsed 1.5 min
[train] batch 4500/11596 | elapsed 1.7 min
[train] batch 5000/11596 | elapsed 1.9 min
[train] batch 5500/11596 | elapsed 2.0 min
[train] batch 6000/11596 | elapsed 2.2 min
[train] batch 6500/11596 | elapsed 2.4 min
[train] batch 7000/11596 | elapsed 2.6 min
[train] batch 7500/11596 | elapsed 2.8 min
[train] batch 8000/11596 | elapsed 3.0 min
[train] batch 8500/11596 | elapsed 3.2 min
[train] batch 9000/11596 | elapsed 3.4 min
[train] batch 9500/11596 | elapsed 3.5 min
[train] batch 10000/11596 | elapsed 3.7 min
[train] batch 10500/11596 | elapsed 3.9 min
[train] batch 11000/11596 | elapsed 4.1 min
[train] batch 11500/11596 | elapsed 4.3 min
[train] batch 11596/11596 | elapsed 4.3 min
[validation] batch 1/1648 | elapsed 0.0 min
[validation] batch 500/1648 | elapsed 0.0 min
[validation] batch 1000/1648 | elapsed 0.1 min
[validation] batch 1500/1648 | elapsed 0.1 min
[validation] batch 1648/1648 | elapsed 0.1 min
Epoch 03/30 | Loss T:0.1526 V:0.1667 | ROC-AUC T:0.728 V:0.584 | PR-AUC T:0.706 V:0.162 | P:0.161 R:0.539
[train] batch 1/11596 | elapsed 0.0 min
[train] batch 500/11596 | elapsed 0.2 min
[train] batch 1000/11596 | elapsed 0.4 min
[train] batch 1500/11596 | elapsed 0.6 min
[train] batch 2000/11596 | elapsed 0.7 min
[train] batch 2500/11596 | elapsed 0.9 min
[train] batch 3000/11596 | elapsed 1.1 min
[train] batch 3500/11596 | elapsed 1.3 min
[train] batch 4000/11596 | elapsed 1.5 min
[train] batch 4500/11596 | elapsed 1.7 min
[train] batch 5000/11596 | elapsed 1.9 min
[train] batch 5500/11596 | elapsed 2.1 min
[train] batch 6000/11596 | elapsed 2.2 min
[train] batch 6500/11596 | elapsed 2.4 min
[train] batch 7000/11596 | elapsed 2.6 min
[train] batch 7500/11596 | elapsed 2.8 min
[train] batch 8000/11596 | elapsed 3.0 min
[train] batch 8500/11596 | elapsed 3.2 min
[train] batch 9000/11596 | elapsed 3.4 min
[train] batch 9500/11596 | elapsed 3.5 min
[train] batch 10000/11596 | elapsed 3.7 min
[train] batch 10500/11596 | elapsed 3.9 min
[train] batch 11000/11596 | elapsed 4.1 min
[train] batch 11500/11596 | elapsed 4.3 min
[train] batch 11596/11596 | elapsed 4.3 min
[validation] batch 1/1648 | elapsed 0.0 min
[validation] batch 500/1648 | elapsed 0.0 min
[validation] batch 1000/1648 | elapsed 0.1 min
[validation] batch 1500/1648 | elapsed 0.1 min
[validation] batch 1648/1648 | elapsed 0.1 min
Epoch 04/30 | Loss T:0.1488 V:0.1698 | ROC-AUC T:0.745 V:0.562 | PR-AUC T:0.727 V:0.152 | P:0.153 R:0.459
[train] batch 1/11596 | elapsed 0.0 min
[train] batch 500/11596 | elapsed 0.2 min
[train] batch 1000/11596 | elapsed 0.4 min
[train] batch 1500/11596 | elapsed 0.6 min
[train] batch 2000/11596 | elapsed 0.7 min
[train] batch 2500/11596 | elapsed 0.9 min
[train] batch 3000/11596 | elapsed 1.1 min
[train] batch 3500/11596 | elapsed 1.3 min
[train] batch 4000/11596 | elapsed 1.5 min
[train] batch 4500/11596 | elapsed 1.7 min
[train] batch 5000/11596 | elapsed 1.9 min
[train] batch 5500/11596 | elapsed 2.0 min
[train] batch 6000/11596 | elapsed 2.2 min
[train] batch 6500/11596 | elapsed 2.4 min
[train] batch 7000/11596 | elapsed 2.6 min
[train] batch 7500/11596 | elapsed 2.8 min
[train] batch 8000/11596 | elapsed 3.0 min
[train] batch 8500/11596 | elapsed 3.2 min
[train] batch 9000/11596 | elapsed 3.3 min
[train] batch 9500/11596 | elapsed 3.5 min
[train] batch 10000/11596 | elapsed 3.7 min
[train] batch 10500/11596 | elapsed 3.9 min
[train] batch 11000/11596 | elapsed 4.1 min
[train] batch 11500/11596 | elapsed 4.3 min
[train] batch 11596/11596 | elapsed 4.3 min
[validation] batch 1/1648 | elapsed 0.0 min
[validation] batch 500/1648 | elapsed 0.0 min
[validation] batch 1000/1648 | elapsed 0.1 min
[validation] batch 1500/1648 | elapsed 0.1 min
[validation] batch 1648/1648 | elapsed 0.1 min
Epoch 05/30 | Loss T:0.1453 V:0.1809 | ROC-AUC T:0.761 V:0.570 | PR-AUC T:0.745 V:0.152 | P:0.153 R:0.559
[train] batch 1/11596 | elapsed 0.0 min
[train] batch 500/11596 | elapsed 0.2 min
[train] batch 1000/11596 | elapsed 0.4 min
[train] batch 1500/11596 | elapsed 0.6 min
[train] batch 2000/11596 | elapsed 0.7 min
[train] batch 2500/11596 | elapsed 0.9 min
[train] batch 3000/11596 | elapsed 1.1 min
[train] batch 3500/11596 | elapsed 1.3 min
[train] batch 4000/11596 | elapsed 1.5 min
[train] batch 4500/11596 | elapsed 1.7 min
[train] batch 5000/11596 | elapsed 1.9 min
[train] batch 5500/11596 | elapsed 2.0 min
[train] batch 6000/11596 | elapsed 2.2 min
[train] batch 6500/11596 | elapsed 2.4 min
[train] batch 7000/11596 | elapsed 2.6 min
[train] batch 7500/11596 | elapsed 2.8 min
[train] batch 8000/11596 | elapsed 3.0 min
[train] batch 8500/11596 | elapsed 3.2 min
[train] batch 9000/11596 | elapsed 3.3 min
[train] batch 9500/11596 | elapsed 3.5 min
[train] batch 10000/11596 | elapsed 3.7 min
[train] batch 10500/11596 | elapsed 3.9 min
[train] batch 11000/11596 | elapsed 4.1 min
[train] batch 11500/11596 | elapsed 4.3 min
[train] batch 11596/11596 | elapsed 4.3 min
[validation] batch 1/1648 | elapsed 0.0 min
[validation] batch 500/1648 | elapsed 0.0 min
[validation] batch 1000/1648 | elapsed 0.1 min
[validation] batch 1500/1648 | elapsed 0.1 min
[validation] batch 1648/1648 | elapsed 0.1 min
Epoch 06/30 | Loss T:0.1419 V:0.1734 | ROC-AUC T:0.775 V:0.569 | PR-AUC T:0.759 V:0.153 | P:0.155 R:0.485
[train] batch 1/11596 | elapsed 0.0 min
[train] batch 500/11596 | elapsed 0.2 min
[train] batch 1000/11596 | elapsed 0.4 min
[train] batch 1500/11596 | elapsed 0.6 min
[train] batch 2000/11596 | elapsed 0.7 min
[train] batch 2500/11596 | elapsed 0.9 min
[train] batch 3000/11596 | elapsed 1.1 min
[train] batch 3500/11596 | elapsed 1.3 min
[train] batch 4000/11596 | elapsed 1.5 min
[train] batch 4500/11596 | elapsed 1.7 min
[train] batch 5000/11596 | elapsed 1.9 min
[train] batch 5500/11596 | elapsed 2.0 min
[train] batch 6000/11596 | elapsed 2.2 min
[train] batch 6500/11596 | elapsed 2.4 min
[train] batch 7000/11596 | elapsed 2.6 min
[train] batch 7500/11596 | elapsed 2.8 min
[train] batch 8000/11596 | elapsed 3.0 min
[train] batch 8500/11596 | elapsed 3.2 min
[train] batch 9000/11596 | elapsed 3.3 min
[train] batch 9500/11596 | elapsed 3.5 min
[train] batch 10000/11596 | elapsed 3.7 min
[train] batch 10500/11596 | elapsed 3.9 min
[train] batch 11000/11596 | elapsed 4.1 min
[train] batch 11500/11596 | elapsed 4.3 min
[train] batch 11596/11596 | elapsed 4.3 min
[validation] batch 1/1648 | elapsed 0.0 min
[validation] batch 500/1648 | elapsed 0.0 min
[validation] batch 1000/1648 | elapsed 0.1 min
[validation] batch 1500/1648 | elapsed 0.1 min
[validation] batch 1648/1648 | elapsed 0.1 min
Epoch 07/30 | Loss T:0.1384 V:0.1744 | ROC-AUC T:0.790 V:0.564 | PR-AUC T:0.774 V:0.150 | P:0.154 R:0.477
[train] batch 1/11596 | elapsed 0.0 min
[train] batch 500/11596 | elapsed 0.2 min
[train] batch 1000/11596 | elapsed 0.4 min
[train] batch 1500/11596 | elapsed 0.6 min
[train] batch 2000/11596 | elapsed 0.7 min
[train] batch 2500/11596 | elapsed 0.9 min
[train] batch 3000/11596 | elapsed 1.1 min
[train] batch 3500/11596 | elapsed 1.3 min
[train] batch 4000/11596 | elapsed 1.5 min
[train] batch 4500/11596 | elapsed 1.7 min
[train] batch 5000/11596 | elapsed 1.9 min
[train] batch 5500/11596 | elapsed 2.0 min
[train] batch 6000/11596 | elapsed 2.2 min
[train] batch 6500/11596 | elapsed 2.4 min
[train] batch 7000/11596 | elapsed 2.6 min
[train] batch 7500/11596 | elapsed 2.8 min
[train] batch 8000/11596 | elapsed 3.0 min
[train] batch 8500/11596 | elapsed 3.1 min
[train] batch 9000/11596 | elapsed 3.3 min
[train] batch 9500/11596 | elapsed 3.5 min
[train] batch 10000/11596 | elapsed 3.7 min
[train] batch 10500/11596 | elapsed 3.9 min
[train] batch 11000/11596 | elapsed 4.1 min
[train] batch 11500/11596 | elapsed 4.3 min
[train] batch 11596/11596 | elapsed 4.3 min
[validation] batch 1/1648 | elapsed 0.0 min
[validation] batch 500/1648 | elapsed 0.0 min
[validation] batch 1000/1648 | elapsed 0.1 min
[validation] batch 1500/1648 | elapsed 0.1 min
[validation] batch 1648/1648 | elapsed 0.1 min
Epoch 08/30 | Loss T:0.1366 V:0.1821 | ROC-AUC T:0.796 V:0.558 | PR-AUC T:0.780 V:0.149 | P:0.152 R:0.482
[train] batch 1/11596 | elapsed 0.0 min
[train] batch 500/11596 | elapsed 0.2 min
[train] batch 1000/11596 | elapsed 0.4 min
[train] batch 1500/11596 | elapsed 0.6 min
[train] batch 2000/11596 | elapsed 0.7 min
[train] batch 2500/11596 | elapsed 0.9 min
[train] batch 3000/11596 | elapsed 1.1 min
[train] batch 3500/11596 | elapsed 1.3 min
[train] batch 4000/11596 | elapsed 1.5 min
[train] batch 4500/11596 | elapsed 1.7 min
[train] batch 5000/11596 | elapsed 1.9 min
[train] batch 5500/11596 | elapsed 2.0 min
[train] batch 6000/11596 | elapsed 2.2 min
[train] batch 6500/11596 | elapsed 2.4 min
[train] batch 7000/11596 | elapsed 2.6 min
[train] batch 7500/11596 | elapsed 2.8 min
[train] batch 8000/11596 | elapsed 3.0 min
[train] batch 8500/11596 | elapsed 3.1 min
[train] batch 9000/11596 | elapsed 3.3 min
[train] batch 9500/11596 | elapsed 3.5 min
[train] batch 10000/11596 | elapsed 3.7 min
[train] batch 10500/11596 | elapsed 3.9 min
[train] batch 11000/11596 | elapsed 4.1 min
[train] batch 11500/11596 | elapsed 4.3 min
[train] batch 11596/11596 | elapsed 4.3 min
[validation] batch 1/1648 | elapsed 0.0 min
[validation] batch 500/1648 | elapsed 0.0 min
[validation] batch 1000/1648 | elapsed 0.1 min
[validation] batch 1500/1648 | elapsed 0.1 min
[validation] batch 1648/1648 | elapsed 0.1 min
Epoch 09/30 | Loss T:0.1350 V:0.1784 | ROC-AUC T:0.803 V:0.567 | PR-AUC T:0.787 V:0.153 | P:0.157 R:0.495
  Early Stopping: Epoch 9'de duruldu (En iyi pr_auc: 0.1706)
[validation] batch 1/1648 | elapsed 0.0 min
[validation] batch 500/1648 | elapsed 0.0 min
[validation] batch 1000/1648 | elapsed 0.1 min
[validation] batch 1500/1648 | elapsed 0.1 min
[validation] batch 1648/1648 | elapsed 0.1 min

════════════════════════════════════════════════════════════
  PURGED_multi_pure_seed47 — VALIDATION SET
════════════════════════════════════════════════════════════
  Threshold-bağımsız (ranking):
    ROC-AUC: 0.6021
    PR-AUC:  0.1706
  Optimal Threshold (MCC max from VAL): 0.5141 (val MCC=0.1045)
  Threshold-bağımlı (eşik=0.5141):
    Accuracy:  0.6878
    MCC:       0.1045
    Precision: 0.1794
    Recall:    0.4167
    F1:        0.2508

=== PURGED_multi_pure_seed47 Validation Classification Report ===
              precision    recall  f1-score   support

  Stable (0)       0.90      0.73      0.80     92214
    Risk (1)       0.18      0.42      0.25     13222

    accuracy                           0.69    105436
   macro avg       0.54      0.57      0.53    105436
weighted avg       0.81      0.69      0.73    105436

[test] batch 1/2362 | elapsed 0.0 min
[test] batch 500/2362 | elapsed 0.0 min
[test] batch 1000/2362 | elapsed 0.1 min
[test] batch 1500/2362 | elapsed 0.1 min
[test] batch 2000/2362 | elapsed 0.2 min
[test] batch 2362/2362 | elapsed 0.2 min

════════════════════════════════════════════════════════════
  PURGED_multi_pure_seed47 — TEST SET (hold-out, 2024+)
════════════════════════════════════════════════════════════
  Threshold-bağımsız (ranking):
    ROC-AUC: 0.6448
    PR-AUC:  0.2012
  Threshold-bağımlı (val'dan seçilen eşik=0.5141):
    Accuracy:  0.7042
    MCC:       0.1332
    Precision: 0.2031
    Recall:    0.4319
    F1:        0.2763

=== PURGED_multi_pure_seed47 Test Classification Report ===
              precision    recall  f1-score   support

  Stable (0)       0.90      0.75      0.81    131398
    Risk (1)       0.20      0.43      0.28     19763

    accuracy                           0.70    151161
   macro avg       0.55      0.59      0.55    151161
weighted avg       0.81      0.70      0.74    151161


  Generalization gap (val → test):
    ROC-AUC: 0.6021 → 0.6448 (Δ +0.0427)
    PR-AUC:  0.1706 → 0.2012 (Δ +0.0307)
    MCC:     0.1045 → 0.1332 (Δ +0.0288)
PASS | purged I+II seed47 | training + evaluation + export: 41.5 min
Historical outputs unchanged. Selected model, preprocessing and indexed predictions saved.
Report: \\nas.ads.mwn.de\go39lop\Desktop\Archive\results\purged_multi_pure_seed47_20260917T005118Z_064a55c1\experiment_report.json
