[Universe] Cache: 400 hisse, 9 sektör → datasets/universe.csv
FULL EXPERIMENT | I+II+IV | seed 43 | up to 30 epochs | batch size 64
Output directory: \\nas.ads.mwn.de\go39lop\Desktop\Archive\results\purged_multi_text_seed43_20260916T171556Z_e37ac17d
Test is evaluated only after validation-based checkpoint selection.
GPU: NVIDIA A40
  [Metin] Modalite IV bağlandı: 9 olay + 9 LM kolonu
          Kapsama: 395/395 firma (%100.0)
          LM kolonları dolu satır oranı: %94.0

  Feature split → tech: 32 cols ('tech',) | fund: 25 cols ('fund', 'text')
[Purge] Cached-date upper bounds; unknown endpoints excluded conservatively.
[Purge] Train: {'rows': 757567, 'crossing_upper_bound': 5102, 'unknown': 2798, 'retained_endpoints': 749667}
[Purge] Validation: {'rows': 115138, 'crossing_upper_bound': 4516, 'unknown': 482, 'retained_endpoints': 110140}
  Train  (2019-12-31'e kadar): 757,567 satır | Min: 2010-01-04 | Max: 2019-12-31
  Val    (2020-01-01 → 2021-12-31): 115,138 satır | Min: 2020-01-02 | Max: 2021-12-31
  Test   (2022-01-01 → 2024-12-31): 155,550 satır | Min: 2022-01-03 | Max: 2024-12-02

  Dual-stream Dataset'ler oluşturuluyor...
  [Train]
  DualStreamSequenceDataset: 742,162 sequences | seq_len=20 | tech_dim=32 | fund_dim=25 | Kriz oranı: 12.4%
  [Val]
  DualStreamSequenceDataset: 105,436 sequences | seq_len=20 | tech_dim=32 | fund_dim=25 | Kriz oranı: 12.5%
  [Test]
  DualStreamSequenceDataset: 151,161 sequences | seq_len=20 | tech_dim=32 | fund_dim=25 | Kriz oranı: 13.1%
  [Sampling] WeightedRandomSampler train'e uygulanıyor (val/test doğal kalıyor)...
Actual test dates: 2022-01-31 00:00:00 to 2024-12-02 00:00:00
Full-panel train sequences: 742162
Full-panel validation sequences: 105436

PURGED_multi_text_seed43 Eğitimi Başlıyor (cuda) | monitor=pr_auc | lr=0.0001 | wd=0.01 | patience=8 | scheduler=plateau...
[train] batch 1/11596 | elapsed 0.0 min
[train] batch 500/11596 | elapsed 0.2 min
[train] batch 1000/11596 | elapsed 0.4 min
[train] batch 1500/11596 | elapsed 0.6 min
[train] batch 2000/11596 | elapsed 0.7 min
[train] batch 2500/11596 | elapsed 0.9 min
[train] batch 3000/11596 | elapsed 1.1 min
[train] batch 3500/11596 | elapsed 1.3 min
[train] batch 4000/11596 | elapsed 1.4 min
[train] batch 4500/11596 | elapsed 1.6 min
[train] batch 5000/11596 | elapsed 1.8 min
[train] batch 5500/11596 | elapsed 2.0 min
[train] batch 6000/11596 | elapsed 2.1 min
[train] batch 6500/11596 | elapsed 2.3 min
[train] batch 7000/11596 | elapsed 2.5 min
[train] batch 7500/11596 | elapsed 2.7 min
[train] batch 8000/11596 | elapsed 2.9 min
[train] batch 8500/11596 | elapsed 3.0 min
[train] batch 9000/11596 | elapsed 3.2 min
[train] batch 9500/11596 | elapsed 3.4 min
[train] batch 10000/11596 | elapsed 3.6 min
[train] batch 10500/11596 | elapsed 3.7 min
[train] batch 11000/11596 | elapsed 3.9 min
[train] batch 11500/11596 | elapsed 4.1 min
[train] batch 11596/11596 | elapsed 4.1 min
[validation] batch 1/1648 | elapsed 0.0 min
[validation] batch 500/1648 | elapsed 0.0 min
[validation] batch 1000/1648 | elapsed 0.1 min
[validation] batch 1500/1648 | elapsed 0.1 min
[validation] batch 1648/1648 | elapsed 0.1 min
Epoch 01/30 | Loss T:0.1588 V:0.1813 | ROC-AUC T:0.695 V:0.547 | PR-AUC T:0.670 V:0.149 | P:0.146 R:0.554
  ✓ Yeni en iyi model kaydedildi (pr_auc: 0.1489)
[train] batch 1/11596 | elapsed 0.0 min
[train] batch 500/11596 | elapsed 0.2 min
[train] batch 1000/11596 | elapsed 0.4 min
[train] batch 1500/11596 | elapsed 0.5 min
[train] batch 2000/11596 | elapsed 0.7 min
[train] batch 2500/11596 | elapsed 0.9 min
[train] batch 3000/11596 | elapsed 1.1 min
[train] batch 3500/11596 | elapsed 1.2 min
[train] batch 4000/11596 | elapsed 1.4 min
[train] batch 4500/11596 | elapsed 1.6 min
[train] batch 5000/11596 | elapsed 1.8 min
[train] batch 5500/11596 | elapsed 1.9 min
[train] batch 6000/11596 | elapsed 2.1 min
[train] batch 6500/11596 | elapsed 2.3 min
[train] batch 7000/11596 | elapsed 2.5 min
[train] batch 7500/11596 | elapsed 2.6 min
[train] batch 8000/11596 | elapsed 2.8 min
[train] batch 8500/11596 | elapsed 3.0 min
[train] batch 9000/11596 | elapsed 3.2 min
[train] batch 9500/11596 | elapsed 3.3 min
[train] batch 10000/11596 | elapsed 3.5 min
[train] batch 10500/11596 | elapsed 3.7 min
[train] batch 11000/11596 | elapsed 3.9 min
[train] batch 11500/11596 | elapsed 4.0 min
[train] batch 11596/11596 | elapsed 4.1 min
[validation] batch 1/1648 | elapsed 0.0 min
[validation] batch 500/1648 | elapsed 0.0 min
[validation] batch 1000/1648 | elapsed 0.1 min
[validation] batch 1500/1648 | elapsed 0.1 min
[validation] batch 1648/1648 | elapsed 0.1 min
Epoch 02/30 | Loss T:0.1508 V:0.1686 | ROC-AUC T:0.741 V:0.555 | PR-AUC T:0.721 V:0.153 | P:0.157 R:0.464
  ✓ Yeni en iyi model kaydedildi (pr_auc: 0.1530)
[train] batch 1/11596 | elapsed 0.0 min
[train] batch 500/11596 | elapsed 0.2 min
[train] batch 1000/11596 | elapsed 0.4 min
[train] batch 1500/11596 | elapsed 0.5 min
[train] batch 2000/11596 | elapsed 0.7 min
[train] batch 2500/11596 | elapsed 0.9 min
[train] batch 3000/11596 | elapsed 1.1 min
[train] batch 3500/11596 | elapsed 1.2 min
[train] batch 4000/11596 | elapsed 1.4 min
[train] batch 4500/11596 | elapsed 1.6 min
[train] batch 5000/11596 | elapsed 1.8 min
[train] batch 5500/11596 | elapsed 1.9 min
[train] batch 6000/11596 | elapsed 2.1 min
[train] batch 6500/11596 | elapsed 2.3 min
[train] batch 7000/11596 | elapsed 2.5 min
[train] batch 7500/11596 | elapsed 2.6 min
[train] batch 8000/11596 | elapsed 2.8 min
[train] batch 8500/11596 | elapsed 3.0 min
[train] batch 9000/11596 | elapsed 3.2 min
[train] batch 9500/11596 | elapsed 3.3 min
[train] batch 10000/11596 | elapsed 3.5 min
[train] batch 10500/11596 | elapsed 3.7 min
[train] batch 11000/11596 | elapsed 3.9 min
[train] batch 11500/11596 | elapsed 4.1 min
[train] batch 11596/11596 | elapsed 4.1 min
[validation] batch 1/1648 | elapsed 0.0 min
[validation] batch 500/1648 | elapsed 0.0 min
[validation] batch 1000/1648 | elapsed 0.1 min
[validation] batch 1500/1648 | elapsed 0.1 min
[validation] batch 1648/1648 | elapsed 0.1 min
Epoch 03/30 | Loss T:0.1450 V:0.1745 | ROC-AUC T:0.767 V:0.557 | PR-AUC T:0.749 V:0.151 | P:0.152 R:0.499
[train] batch 1/11596 | elapsed 0.0 min
[train] batch 500/11596 | elapsed 0.2 min
[train] batch 1000/11596 | elapsed 0.3 min
[train] batch 1500/11596 | elapsed 0.5 min
[train] batch 2000/11596 | elapsed 0.7 min
[train] batch 2500/11596 | elapsed 0.9 min
[train] batch 3000/11596 | elapsed 1.1 min
[train] batch 3500/11596 | elapsed 1.2 min
[train] batch 4000/11596 | elapsed 1.4 min
[train] batch 4500/11596 | elapsed 1.6 min
[train] batch 5000/11596 | elapsed 1.8 min
[train] batch 5500/11596 | elapsed 1.9 min
[train] batch 6000/11596 | elapsed 2.1 min
[train] batch 6500/11596 | elapsed 2.3 min
[train] batch 7000/11596 | elapsed 2.4 min
[train] batch 7500/11596 | elapsed 2.6 min
[train] batch 8000/11596 | elapsed 2.8 min
[train] batch 8500/11596 | elapsed 3.0 min
[train] batch 9000/11596 | elapsed 3.2 min
[train] batch 9500/11596 | elapsed 3.3 min
[train] batch 10000/11596 | elapsed 3.5 min
[train] batch 10500/11596 | elapsed 3.7 min
[train] batch 11000/11596 | elapsed 3.9 min
[train] batch 11500/11596 | elapsed 4.0 min
[train] batch 11596/11596 | elapsed 4.1 min
[validation] batch 1/1648 | elapsed 0.0 min
[validation] batch 500/1648 | elapsed 0.0 min
[validation] batch 1000/1648 | elapsed 0.1 min
[validation] batch 1500/1648 | elapsed 0.1 min
[validation] batch 1648/1648 | elapsed 0.1 min
Epoch 04/30 | Loss T:0.1400 V:0.1718 | ROC-AUC T:0.787 V:0.560 | PR-AUC T:0.768 V:0.153 | P:0.155 R:0.480
[train] batch 1/11596 | elapsed 0.0 min
[train] batch 500/11596 | elapsed 0.2 min
[train] batch 1000/11596 | elapsed 0.4 min
[train] batch 1500/11596 | elapsed 0.5 min
[train] batch 2000/11596 | elapsed 0.7 min
[train] batch 2500/11596 | elapsed 0.9 min
[train] batch 3000/11596 | elapsed 1.1 min
[train] batch 3500/11596 | elapsed 1.2 min
[train] batch 4000/11596 | elapsed 1.4 min
[train] batch 4500/11596 | elapsed 1.6 min
[train] batch 5000/11596 | elapsed 1.8 min
[train] batch 5500/11596 | elapsed 1.9 min
[train] batch 6000/11596 | elapsed 2.1 min
[train] batch 6500/11596 | elapsed 2.3 min
[train] batch 7000/11596 | elapsed 2.5 min
[train] batch 7500/11596 | elapsed 2.6 min
[train] batch 8000/11596 | elapsed 2.8 min
[train] batch 8500/11596 | elapsed 3.0 min
[train] batch 9000/11596 | elapsed 3.2 min
[train] batch 9500/11596 | elapsed 3.3 min
[train] batch 10000/11596 | elapsed 3.5 min
[train] batch 10500/11596 | elapsed 3.7 min
[train] batch 11000/11596 | elapsed 3.9 min
[train] batch 11500/11596 | elapsed 4.0 min
[train] batch 11596/11596 | elapsed 4.1 min
[validation] batch 1/1648 | elapsed 0.0 min
[validation] batch 500/1648 | elapsed 0.0 min
[validation] batch 1000/1648 | elapsed 0.1 min
[validation] batch 1500/1648 | elapsed 0.1 min
[validation] batch 1648/1648 | elapsed 0.1 min
Epoch 05/30 | Loss T:0.1348 V:0.1805 | ROC-AUC T:0.806 V:0.563 | PR-AUC T:0.788 V:0.151 | P:0.155 R:0.493
[train] batch 1/11596 | elapsed 0.0 min
[train] batch 500/11596 | elapsed 0.2 min
[train] batch 1000/11596 | elapsed 0.4 min
[train] batch 1500/11596 | elapsed 0.5 min
[train] batch 2000/11596 | elapsed 0.7 min
[train] batch 2500/11596 | elapsed 0.9 min
[train] batch 3000/11596 | elapsed 1.1 min
[train] batch 3500/11596 | elapsed 1.2 min
[train] batch 4000/11596 | elapsed 1.4 min
[train] batch 4500/11596 | elapsed 1.6 min
[train] batch 5000/11596 | elapsed 1.7 min
[train] batch 5500/11596 | elapsed 1.9 min
[train] batch 6000/11596 | elapsed 2.1 min
[train] batch 6500/11596 | elapsed 2.3 min
[train] batch 7000/11596 | elapsed 2.5 min
[train] batch 7500/11596 | elapsed 2.6 min
[train] batch 8000/11596 | elapsed 2.8 min
[train] batch 8500/11596 | elapsed 3.0 min
[train] batch 9000/11596 | elapsed 3.2 min
[train] batch 9500/11596 | elapsed 3.3 min
[train] batch 10000/11596 | elapsed 3.5 min
[train] batch 10500/11596 | elapsed 3.7 min
[train] batch 11000/11596 | elapsed 3.9 min
[train] batch 11500/11596 | elapsed 4.0 min
[train] batch 11596/11596 | elapsed 4.1 min
[validation] batch 1/1648 | elapsed 0.0 min
[validation] batch 500/1648 | elapsed 0.0 min
[validation] batch 1000/1648 | elapsed 0.1 min
[validation] batch 1500/1648 | elapsed 0.1 min
[validation] batch 1648/1648 | elapsed 0.1 min
Epoch 06/30 | Loss T:0.1302 V:0.1881 | ROC-AUC T:0.822 V:0.552 | PR-AUC T:0.804 V:0.147 | P:0.153 R:0.483
[train] batch 1/11596 | elapsed 0.0 min
[train] batch 500/11596 | elapsed 0.2 min
[train] batch 1000/11596 | elapsed 0.3 min
[train] batch 1500/11596 | elapsed 0.5 min
[train] batch 2000/11596 | elapsed 0.7 min
[train] batch 2500/11596 | elapsed 0.9 min
[train] batch 3000/11596 | elapsed 1.1 min
[train] batch 3500/11596 | elapsed 1.2 min
[train] batch 4000/11596 | elapsed 1.4 min
[train] batch 4500/11596 | elapsed 1.6 min
[train] batch 5000/11596 | elapsed 1.8 min
[train] batch 5500/11596 | elapsed 1.9 min
[train] batch 6000/11596 | elapsed 2.1 min
[train] batch 6500/11596 | elapsed 2.3 min
[train] batch 7000/11596 | elapsed 2.5 min
[train] batch 7500/11596 | elapsed 2.6 min
[train] batch 8000/11596 | elapsed 2.8 min
[train] batch 8500/11596 | elapsed 3.0 min
[train] batch 9000/11596 | elapsed 3.2 min
[train] batch 9500/11596 | elapsed 3.3 min
[train] batch 10000/11596 | elapsed 3.5 min
[train] batch 10500/11596 | elapsed 3.7 min
[train] batch 11000/11596 | elapsed 3.9 min
[train] batch 11500/11596 | elapsed 4.0 min
[train] batch 11596/11596 | elapsed 4.1 min
[validation] batch 1/1648 | elapsed 0.0 min
[validation] batch 500/1648 | elapsed 0.0 min
[validation] batch 1000/1648 | elapsed 0.1 min
[validation] batch 1500/1648 | elapsed 0.1 min
[validation] batch 1648/1648 | elapsed 0.1 min
Epoch 07/30 | Loss T:0.1258 V:0.1901 | ROC-AUC T:0.836 V:0.552 | PR-AUC T:0.819 V:0.151 | P:0.154 R:0.464
[train] batch 1/11596 | elapsed 0.0 min
[train] batch 500/11596 | elapsed 0.2 min
[train] batch 1000/11596 | elapsed 0.4 min
[train] batch 1500/11596 | elapsed 0.5 min
[train] batch 2000/11596 | elapsed 0.7 min
[train] batch 2500/11596 | elapsed 0.9 min
[train] batch 3000/11596 | elapsed 1.1 min
[train] batch 3500/11596 | elapsed 1.2 min
[train] batch 4000/11596 | elapsed 1.4 min
[train] batch 4500/11596 | elapsed 1.6 min
[train] batch 5000/11596 | elapsed 1.8 min
[train] batch 5500/11596 | elapsed 1.9 min
[train] batch 6000/11596 | elapsed 2.1 min
[train] batch 6500/11596 | elapsed 2.3 min
[train] batch 7000/11596 | elapsed 2.5 min
[train] batch 7500/11596 | elapsed 2.6 min
[train] batch 8000/11596 | elapsed 2.8 min
[train] batch 8500/11596 | elapsed 3.0 min
[train] batch 9000/11596 | elapsed 3.1 min
[train] batch 9500/11596 | elapsed 3.3 min
[train] batch 10000/11596 | elapsed 3.5 min
[train] batch 10500/11596 | elapsed 3.7 min
[train] batch 11000/11596 | elapsed 3.8 min
[train] batch 11500/11596 | elapsed 4.0 min
[train] batch 11596/11596 | elapsed 4.1 min
[validation] batch 1/1648 | elapsed 0.0 min
[validation] batch 500/1648 | elapsed 0.0 min
[validation] batch 1000/1648 | elapsed 0.1 min
[validation] batch 1500/1648 | elapsed 0.1 min
[validation] batch 1648/1648 | elapsed 0.1 min
Epoch 08/30 | Loss T:0.1205 V:0.1974 | ROC-AUC T:0.852 V:0.540 | PR-AUC T:0.835 V:0.143 | P:0.147 R:0.463
[train] batch 1/11596 | elapsed 0.0 min
[train] batch 500/11596 | elapsed 0.2 min
[train] batch 1000/11596 | elapsed 0.4 min
[train] batch 1500/11596 | elapsed 0.5 min
[train] batch 2000/11596 | elapsed 0.7 min
[train] batch 2500/11596 | elapsed 0.9 min
[train] batch 3000/11596 | elapsed 1.0 min
[train] batch 3500/11596 | elapsed 1.2 min
[train] batch 4000/11596 | elapsed 1.4 min
[train] batch 4500/11596 | elapsed 1.6 min
[train] batch 5000/11596 | elapsed 1.7 min
[train] batch 5500/11596 | elapsed 1.9 min
[train] batch 6000/11596 | elapsed 2.1 min
[train] batch 6500/11596 | elapsed 2.3 min
[train] batch 7000/11596 | elapsed 2.4 min
[train] batch 7500/11596 | elapsed 2.6 min
[train] batch 8000/11596 | elapsed 2.8 min
[train] batch 8500/11596 | elapsed 3.0 min
[train] batch 9000/11596 | elapsed 3.1 min
[train] batch 9500/11596 | elapsed 3.3 min
[train] batch 10000/11596 | elapsed 3.5 min
[train] batch 10500/11596 | elapsed 3.7 min
[train] batch 11000/11596 | elapsed 3.8 min
[train] batch 11500/11596 | elapsed 4.0 min
[train] batch 11596/11596 | elapsed 4.1 min
[validation] batch 1/1648 | elapsed 0.0 min
[validation] batch 500/1648 | elapsed 0.0 min
[validation] batch 1000/1648 | elapsed 0.1 min
[validation] batch 1500/1648 | elapsed 0.1 min
[validation] batch 1648/1648 | elapsed 0.1 min
Epoch 09/30 | Loss T:0.1180 V:0.1989 | ROC-AUC T:0.859 V:0.559 | PR-AUC T:0.842 V:0.154 | P:0.153 R:0.499
  ✓ Yeni en iyi model kaydedildi (pr_auc: 0.1539)
[train] batch 1/11596 | elapsed 0.0 min
[train] batch 500/11596 | elapsed 0.2 min
[train] batch 1000/11596 | elapsed 0.4 min
[train] batch 1500/11596 | elapsed 0.5 min
[train] batch 2000/11596 | elapsed 0.7 min
[train] batch 2500/11596 | elapsed 0.9 min
[train] batch 3000/11596 | elapsed 1.1 min
[train] batch 3500/11596 | elapsed 1.2 min
[train] batch 4000/11596 | elapsed 1.4 min
[train] batch 4500/11596 | elapsed 1.6 min
[train] batch 5000/11596 | elapsed 1.8 min
[train] batch 5500/11596 | elapsed 2.0 min
[train] batch 6000/11596 | elapsed 2.1 min
[train] batch 6500/11596 | elapsed 2.3 min
[train] batch 7000/11596 | elapsed 2.5 min
[train] batch 7500/11596 | elapsed 2.7 min
[train] batch 8000/11596 | elapsed 2.9 min
[train] batch 8500/11596 | elapsed 3.0 min
[train] batch 9000/11596 | elapsed 3.2 min
[train] batch 9500/11596 | elapsed 3.4 min
[train] batch 10000/11596 | elapsed 3.6 min
[train] batch 10500/11596 | elapsed 3.8 min
[train] batch 11000/11596 | elapsed 3.9 min
[train] batch 11500/11596 | elapsed 4.1 min
[train] batch 11596/11596 | elapsed 4.2 min
[validation] batch 1/1648 | elapsed 0.0 min
[validation] batch 500/1648 | elapsed 0.0 min
[validation] batch 1000/1648 | elapsed 0.1 min
[validation] batch 1500/1648 | elapsed 0.1 min
[validation] batch 1648/1648 | elapsed 0.1 min
Epoch 10/30 | Loss T:0.1157 V:0.2109 | ROC-AUC T:0.866 V:0.542 | PR-AUC T:0.850 V:0.145 | P:0.147 R:0.491
[train] batch 1/11596 | elapsed 0.0 min
[train] batch 500/11596 | elapsed 0.2 min
[train] batch 1000/11596 | elapsed 0.4 min
[train] batch 1500/11596 | elapsed 0.5 min
[train] batch 2000/11596 | elapsed 0.7 min
[train] batch 2500/11596 | elapsed 0.9 min
[train] batch 3000/11596 | elapsed 1.1 min
[train] batch 3500/11596 | elapsed 1.2 min
[train] batch 4000/11596 | elapsed 1.4 min
[train] batch 4500/11596 | elapsed 1.6 min
[train] batch 5000/11596 | elapsed 1.8 min
[train] batch 5500/11596 | elapsed 2.0 min
[train] batch 6000/11596 | elapsed 2.1 min
[train] batch 6500/11596 | elapsed 2.3 min
[train] batch 7000/11596 | elapsed 2.5 min
[train] batch 7500/11596 | elapsed 2.7 min
[train] batch 8000/11596 | elapsed 2.9 min
[train] batch 8500/11596 | elapsed 3.0 min
[train] batch 9000/11596 | elapsed 3.2 min
[train] batch 9500/11596 | elapsed 3.4 min
[train] batch 10000/11596 | elapsed 3.6 min
[train] batch 10500/11596 | elapsed 3.8 min
[train] batch 11000/11596 | elapsed 3.9 min
[train] batch 11500/11596 | elapsed 4.1 min
[train] batch 11596/11596 | elapsed 4.1 min
[validation] batch 1/1648 | elapsed 0.0 min
[validation] batch 500/1648 | elapsed 0.0 min
[validation] batch 1000/1648 | elapsed 0.1 min
[validation] batch 1500/1648 | elapsed 0.1 min
[validation] batch 1648/1648 | elapsed 0.1 min
Epoch 11/30 | Loss T:0.1137 V:0.2147 | ROC-AUC T:0.872 V:0.539 | PR-AUC T:0.855 V:0.144 | P:0.146 R:0.485
[train] batch 1/11596 | elapsed 0.0 min
[train] batch 500/11596 | elapsed 0.2 min
[train] batch 1000/11596 | elapsed 0.4 min
[train] batch 1500/11596 | elapsed 0.5 min
[train] batch 2000/11596 | elapsed 0.7 min
[train] batch 2500/11596 | elapsed 0.9 min
[train] batch 3000/11596 | elapsed 1.1 min
[train] batch 3500/11596 | elapsed 1.2 min
[train] batch 4000/11596 | elapsed 1.4 min
[train] batch 4500/11596 | elapsed 1.6 min
[train] batch 5000/11596 | elapsed 1.8 min
[train] batch 5500/11596 | elapsed 2.0 min
[train] batch 6000/11596 | elapsed 2.1 min
[train] batch 6500/11596 | elapsed 2.3 min
[train] batch 7000/11596 | elapsed 2.5 min
[train] batch 7500/11596 | elapsed 2.7 min
[train] batch 8000/11596 | elapsed 2.8 min
[train] batch 8500/11596 | elapsed 3.0 min
[train] batch 9000/11596 | elapsed 3.2 min
[train] batch 9500/11596 | elapsed 3.4 min
[train] batch 10000/11596 | elapsed 3.5 min
[train] batch 10500/11596 | elapsed 3.7 min
[train] batch 11000/11596 | elapsed 3.9 min
[train] batch 11500/11596 | elapsed 4.1 min
[train] batch 11596/11596 | elapsed 4.1 min
[validation] batch 1/1648 | elapsed 0.0 min
[validation] batch 500/1648 | elapsed 0.0 min
[validation] batch 1000/1648 | elapsed 0.1 min
[validation] batch 1500/1648 | elapsed 0.1 min
[validation] batch 1648/1648 | elapsed 0.1 min
Epoch 12/30 | Loss T:0.1114 V:0.2167 | ROC-AUC T:0.877 V:0.524 | PR-AUC T:0.861 V:0.138 | P:0.141 R:0.461
[train] batch 1/11596 | elapsed 0.0 min
[train] batch 500/11596 | elapsed 0.2 min
[train] batch 1000/11596 | elapsed 0.4 min
[train] batch 1500/11596 | elapsed 0.5 min
[train] batch 2000/11596 | elapsed 0.7 min
[train] batch 2500/11596 | elapsed 0.9 min
[train] batch 3000/11596 | elapsed 1.1 min
[train] batch 3500/11596 | elapsed 1.2 min
[train] batch 4000/11596 | elapsed 1.4 min
[train] batch 4500/11596 | elapsed 1.6 min
[train] batch 5000/11596 | elapsed 1.8 min
[train] batch 5500/11596 | elapsed 2.0 min
[train] batch 6000/11596 | elapsed 2.1 min
[train] batch 6500/11596 | elapsed 2.3 min
[train] batch 7000/11596 | elapsed 2.5 min
[train] batch 7500/11596 | elapsed 2.7 min
[train] batch 8000/11596 | elapsed 2.9 min
[train] batch 8500/11596 | elapsed 3.0 min
[train] batch 9000/11596 | elapsed 3.2 min
[train] batch 9500/11596 | elapsed 3.4 min
[train] batch 10000/11596 | elapsed 3.6 min
[train] batch 10500/11596 | elapsed 3.7 min
[train] batch 11000/11596 | elapsed 3.9 min
[train] batch 11500/11596 | elapsed 4.1 min
[train] batch 11596/11596 | elapsed 4.1 min
[validation] batch 1/1648 | elapsed 0.0 min
[validation] batch 500/1648 | elapsed 0.0 min
[validation] batch 1000/1648 | elapsed 0.1 min
[validation] batch 1500/1648 | elapsed 0.1 min
[validation] batch 1648/1648 | elapsed 0.2 min
Epoch 13/30 | Loss T:0.1094 V:0.2112 | ROC-AUC T:0.882 V:0.535 | PR-AUC T:0.867 V:0.142 | P:0.147 R:0.444
[train] batch 1/11596 | elapsed 0.0 min
[train] batch 500/11596 | elapsed 0.2 min
[train] batch 1000/11596 | elapsed 0.4 min
[train] batch 1500/11596 | elapsed 0.5 min
[train] batch 2000/11596 | elapsed 0.7 min
[train] batch 2500/11596 | elapsed 0.9 min
[train] batch 3000/11596 | elapsed 1.1 min
[train] batch 3500/11596 | elapsed 1.3 min
[train] batch 4000/11596 | elapsed 1.4 min
[train] batch 4500/11596 | elapsed 1.6 min
[train] batch 5000/11596 | elapsed 1.8 min
[train] batch 5500/11596 | elapsed 2.0 min
[train] batch 6000/11596 | elapsed 2.1 min
[train] batch 6500/11596 | elapsed 2.3 min
[train] batch 7000/11596 | elapsed 2.5 min
[train] batch 7500/11596 | elapsed 2.7 min
[train] batch 8000/11596 | elapsed 2.8 min
[train] batch 8500/11596 | elapsed 3.0 min
[train] batch 9000/11596 | elapsed 3.2 min
[train] batch 9500/11596 | elapsed 3.4 min
[train] batch 10000/11596 | elapsed 3.6 min
[train] batch 10500/11596 | elapsed 3.7 min
[train] batch 11000/11596 | elapsed 3.9 min
[train] batch 11500/11596 | elapsed 4.1 min
[train] batch 11596/11596 | elapsed 4.1 min
[validation] batch 1/1648 | elapsed 0.0 min
[validation] batch 500/1648 | elapsed 0.0 min
[validation] batch 1000/1648 | elapsed 0.1 min
[validation] batch 1500/1648 | elapsed 0.1 min
[validation] batch 1648/1648 | elapsed 0.1 min
Epoch 14/30 | Loss T:0.1074 V:0.2155 | ROC-AUC T:0.887 V:0.537 | PR-AUC T:0.873 V:0.143 | P:0.147 R:0.453
[train] batch 1/11596 | elapsed 0.0 min
[train] batch 500/11596 | elapsed 0.2 min
[train] batch 1000/11596 | elapsed 0.4 min
[train] batch 1500/11596 | elapsed 0.5 min
[train] batch 2000/11596 | elapsed 0.7 min
[train] batch 2500/11596 | elapsed 0.9 min
[train] batch 3000/11596 | elapsed 1.1 min
[train] batch 3500/11596 | elapsed 1.2 min
[train] batch 4000/11596 | elapsed 1.4 min
[train] batch 4500/11596 | elapsed 1.6 min
[train] batch 5000/11596 | elapsed 1.8 min
[train] batch 5500/11596 | elapsed 2.0 min
[train] batch 6000/11596 | elapsed 2.1 min
[train] batch 6500/11596 | elapsed 2.3 min
[train] batch 7000/11596 | elapsed 2.5 min
[train] batch 7500/11596 | elapsed 2.7 min
[train] batch 8000/11596 | elapsed 2.9 min
[train] batch 8500/11596 | elapsed 3.0 min
[train] batch 9000/11596 | elapsed 3.2 min
[train] batch 9500/11596 | elapsed 3.4 min
[train] batch 10000/11596 | elapsed 3.6 min
[train] batch 10500/11596 | elapsed 3.7 min
[train] batch 11000/11596 | elapsed 3.9 min
[train] batch 11500/11596 | elapsed 4.1 min
[train] batch 11596/11596 | elapsed 4.1 min
[validation] batch 1/1648 | elapsed 0.0 min
[validation] batch 500/1648 | elapsed 0.0 min
[validation] batch 1000/1648 | elapsed 0.1 min
[validation] batch 1500/1648 | elapsed 0.1 min
[validation] batch 1648/1648 | elapsed 0.1 min
Epoch 15/30 | Loss T:0.1047 V:0.2178 | ROC-AUC T:0.893 V:0.540 | PR-AUC T:0.879 V:0.145 | P:0.150 R:0.446
[train] batch 1/11596 | elapsed 0.0 min
[train] batch 500/11596 | elapsed 0.2 min
[train] batch 1000/11596 | elapsed 0.4 min
[train] batch 1500/11596 | elapsed 0.5 min
[train] batch 2000/11596 | elapsed 0.7 min
[train] batch 2500/11596 | elapsed 0.9 min
[train] batch 3000/11596 | elapsed 1.1 min
[train] batch 3500/11596 | elapsed 1.2 min
[train] batch 4000/11596 | elapsed 1.4 min
[train] batch 4500/11596 | elapsed 1.6 min
[train] batch 5000/11596 | elapsed 1.8 min
[train] batch 5500/11596 | elapsed 2.0 min
[train] batch 6000/11596 | elapsed 2.1 min
[train] batch 6500/11596 | elapsed 2.3 min
[train] batch 7000/11596 | elapsed 2.5 min
[train] batch 7500/11596 | elapsed 2.7 min
[train] batch 8000/11596 | elapsed 2.8 min
[train] batch 8500/11596 | elapsed 3.0 min
[train] batch 9000/11596 | elapsed 3.2 min
[train] batch 9500/11596 | elapsed 3.4 min
[train] batch 10000/11596 | elapsed 3.5 min
[train] batch 10500/11596 | elapsed 3.7 min
[train] batch 11000/11596 | elapsed 3.9 min
[train] batch 11500/11596 | elapsed 4.1 min
[train] batch 11596/11596 | elapsed 4.1 min
[validation] batch 1/1648 | elapsed 0.0 min
[validation] batch 500/1648 | elapsed 0.0 min
[validation] batch 1000/1648 | elapsed 0.1 min
[validation] batch 1500/1648 | elapsed 0.1 min
[validation] batch 1648/1648 | elapsed 0.1 min
Epoch 16/30 | Loss T:0.1034 V:0.2140 | ROC-AUC T:0.897 V:0.539 | PR-AUC T:0.883 V:0.145 | P:0.149 R:0.430
[train] batch 1/11596 | elapsed 0.0 min
[train] batch 500/11596 | elapsed 0.2 min
[train] batch 1000/11596 | elapsed 0.4 min
[train] batch 1500/11596 | elapsed 0.5 min
[train] batch 2000/11596 | elapsed 0.7 min
[train] batch 2500/11596 | elapsed 0.9 min
[train] batch 3000/11596 | elapsed 1.1 min
[train] batch 3500/11596 | elapsed 1.2 min
[train] batch 4000/11596 | elapsed 1.4 min
[train] batch 4500/11596 | elapsed 1.6 min
[train] batch 5000/11596 | elapsed 1.8 min
[train] batch 5500/11596 | elapsed 1.9 min
[train] batch 6000/11596 | elapsed 2.1 min
[train] batch 6500/11596 | elapsed 2.3 min
[train] batch 7000/11596 | elapsed 2.5 min
[train] batch 7500/11596 | elapsed 2.6 min
[train] batch 8000/11596 | elapsed 2.8 min
[train] batch 8500/11596 | elapsed 3.0 min
[train] batch 9000/11596 | elapsed 3.2 min
[train] batch 9500/11596 | elapsed 3.3 min
[train] batch 10000/11596 | elapsed 3.5 min
[train] batch 10500/11596 | elapsed 3.7 min
[train] batch 11000/11596 | elapsed 3.9 min
[train] batch 11500/11596 | elapsed 4.0 min
[train] batch 11596/11596 | elapsed 4.1 min
[validation] batch 1/1648 | elapsed 0.0 min
[validation] batch 500/1648 | elapsed 0.0 min
[validation] batch 1000/1648 | elapsed 0.1 min
[validation] batch 1500/1648 | elapsed 0.1 min
[validation] batch 1648/1648 | elapsed 0.1 min
Epoch 17/30 | Loss T:0.1023 V:0.2182 | ROC-AUC T:0.899 V:0.540 | PR-AUC T:0.885 V:0.145 | P:0.148 R:0.443
  Early Stopping: Epoch 17'de duruldu (En iyi pr_auc: 0.1539)
[validation] batch 1/1648 | elapsed 0.0 min
[validation] batch 500/1648 | elapsed 0.0 min
[validation] batch 1000/1648 | elapsed 0.1 min
[validation] batch 1500/1648 | elapsed 0.1 min
[validation] batch 1648/1648 | elapsed 0.1 min

════════════════════════════════════════════════════════════
  PURGED_multi_text_seed43 — VALIDATION SET
════════════════════════════════════════════════════════════
  Threshold-bağımsız (ranking):
    ROC-AUC: 0.5586
    PR-AUC:  0.1539
  Optimal Threshold (MCC max from VAL): 0.5103 (val MCC=0.0706)
  Threshold-bağımlı (eşik=0.5103):
    Accuracy:  0.6091
    MCC:       0.0706
    Precision: 0.1549
    Recall:    0.4754
    F1:        0.2337

=== PURGED_multi_text_seed43 Validation Classification Report ===
              precision    recall  f1-score   support

  Stable (0)       0.89      0.63      0.74     92214
    Risk (1)       0.15      0.48      0.23     13222

    accuracy                           0.61    105436
   macro avg       0.52      0.55      0.49    105436
weighted avg       0.80      0.61      0.67    105436

[test] batch 1/2362 | elapsed 0.0 min
[test] batch 500/2362 | elapsed 0.0 min
[test] batch 1000/2362 | elapsed 0.1 min
[test] batch 1500/2362 | elapsed 0.1 min
[test] batch 2000/2362 | elapsed 0.2 min
[test] batch 2362/2362 | elapsed 0.2 min

════════════════════════════════════════════════════════════
  PURGED_multi_text_seed43 — TEST SET (hold-out, 2024+)
════════════════════════════════════════════════════════════
  Threshold-bağımsız (ranking):
    ROC-AUC: 0.6154
    PR-AUC:  0.1801
  Threshold-bağımlı (val'dan seçilen eşik=0.5103):
    Accuracy:  0.6212
    MCC:       0.1059
    Precision: 0.1761
    Recall:    0.5156
    F1:        0.2625

=== PURGED_multi_text_seed43 Test Classification Report ===
              precision    recall  f1-score   support

  Stable (0)       0.90      0.64      0.75    131398
    Risk (1)       0.18      0.52      0.26     19763

    accuracy                           0.62    151161
   macro avg       0.54      0.58      0.50    151161
weighted avg       0.80      0.62      0.68    151161


  Generalization gap (val → test):
    ROC-AUC: 0.5586 → 0.6154 (Δ +0.0568)
    PR-AUC:  0.1539 → 0.1801 (Δ +0.0262)
    MCC:     0.0706 → 0.1059 (Δ +0.0353)
PASS | purged I+II+IV seed43 | training + evaluation + export: 73.7 min
Historical outputs unchanged. Selected model, preprocessing and indexed predictions saved.
Report: \\nas.ads.mwn.de\go39lop\Desktop\Archive\results\purged_multi_text_seed43_20260916T171556Z_e37ac17d\experiment_report.json
