[Universe] Cache: 400 hisse, 9 sektör → datasets/universe.csv
FULL EXPERIMENT | I+II | seed 50 | up to 30 epochs | batch size 64
Output directory: \\nas.ads.mwn.de\go39lop\Desktop\Archive\results\purged_multi_pure_seed50_20260917T074208Z_f5c53b2a
Test is evaluated only after validation-based checkpoint selection.
GPU: NVIDIA A40

  Feature split → tech: 32 cols ('tech',) | fund: 6 cols ('fund',)
[Purge] Cached-date upper bounds; unknown endpoints excluded conservatively.
[Purge] Train: {'rows': 757567, 'crossing_upper_bound': 5102, 'unknown': 2798, 'retained_endpoints': 749667}
[Purge] Validation: {'rows': 115138, 'crossing_upper_bound': 4516, 'unknown': 482, 'retained_endpoints': 110140}
  Train  (2019-12-31'e kadar): 757,567 satır | Min: 2010-01-04 | Max: 2019-12-31
  Val    (2020-01-01 → 2021-12-31): 115,138 satır | Min: 2020-01-02 | Max: 2021-12-31
  Test   (2022-01-01 → 2024-12-31): 155,550 satır | Min: 2022-01-03 | Max: 2024-12-02

  Dual-stream Dataset'ler oluşturuluyor...
  [Train]
  DualStreamSequenceDataset: 742,162 sequences | seq_len=20 | tech_dim=32 | fund_dim=6 | Kriz oranı: 12.4%
  [Val]
  DualStreamSequenceDataset: 105,436 sequences | seq_len=20 | tech_dim=32 | fund_dim=6 | Kriz oranı: 12.5%
  [Test]
  DualStreamSequenceDataset: 151,161 sequences | seq_len=20 | tech_dim=32 | fund_dim=6 | Kriz oranı: 13.1%
  [Sampling] WeightedRandomSampler train'e uygulanıyor (val/test doğal kalıyor)...
Actual test dates: 2022-01-31 00:00:00 to 2024-12-02 00:00:00
Full-panel train sequences: 742162
Full-panel validation sequences: 105436

PURGED_multi_pure_seed50 Eğitimi Başlıyor (cuda) | monitor=pr_auc | lr=0.0001 | wd=0.01 | patience=8 | scheduler=plateau...
[train] batch 1/11596 | elapsed 0.0 min
[train] batch 500/11596 | elapsed 0.2 min
[train] batch 1000/11596 | elapsed 0.4 min
[train] batch 1500/11596 | elapsed 0.6 min
[train] batch 2000/11596 | elapsed 0.7 min
[train] batch 2500/11596 | elapsed 0.9 min
[train] batch 3000/11596 | elapsed 1.1 min
[train] batch 3500/11596 | elapsed 1.3 min
[train] batch 4000/11596 | elapsed 1.4 min
[train] batch 4500/11596 | elapsed 1.6 min
[train] batch 5000/11596 | elapsed 1.8 min
[train] batch 5500/11596 | elapsed 2.0 min
[train] batch 6000/11596 | elapsed 2.1 min
[train] batch 6500/11596 | elapsed 2.3 min
[train] batch 7000/11596 | elapsed 2.5 min
[train] batch 7500/11596 | elapsed 2.7 min
[train] batch 8000/11596 | elapsed 2.8 min
[train] batch 8500/11596 | elapsed 3.0 min
[train] batch 9000/11596 | elapsed 3.2 min
[train] batch 9500/11596 | elapsed 3.4 min
[train] batch 10000/11596 | elapsed 3.5 min
[train] batch 10500/11596 | elapsed 3.7 min
[train] batch 11000/11596 | elapsed 3.9 min
[train] batch 11500/11596 | elapsed 4.1 min
[train] batch 11596/11596 | elapsed 4.1 min
[validation] batch 1/1648 | elapsed 0.0 min
[validation] batch 500/1648 | elapsed 0.0 min
[validation] batch 1000/1648 | elapsed 0.1 min
[validation] batch 1500/1648 | elapsed 0.1 min
[validation] batch 1648/1648 | elapsed 0.1 min
Epoch 01/30 | Loss T:0.1623 V:0.1717 | ROC-AUC T:0.669 V:0.574 | PR-AUC T:0.642 V:0.155 | P:0.153 R:0.567
  ✓ Yeni en iyi model kaydedildi (pr_auc: 0.1552)
[train] batch 1/11596 | elapsed 0.0 min
[train] batch 500/11596 | elapsed 0.2 min
[train] batch 1000/11596 | elapsed 0.3 min
[train] batch 1500/11596 | elapsed 0.5 min
[train] batch 2000/11596 | elapsed 0.7 min
[train] batch 2500/11596 | elapsed 0.9 min
[train] batch 3000/11596 | elapsed 1.0 min
[train] batch 3500/11596 | elapsed 1.2 min
[train] batch 4000/11596 | elapsed 1.4 min
[train] batch 4500/11596 | elapsed 1.6 min
[train] batch 5000/11596 | elapsed 1.7 min
[train] batch 5500/11596 | elapsed 1.9 min
[train] batch 6000/11596 | elapsed 2.1 min
[train] batch 6500/11596 | elapsed 2.3 min
[train] batch 7000/11596 | elapsed 2.4 min
[train] batch 7500/11596 | elapsed 2.6 min
[train] batch 8000/11596 | elapsed 2.8 min
[train] batch 8500/11596 | elapsed 3.0 min
[train] batch 9000/11596 | elapsed 3.1 min
[train] batch 9500/11596 | elapsed 3.3 min
[train] batch 10000/11596 | elapsed 3.5 min
[train] batch 10500/11596 | elapsed 3.7 min
[train] batch 11000/11596 | elapsed 3.9 min
[train] batch 11500/11596 | elapsed 4.0 min
[train] batch 11596/11596 | elapsed 4.1 min
[validation] batch 1/1648 | elapsed 0.0 min
[validation] batch 500/1648 | elapsed 0.0 min
[validation] batch 1000/1648 | elapsed 0.1 min
[validation] batch 1500/1648 | elapsed 0.1 min
[validation] batch 1648/1648 | elapsed 0.1 min
Epoch 02/30 | Loss T:0.1563 V:0.1666 | ROC-AUC T:0.707 V:0.573 | PR-AUC T:0.681 V:0.155 | P:0.157 R:0.513
[train] batch 1/11596 | elapsed 0.0 min
[train] batch 500/11596 | elapsed 0.2 min
[train] batch 1000/11596 | elapsed 0.4 min
[train] batch 1500/11596 | elapsed 0.5 min
[train] batch 2000/11596 | elapsed 0.7 min
[train] batch 2500/11596 | elapsed 0.9 min
[train] batch 3000/11596 | elapsed 1.1 min
[train] batch 3500/11596 | elapsed 1.2 min
[train] batch 4000/11596 | elapsed 1.4 min
[train] batch 4500/11596 | elapsed 1.6 min
[train] batch 5000/11596 | elapsed 1.7 min
[train] batch 5500/11596 | elapsed 1.9 min
[train] batch 6000/11596 | elapsed 2.1 min
[train] batch 6500/11596 | elapsed 2.3 min
[train] batch 7000/11596 | elapsed 2.4 min
[train] batch 7500/11596 | elapsed 2.6 min
[train] batch 8000/11596 | elapsed 2.8 min
[train] batch 8500/11596 | elapsed 3.0 min
[train] batch 9000/11596 | elapsed 3.2 min
[train] batch 9500/11596 | elapsed 3.3 min
[train] batch 10000/11596 | elapsed 3.5 min
[train] batch 10500/11596 | elapsed 3.7 min
[train] batch 11000/11596 | elapsed 3.8 min
[train] batch 11500/11596 | elapsed 4.0 min
[train] batch 11596/11596 | elapsed 4.1 min
[validation] batch 1/1648 | elapsed 0.0 min
[validation] batch 500/1648 | elapsed 0.0 min
[validation] batch 1000/1648 | elapsed 0.1 min
[validation] batch 1500/1648 | elapsed 0.1 min
[validation] batch 1648/1648 | elapsed 0.1 min
Epoch 03/30 | Loss T:0.1520 V:0.1763 | ROC-AUC T:0.730 V:0.555 | PR-AUC T:0.708 V:0.148 | P:0.146 R:0.516
[train] batch 1/11596 | elapsed 0.0 min
[train] batch 500/11596 | elapsed 0.2 min
[train] batch 1000/11596 | elapsed 0.3 min
[train] batch 1500/11596 | elapsed 0.5 min
[train] batch 2000/11596 | elapsed 0.7 min
[train] batch 2500/11596 | elapsed 0.9 min
[train] batch 3000/11596 | elapsed 1.1 min
[train] batch 3500/11596 | elapsed 1.2 min
[train] batch 4000/11596 | elapsed 1.4 min
[train] batch 4500/11596 | elapsed 1.6 min
[train] batch 5000/11596 | elapsed 1.8 min
[train] batch 5500/11596 | elapsed 1.9 min
[train] batch 6000/11596 | elapsed 2.1 min
[train] batch 6500/11596 | elapsed 2.3 min
[train] batch 7000/11596 | elapsed 2.5 min
[train] batch 7500/11596 | elapsed 2.6 min
[train] batch 8000/11596 | elapsed 2.8 min
[train] batch 8500/11596 | elapsed 3.0 min
[train] batch 9000/11596 | elapsed 3.2 min
[train] batch 9500/11596 | elapsed 3.3 min
[train] batch 10000/11596 | elapsed 3.5 min
[train] batch 10500/11596 | elapsed 3.7 min
[train] batch 11000/11596 | elapsed 3.9 min
[train] batch 11500/11596 | elapsed 4.0 min
[train] batch 11596/11596 | elapsed 4.1 min
[validation] batch 1/1648 | elapsed 0.0 min
[validation] batch 500/1648 | elapsed 0.0 min
[validation] batch 1000/1648 | elapsed 0.1 min
[validation] batch 1500/1648 | elapsed 0.1 min
[validation] batch 1648/1648 | elapsed 0.1 min
Epoch 04/30 | Loss T:0.1480 V:0.1713 | ROC-AUC T:0.748 V:0.581 | PR-AUC T:0.729 V:0.162 | P:0.157 R:0.554
  ✓ Yeni en iyi model kaydedildi (pr_auc: 0.1616)
[train] batch 1/11596 | elapsed 0.0 min
[train] batch 500/11596 | elapsed 0.2 min
[train] batch 1000/11596 | elapsed 0.4 min
[train] batch 1500/11596 | elapsed 0.5 min
[train] batch 2000/11596 | elapsed 0.7 min
[train] batch 2500/11596 | elapsed 0.9 min
[train] batch 3000/11596 | elapsed 1.1 min
[train] batch 3500/11596 | elapsed 1.2 min
[train] batch 4000/11596 | elapsed 1.4 min
[train] batch 4500/11596 | elapsed 1.6 min
[train] batch 5000/11596 | elapsed 1.7 min
[train] batch 5500/11596 | elapsed 1.9 min
[train] batch 6000/11596 | elapsed 2.1 min
[train] batch 6500/11596 | elapsed 2.3 min
[train] batch 7000/11596 | elapsed 2.5 min
[train] batch 7500/11596 | elapsed 2.6 min
[train] batch 8000/11596 | elapsed 2.8 min
[train] batch 8500/11596 | elapsed 3.0 min
[train] batch 9000/11596 | elapsed 3.2 min
[train] batch 9500/11596 | elapsed 3.3 min
[train] batch 10000/11596 | elapsed 3.5 min
[train] batch 10500/11596 | elapsed 3.7 min
[train] batch 11000/11596 | elapsed 3.8 min
[train] batch 11500/11596 | elapsed 4.0 min
[train] batch 11596/11596 | elapsed 4.0 min
[validation] batch 1/1648 | elapsed 0.0 min
[validation] batch 500/1648 | elapsed 0.0 min
[validation] batch 1000/1648 | elapsed 0.1 min
[validation] batch 1500/1648 | elapsed 0.1 min
[validation] batch 1648/1648 | elapsed 0.1 min
Epoch 05/30 | Loss T:0.1448 V:0.1798 | ROC-AUC T:0.762 V:0.554 | PR-AUC T:0.744 V:0.148 | P:0.149 R:0.511
[train] batch 1/11596 | elapsed 0.0 min
[train] batch 500/11596 | elapsed 0.2 min
[train] batch 1000/11596 | elapsed 0.4 min
[train] batch 1500/11596 | elapsed 0.5 min
[train] batch 2000/11596 | elapsed 0.7 min
[train] batch 2500/11596 | elapsed 0.9 min
[train] batch 3000/11596 | elapsed 1.0 min
[train] batch 3500/11596 | elapsed 1.2 min
[train] batch 4000/11596 | elapsed 1.4 min
[train] batch 4500/11596 | elapsed 1.6 min
[train] batch 5000/11596 | elapsed 1.7 min
[train] batch 5500/11596 | elapsed 1.9 min
[train] batch 6000/11596 | elapsed 2.1 min
[train] batch 6500/11596 | elapsed 2.3 min
[train] batch 7000/11596 | elapsed 2.5 min
[train] batch 7500/11596 | elapsed 2.6 min
[train] batch 8000/11596 | elapsed 2.8 min
[train] batch 8500/11596 | elapsed 3.0 min
[train] batch 9000/11596 | elapsed 3.2 min
[train] batch 9500/11596 | elapsed 3.3 min
[train] batch 10000/11596 | elapsed 3.5 min
[train] batch 10500/11596 | elapsed 3.7 min
[train] batch 11000/11596 | elapsed 3.8 min
[train] batch 11500/11596 | elapsed 4.0 min
[train] batch 11596/11596 | elapsed 4.1 min
[validation] batch 1/1648 | elapsed 0.0 min
[validation] batch 500/1648 | elapsed 0.0 min
[validation] batch 1000/1648 | elapsed 0.1 min
[validation] batch 1500/1648 | elapsed 0.1 min
[validation] batch 1648/1648 | elapsed 0.1 min
Epoch 06/30 | Loss T:0.1421 V:0.1804 | ROC-AUC T:0.774 V:0.563 | PR-AUC T:0.755 V:0.152 | P:0.154 R:0.534
[train] batch 1/11596 | elapsed 0.0 min
[train] batch 500/11596 | elapsed 0.2 min
[train] batch 1000/11596 | elapsed 0.4 min
[train] batch 1500/11596 | elapsed 0.5 min
[train] batch 2000/11596 | elapsed 0.7 min
[train] batch 2500/11596 | elapsed 0.9 min
[train] batch 3000/11596 | elapsed 1.1 min
[train] batch 3500/11596 | elapsed 1.2 min
[train] batch 4000/11596 | elapsed 1.4 min
[train] batch 4500/11596 | elapsed 1.6 min
[train] batch 5000/11596 | elapsed 1.8 min
[train] batch 5500/11596 | elapsed 1.9 min
[train] batch 6000/11596 | elapsed 2.1 min
[train] batch 6500/11596 | elapsed 2.3 min
[train] batch 7000/11596 | elapsed 2.5 min
[train] batch 7500/11596 | elapsed 2.6 min
[train] batch 8000/11596 | elapsed 2.8 min
[train] batch 8500/11596 | elapsed 3.0 min
[train] batch 9000/11596 | elapsed 3.2 min
[train] batch 9500/11596 | elapsed 3.3 min
[train] batch 10000/11596 | elapsed 3.5 min
[train] batch 10500/11596 | elapsed 3.7 min
[train] batch 11000/11596 | elapsed 3.9 min
[train] batch 11500/11596 | elapsed 4.0 min
[train] batch 11596/11596 | elapsed 4.1 min
[validation] batch 1/1648 | elapsed 0.0 min
[validation] batch 500/1648 | elapsed 0.0 min
[validation] batch 1000/1648 | elapsed 0.1 min
[validation] batch 1500/1648 | elapsed 0.1 min
[validation] batch 1648/1648 | elapsed 0.1 min
Epoch 07/30 | Loss T:0.1389 V:0.1872 | ROC-AUC T:0.787 V:0.550 | PR-AUC T:0.769 V:0.146 | P:0.148 R:0.533
[train] batch 1/11596 | elapsed 0.0 min
[train] batch 500/11596 | elapsed 0.2 min
[train] batch 1000/11596 | elapsed 0.4 min
[train] batch 1500/11596 | elapsed 0.5 min
[train] batch 2000/11596 | elapsed 0.7 min
[train] batch 2500/11596 | elapsed 0.9 min
[train] batch 3000/11596 | elapsed 1.1 min
[train] batch 3500/11596 | elapsed 1.2 min
[train] batch 4000/11596 | elapsed 1.4 min
[train] batch 4500/11596 | elapsed 1.6 min
[train] batch 5000/11596 | elapsed 1.8 min
[train] batch 5500/11596 | elapsed 1.9 min
[train] batch 6000/11596 | elapsed 2.1 min
[train] batch 6500/11596 | elapsed 2.3 min
[train] batch 7000/11596 | elapsed 2.5 min
[train] batch 7500/11596 | elapsed 2.7 min
[train] batch 8000/11596 | elapsed 2.8 min
[train] batch 8500/11596 | elapsed 3.0 min
[train] batch 9000/11596 | elapsed 3.2 min
[train] batch 9500/11596 | elapsed 3.4 min
[train] batch 10000/11596 | elapsed 3.5 min
[train] batch 10500/11596 | elapsed 3.7 min
[train] batch 11000/11596 | elapsed 3.9 min
[train] batch 11500/11596 | elapsed 4.1 min
[train] batch 11596/11596 | elapsed 4.1 min
[validation] batch 1/1648 | elapsed 0.0 min
[validation] batch 500/1648 | elapsed 0.0 min
[validation] batch 1000/1648 | elapsed 0.1 min
[validation] batch 1500/1648 | elapsed 0.1 min
[validation] batch 1648/1648 | elapsed 0.1 min
Epoch 08/30 | Loss T:0.1354 V:0.1761 | ROC-AUC T:0.800 V:0.566 | PR-AUC T:0.781 V:0.152 | P:0.156 R:0.490
[train] batch 1/11596 | elapsed 0.0 min
[train] batch 500/11596 | elapsed 0.2 min
[train] batch 1000/11596 | elapsed 0.4 min
[train] batch 1500/11596 | elapsed 0.5 min
[train] batch 2000/11596 | elapsed 0.7 min
[train] batch 2500/11596 | elapsed 0.9 min
[train] batch 3000/11596 | elapsed 1.1 min
[train] batch 3500/11596 | elapsed 1.2 min
[train] batch 4000/11596 | elapsed 1.4 min
[train] batch 4500/11596 | elapsed 1.6 min
[train] batch 5000/11596 | elapsed 1.8 min
[train] batch 5500/11596 | elapsed 2.0 min
[train] batch 6000/11596 | elapsed 2.1 min
[train] batch 6500/11596 | elapsed 2.3 min
[train] batch 7000/11596 | elapsed 2.5 min
[train] batch 7500/11596 | elapsed 2.7 min
[train] batch 8000/11596 | elapsed 2.8 min
[train] batch 8500/11596 | elapsed 3.0 min
[train] batch 9000/11596 | elapsed 3.2 min
[train] batch 9500/11596 | elapsed 3.4 min
[train] batch 10000/11596 | elapsed 3.6 min
[train] batch 10500/11596 | elapsed 3.7 min
[train] batch 11000/11596 | elapsed 3.9 min
[train] batch 11500/11596 | elapsed 4.1 min
[train] batch 11596/11596 | elapsed 4.1 min
[validation] batch 1/1648 | elapsed 0.0 min
[validation] batch 500/1648 | elapsed 0.0 min
[validation] batch 1000/1648 | elapsed 0.1 min
[validation] batch 1500/1648 | elapsed 0.1 min
[validation] batch 1648/1648 | elapsed 0.1 min
Epoch 09/30 | Loss T:0.1325 V:0.1926 | ROC-AUC T:0.811 V:0.534 | PR-AUC T:0.793 V:0.138 | P:0.142 R:0.487
[train] batch 1/11596 | elapsed 0.0 min
[train] batch 500/11596 | elapsed 0.2 min
[train] batch 1000/11596 | elapsed 0.4 min
[train] batch 1500/11596 | elapsed 0.5 min
[train] batch 2000/11596 | elapsed 0.7 min
[train] batch 2500/11596 | elapsed 0.9 min
[train] batch 3000/11596 | elapsed 1.1 min
[train] batch 3500/11596 | elapsed 1.2 min
[train] batch 4000/11596 | elapsed 1.4 min
[train] batch 4500/11596 | elapsed 1.6 min
[train] batch 5000/11596 | elapsed 1.8 min
[train] batch 5500/11596 | elapsed 2.0 min
[train] batch 6000/11596 | elapsed 2.1 min
[train] batch 6500/11596 | elapsed 2.3 min
[train] batch 7000/11596 | elapsed 2.5 min
[train] batch 7500/11596 | elapsed 2.7 min
[train] batch 8000/11596 | elapsed 2.8 min
[train] batch 8500/11596 | elapsed 3.0 min
[train] batch 9000/11596 | elapsed 3.2 min
[train] batch 9500/11596 | elapsed 3.4 min
[train] batch 10000/11596 | elapsed 3.6 min
[train] batch 10500/11596 | elapsed 3.7 min
[train] batch 11000/11596 | elapsed 3.9 min
[train] batch 11500/11596 | elapsed 4.1 min
[train] batch 11596/11596 | elapsed 4.1 min
[validation] batch 1/1648 | elapsed 0.0 min
[validation] batch 500/1648 | elapsed 0.0 min
[validation] batch 1000/1648 | elapsed 0.1 min
[validation] batch 1500/1648 | elapsed 0.1 min
[validation] batch 1648/1648 | elapsed 0.1 min
Epoch 10/30 | Loss T:0.1287 V:0.1820 | ROC-AUC T:0.824 V:0.562 | PR-AUC T:0.805 V:0.152 | P:0.154 R:0.468
[train] batch 1/11596 | elapsed 0.0 min
[train] batch 500/11596 | elapsed 0.2 min
[train] batch 1000/11596 | elapsed 0.4 min
[train] batch 1500/11596 | elapsed 0.5 min
[train] batch 2000/11596 | elapsed 0.7 min
[train] batch 2500/11596 | elapsed 0.9 min
[train] batch 3000/11596 | elapsed 1.1 min
[train] batch 3500/11596 | elapsed 1.2 min
[train] batch 4000/11596 | elapsed 1.4 min
[train] batch 4500/11596 | elapsed 1.6 min
[train] batch 5000/11596 | elapsed 1.8 min
[train] batch 5500/11596 | elapsed 2.0 min
[train] batch 6000/11596 | elapsed 2.1 min
[train] batch 6500/11596 | elapsed 2.3 min
[train] batch 7000/11596 | elapsed 2.5 min
[train] batch 7500/11596 | elapsed 2.7 min
[train] batch 8000/11596 | elapsed 2.8 min
[train] batch 8500/11596 | elapsed 3.0 min
[train] batch 9000/11596 | elapsed 3.2 min
[train] batch 9500/11596 | elapsed 3.4 min
[train] batch 10000/11596 | elapsed 3.5 min
[train] batch 10500/11596 | elapsed 3.7 min
[train] batch 11000/11596 | elapsed 3.9 min
[train] batch 11500/11596 | elapsed 4.1 min
[train] batch 11596/11596 | elapsed 4.1 min
[validation] batch 1/1648 | elapsed 0.0 min
[validation] batch 500/1648 | elapsed 0.0 min
[validation] batch 1000/1648 | elapsed 0.1 min
[validation] batch 1500/1648 | elapsed 0.1 min
[validation] batch 1648/1648 | elapsed 0.1 min
Epoch 11/30 | Loss T:0.1270 V:0.1908 | ROC-AUC T:0.830 V:0.555 | PR-AUC T:0.812 V:0.147 | P:0.151 R:0.478
[train] batch 1/11596 | elapsed 0.0 min
[train] batch 500/11596 | elapsed 0.2 min
[train] batch 1000/11596 | elapsed 0.4 min
[train] batch 1500/11596 | elapsed 0.5 min
[train] batch 2000/11596 | elapsed 0.7 min
[train] batch 2500/11596 | elapsed 0.9 min
[train] batch 3000/11596 | elapsed 1.1 min
[train] batch 3500/11596 | elapsed 1.2 min
[train] batch 4000/11596 | elapsed 1.4 min
[train] batch 4500/11596 | elapsed 1.6 min
[train] batch 5000/11596 | elapsed 1.8 min
[train] batch 5500/11596 | elapsed 2.0 min
[train] batch 6000/11596 | elapsed 2.1 min
[train] batch 6500/11596 | elapsed 2.3 min
[train] batch 7000/11596 | elapsed 2.5 min
[train] batch 7500/11596 | elapsed 2.7 min
[train] batch 8000/11596 | elapsed 2.8 min
[train] batch 8500/11596 | elapsed 3.0 min
[train] batch 9000/11596 | elapsed 3.2 min
[train] batch 9500/11596 | elapsed 3.4 min
[train] batch 10000/11596 | elapsed 3.6 min
[train] batch 10500/11596 | elapsed 3.7 min
[train] batch 11000/11596 | elapsed 3.9 min
[train] batch 11500/11596 | elapsed 4.1 min
[train] batch 11596/11596 | elapsed 4.1 min
[validation] batch 1/1648 | elapsed 0.0 min
[validation] batch 500/1648 | elapsed 0.0 min
[validation] batch 1000/1648 | elapsed 0.1 min
[validation] batch 1500/1648 | elapsed 0.1 min
[validation] batch 1648/1648 | elapsed 0.1 min
Epoch 12/30 | Loss T:0.1252 V:0.1943 | ROC-AUC T:0.836 V:0.556 | PR-AUC T:0.818 V:0.148 | P:0.151 R:0.496
  Early Stopping: Epoch 12'de duruldu (En iyi pr_auc: 0.1616)
[validation] batch 1/1648 | elapsed 0.0 min
[validation] batch 500/1648 | elapsed 0.0 min
[validation] batch 1000/1648 | elapsed 0.1 min
[validation] batch 1500/1648 | elapsed 0.1 min
[validation] batch 1648/1648 | elapsed 0.1 min

════════════════════════════════════════════════════════════
  PURGED_multi_pure_seed50 — VALIDATION SET
════════════════════════════════════════════════════════════
  Threshold-bağımsız (ranking):
    ROC-AUC: 0.5807
    PR-AUC:  0.1616
  Optimal Threshold (MCC max from VAL): 0.5201 (val MCC=0.0898)
  Threshold-bağımlı (eşik=0.5201):
    Accuracy:  0.6399
    MCC:       0.0898
    Precision: 0.1658
    Recall:    0.4643
    F1:        0.2444

=== PURGED_multi_pure_seed50 Validation Classification Report ===
              precision    recall  f1-score   support

  Stable (0)       0.90      0.67      0.76     92214
    Risk (1)       0.17      0.46      0.24     13222

    accuracy                           0.64    105436
   macro avg       0.53      0.56      0.50    105436
weighted avg       0.80      0.64      0.70    105436

[test] batch 1/2362 | elapsed 0.0 min
[test] batch 500/2362 | elapsed 0.0 min
[test] batch 1000/2362 | elapsed 0.1 min
[test] batch 1500/2362 | elapsed 0.1 min
[test] batch 2000/2362 | elapsed 0.2 min
[test] batch 2362/2362 | elapsed 0.2 min

════════════════════════════════════════════════════════════
  PURGED_multi_pure_seed50 — TEST SET (hold-out, 2024+)
════════════════════════════════════════════════════════════
  Threshold-bağımsız (ranking):
    ROC-AUC: 0.6263
    PR-AUC:  0.1880
  Threshold-bağımlı (val'dan seçilen eşik=0.5201):
    Accuracy:  0.6470
    MCC:       0.1220
    Precision: 0.1863
    Recall:    0.5047
    F1:        0.2721

=== PURGED_multi_pure_seed50 Test Classification Report ===
              precision    recall  f1-score   support

  Stable (0)       0.90      0.67      0.77    131398
    Risk (1)       0.19      0.50      0.27     19763

    accuracy                           0.65    151161
   macro avg       0.54      0.59      0.52    151161
weighted avg       0.81      0.65      0.70    151161


  Generalization gap (val → test):
    ROC-AUC: 0.5807 → 0.6263 (Δ +0.0456)
    PR-AUC:  0.1616 → 0.1880 (Δ +0.0264)
    MCC:     0.0898 → 0.1220 (Δ +0.0322)
PASS | purged I+II seed50 | training + evaluation + export: 52.3 min
Historical outputs unchanged. Selected model, preprocessing and indexed predictions saved.
Report: \\nas.ads.mwn.de\go39lop\Desktop\Archive\results\purged_multi_pure_seed50_20260917T074208Z_f5c53b2a\experiment_report.json
