[Universe] Cache: 400 hisse, 9 sektör → datasets/universe.csv
FULL EXPERIMENT | I+II | seed 52 | up to 30 epochs | batch size 64
Output directory: \\nas.ads.mwn.de\go39lop\Desktop\Archive\results\purged_multi_pure_seed52_20260917T122402Z_81ceee1c
Test is evaluated only after validation-based checkpoint selection.
GPU: NVIDIA A40

  Feature split → tech: 32 cols ('tech',) | fund: 6 cols ('fund',)
[Purge] Cached-date upper bounds; unknown endpoints excluded conservatively.
[Purge] Train: {'rows': 757567, 'crossing_upper_bound': 5102, 'unknown': 2798, 'retained_endpoints': 749667}
[Purge] Validation: {'rows': 115138, 'crossing_upper_bound': 4516, 'unknown': 482, 'retained_endpoints': 110140}
  Train  (2019-12-31'e kadar): 757,567 satır | Min: 2010-01-04 | Max: 2019-12-31
  Val    (2020-01-01 → 2021-12-31): 115,138 satır | Min: 2020-01-02 | Max: 2021-12-31
  Test   (2022-01-01 → 2024-12-31): 155,550 satır | Min: 2022-01-03 | Max: 2024-12-02

  Dual-stream Dataset'ler oluşturuluyor...
  [Train]
  DualStreamSequenceDataset: 742,162 sequences | seq_len=20 | tech_dim=32 | fund_dim=6 | Kriz oranı: 12.4%
  [Val]
  DualStreamSequenceDataset: 105,436 sequences | seq_len=20 | tech_dim=32 | fund_dim=6 | Kriz oranı: 12.5%
  [Test]
  DualStreamSequenceDataset: 151,161 sequences | seq_len=20 | tech_dim=32 | fund_dim=6 | Kriz oranı: 13.1%
  [Sampling] WeightedRandomSampler train'e uygulanıyor (val/test doğal kalıyor)...
Actual test dates: 2022-01-31 00:00:00 to 2024-12-02 00:00:00
Full-panel train sequences: 742162
Full-panel validation sequences: 105436

PURGED_multi_pure_seed52 Eğitimi Başlıyor (cuda) | monitor=pr_auc | lr=0.0001 | wd=0.01 | patience=8 | scheduler=plateau...
[train] batch 1/11596 | elapsed 0.0 min
[train] batch 500/11596 | elapsed 0.2 min
[train] batch 1000/11596 | elapsed 0.4 min
[train] batch 1500/11596 | elapsed 0.6 min
[train] batch 2000/11596 | elapsed 0.7 min
[train] batch 2500/11596 | elapsed 0.9 min
[train] batch 3000/11596 | elapsed 1.1 min
[train] batch 3500/11596 | elapsed 1.2 min
[train] batch 4000/11596 | elapsed 1.4 min
[train] batch 4500/11596 | elapsed 1.6 min
[train] batch 5000/11596 | elapsed 1.8 min
[train] batch 5500/11596 | elapsed 1.9 min
[train] batch 6000/11596 | elapsed 2.1 min
[train] batch 6500/11596 | elapsed 2.3 min
[train] batch 7000/11596 | elapsed 2.5 min
[train] batch 7500/11596 | elapsed 2.6 min
[train] batch 8000/11596 | elapsed 2.8 min
[train] batch 8500/11596 | elapsed 3.0 min
[train] batch 9000/11596 | elapsed 3.2 min
[train] batch 9500/11596 | elapsed 3.4 min
[train] batch 10000/11596 | elapsed 3.5 min
[train] batch 10500/11596 | elapsed 3.7 min
[train] batch 11000/11596 | elapsed 3.9 min
[train] batch 11500/11596 | elapsed 4.1 min
[train] batch 11596/11596 | elapsed 4.1 min
[validation] batch 1/1648 | elapsed 0.0 min
[validation] batch 500/1648 | elapsed 0.0 min
[validation] batch 1000/1648 | elapsed 0.1 min
[validation] batch 1500/1648 | elapsed 0.1 min
[validation] batch 1648/1648 | elapsed 0.1 min
Epoch 01/30 | Loss T:0.1624 V:0.1721 | ROC-AUC T:0.668 V:0.559 | PR-AUC T:0.641 V:0.158 | P:0.148 R:0.551
  ✓ Yeni en iyi model kaydedildi (pr_auc: 0.1581)
[train] batch 1/11596 | elapsed 0.0 min
[train] batch 500/11596 | elapsed 0.2 min
[train] batch 1000/11596 | elapsed 0.3 min
[train] batch 1500/11596 | elapsed 0.5 min
[train] batch 2000/11596 | elapsed 0.7 min
[train] batch 2500/11596 | elapsed 0.9 min
[train] batch 3000/11596 | elapsed 1.0 min
[train] batch 3500/11596 | elapsed 1.2 min
[train] batch 4000/11596 | elapsed 1.4 min
[train] batch 4500/11596 | elapsed 1.6 min
[train] batch 5000/11596 | elapsed 1.7 min
[train] batch 5500/11596 | elapsed 1.9 min
[train] batch 6000/11596 | elapsed 2.1 min
[train] batch 6500/11596 | elapsed 2.3 min
[train] batch 7000/11596 | elapsed 2.4 min
[train] batch 7500/11596 | elapsed 2.6 min
[train] batch 8000/11596 | elapsed 2.8 min
[train] batch 8500/11596 | elapsed 3.0 min
[train] batch 9000/11596 | elapsed 3.1 min
[train] batch 9500/11596 | elapsed 3.3 min
[train] batch 10000/11596 | elapsed 3.5 min
[train] batch 10500/11596 | elapsed 3.7 min
[train] batch 11000/11596 | elapsed 3.8 min
[train] batch 11500/11596 | elapsed 4.0 min
[train] batch 11596/11596 | elapsed 4.0 min
[validation] batch 1/1648 | elapsed 0.0 min
[validation] batch 500/1648 | elapsed 0.0 min
[validation] batch 1000/1648 | elapsed 0.1 min
[validation] batch 1500/1648 | elapsed 0.1 min
[validation] batch 1648/1648 | elapsed 0.1 min
Epoch 02/30 | Loss T:0.1563 V:0.1697 | ROC-AUC T:0.708 V:0.577 | PR-AUC T:0.681 V:0.163 | P:0.154 R:0.556
  ✓ Yeni en iyi model kaydedildi (pr_auc: 0.1627)
[train] batch 1/11596 | elapsed 0.0 min
[train] batch 500/11596 | elapsed 0.2 min
[train] batch 1000/11596 | elapsed 0.4 min
[train] batch 1500/11596 | elapsed 0.5 min
[train] batch 2000/11596 | elapsed 0.7 min
[train] batch 2500/11596 | elapsed 0.9 min
[train] batch 3000/11596 | elapsed 1.1 min
[train] batch 3500/11596 | elapsed 1.2 min
[train] batch 4000/11596 | elapsed 1.4 min
[train] batch 4500/11596 | elapsed 1.6 min
[train] batch 5000/11596 | elapsed 1.7 min
[train] batch 5500/11596 | elapsed 1.9 min
[train] batch 6000/11596 | elapsed 2.1 min
[train] batch 6500/11596 | elapsed 2.3 min
[train] batch 7000/11596 | elapsed 2.4 min
[train] batch 7500/11596 | elapsed 2.6 min
[train] batch 8000/11596 | elapsed 2.8 min
[train] batch 8500/11596 | elapsed 3.0 min
[train] batch 9000/11596 | elapsed 3.1 min
[train] batch 9500/11596 | elapsed 3.3 min
[train] batch 10000/11596 | elapsed 3.5 min
[train] batch 10500/11596 | elapsed 3.7 min
[train] batch 11000/11596 | elapsed 3.8 min
[train] batch 11500/11596 | elapsed 4.0 min
[train] batch 11596/11596 | elapsed 4.0 min
[validation] batch 1/1648 | elapsed 0.0 min
[validation] batch 500/1648 | elapsed 0.0 min
[validation] batch 1000/1648 | elapsed 0.1 min
[validation] batch 1500/1648 | elapsed 0.1 min
[validation] batch 1648/1648 | elapsed 0.1 min
Epoch 03/30 | Loss T:0.1518 V:0.1736 | ROC-AUC T:0.732 V:0.563 | PR-AUC T:0.709 V:0.159 | P:0.151 R:0.539
[train] batch 1/11596 | elapsed 0.0 min
[train] batch 500/11596 | elapsed 0.2 min
[train] batch 1000/11596 | elapsed 0.3 min
[train] batch 1500/11596 | elapsed 0.5 min
[train] batch 2000/11596 | elapsed 0.7 min
[train] batch 2500/11596 | elapsed 0.9 min
[train] batch 3000/11596 | elapsed 1.0 min
[train] batch 3500/11596 | elapsed 1.2 min
[train] batch 4000/11596 | elapsed 1.4 min
[train] batch 4500/11596 | elapsed 1.6 min
[train] batch 5000/11596 | elapsed 1.7 min
[train] batch 5500/11596 | elapsed 1.9 min
[train] batch 6000/11596 | elapsed 2.1 min
[train] batch 6500/11596 | elapsed 2.3 min
[train] batch 7000/11596 | elapsed 2.4 min
[train] batch 7500/11596 | elapsed 2.6 min
[train] batch 8000/11596 | elapsed 2.8 min
[train] batch 8500/11596 | elapsed 3.0 min
[train] batch 9000/11596 | elapsed 3.1 min
[train] batch 9500/11596 | elapsed 3.3 min
[train] batch 10000/11596 | elapsed 3.5 min
[train] batch 10500/11596 | elapsed 3.7 min
[train] batch 11000/11596 | elapsed 3.8 min
[train] batch 11500/11596 | elapsed 4.0 min
[train] batch 11596/11596 | elapsed 4.1 min
[validation] batch 1/1648 | elapsed 0.0 min
[validation] batch 500/1648 | elapsed 0.0 min
[validation] batch 1000/1648 | elapsed 0.1 min
[validation] batch 1500/1648 | elapsed 0.1 min
[validation] batch 1648/1648 | elapsed 0.1 min
Epoch 04/30 | Loss T:0.1479 V:0.1767 | ROC-AUC T:0.751 V:0.579 | PR-AUC T:0.730 V:0.163 | P:0.155 R:0.572
  ✓ Yeni en iyi model kaydedildi (pr_auc: 0.1628)
[train] batch 1/11596 | elapsed 0.0 min
[train] batch 500/11596 | elapsed 0.2 min
[train] batch 1000/11596 | elapsed 0.4 min
[train] batch 1500/11596 | elapsed 0.5 min
[train] batch 2000/11596 | elapsed 0.7 min
[train] batch 2500/11596 | elapsed 0.9 min
[train] batch 3000/11596 | elapsed 1.0 min
[train] batch 3500/11596 | elapsed 1.2 min
[train] batch 4000/11596 | elapsed 1.4 min
[train] batch 4500/11596 | elapsed 1.6 min
[train] batch 5000/11596 | elapsed 1.7 min
[train] batch 5500/11596 | elapsed 1.9 min
[train] batch 6000/11596 | elapsed 2.1 min
[train] batch 6500/11596 | elapsed 2.3 min
[train] batch 7000/11596 | elapsed 2.4 min
[train] batch 7500/11596 | elapsed 2.6 min
[train] batch 8000/11596 | elapsed 2.8 min
[train] batch 8500/11596 | elapsed 3.0 min
[train] batch 9000/11596 | elapsed 3.1 min
[train] batch 9500/11596 | elapsed 3.3 min
[train] batch 10000/11596 | elapsed 3.5 min
[train] batch 10500/11596 | elapsed 3.7 min
[train] batch 11000/11596 | elapsed 3.8 min
[train] batch 11500/11596 | elapsed 4.0 min
[train] batch 11596/11596 | elapsed 4.0 min
[validation] batch 1/1648 | elapsed 0.0 min
[validation] batch 500/1648 | elapsed 0.0 min
[validation] batch 1000/1648 | elapsed 0.1 min
[validation] batch 1500/1648 | elapsed 0.1 min
[validation] batch 1648/1648 | elapsed 0.1 min
Epoch 05/30 | Loss T:0.1444 V:0.1737 | ROC-AUC T:0.766 V:0.559 | PR-AUC T:0.747 V:0.156 | P:0.151 R:0.492
[train] batch 1/11596 | elapsed 0.0 min
[train] batch 500/11596 | elapsed 0.2 min
[train] batch 1000/11596 | elapsed 0.4 min
[train] batch 1500/11596 | elapsed 0.5 min
[train] batch 2000/11596 | elapsed 0.7 min
[train] batch 2500/11596 | elapsed 0.9 min
[train] batch 3000/11596 | elapsed 1.0 min
[train] batch 3500/11596 | elapsed 1.2 min
[train] batch 4000/11596 | elapsed 1.4 min
[train] batch 4500/11596 | elapsed 1.6 min
[train] batch 5000/11596 | elapsed 1.7 min
[train] batch 5500/11596 | elapsed 1.9 min
[train] batch 6000/11596 | elapsed 2.1 min
[train] batch 6500/11596 | elapsed 2.3 min
[train] batch 7000/11596 | elapsed 2.4 min
[train] batch 7500/11596 | elapsed 2.6 min
[train] batch 8000/11596 | elapsed 2.8 min
[train] batch 8500/11596 | elapsed 3.0 min
[train] batch 9000/11596 | elapsed 3.1 min
[train] batch 9500/11596 | elapsed 3.3 min
[train] batch 10000/11596 | elapsed 3.5 min
[train] batch 10500/11596 | elapsed 3.7 min
[train] batch 11000/11596 | elapsed 3.8 min
[train] batch 11500/11596 | elapsed 4.0 min
[train] batch 11596/11596 | elapsed 4.0 min
[validation] batch 1/1648 | elapsed 0.0 min
[validation] batch 500/1648 | elapsed 0.0 min
[validation] batch 1000/1648 | elapsed 0.1 min
[validation] batch 1500/1648 | elapsed 0.1 min
[validation] batch 1648/1648 | elapsed 0.1 min
Epoch 06/30 | Loss T:0.1412 V:0.1812 | ROC-AUC T:0.779 V:0.553 | PR-AUC T:0.760 V:0.152 | P:0.145 R:0.516
[train] batch 1/11596 | elapsed 0.0 min
[train] batch 500/11596 | elapsed 0.2 min
[train] batch 1000/11596 | elapsed 0.4 min
[train] batch 1500/11596 | elapsed 0.5 min
[train] batch 2000/11596 | elapsed 0.7 min
[train] batch 2500/11596 | elapsed 0.9 min
[train] batch 3000/11596 | elapsed 1.1 min
[train] batch 3500/11596 | elapsed 1.2 min
[train] batch 4000/11596 | elapsed 1.4 min
[train] batch 4500/11596 | elapsed 1.6 min
[train] batch 5000/11596 | elapsed 1.8 min
[train] batch 5500/11596 | elapsed 1.9 min
[train] batch 6000/11596 | elapsed 2.1 min
[train] batch 6500/11596 | elapsed 2.3 min
[train] batch 7000/11596 | elapsed 2.4 min
[train] batch 7500/11596 | elapsed 2.6 min
[train] batch 8000/11596 | elapsed 2.8 min
[train] batch 8500/11596 | elapsed 3.0 min
[train] batch 9000/11596 | elapsed 3.1 min
[train] batch 9500/11596 | elapsed 3.3 min
[train] batch 10000/11596 | elapsed 3.5 min
[train] batch 10500/11596 | elapsed 3.7 min
[train] batch 11000/11596 | elapsed 3.8 min
[train] batch 11500/11596 | elapsed 4.0 min
[train] batch 11596/11596 | elapsed 4.0 min
[validation] batch 1/1648 | elapsed 0.0 min
[validation] batch 500/1648 | elapsed 0.0 min
[validation] batch 1000/1648 | elapsed 0.1 min
[validation] batch 1500/1648 | elapsed 0.1 min
[validation] batch 1648/1648 | elapsed 0.1 min
Epoch 07/30 | Loss T:0.1378 V:0.1902 | ROC-AUC T:0.792 V:0.557 | PR-AUC T:0.774 V:0.150 | P:0.146 R:0.539
[train] batch 1/11596 | elapsed 0.0 min
[train] batch 500/11596 | elapsed 0.2 min
[train] batch 1000/11596 | elapsed 0.3 min
[train] batch 1500/11596 | elapsed 0.5 min
[train] batch 2000/11596 | elapsed 0.7 min
[train] batch 2500/11596 | elapsed 0.9 min
[train] batch 3000/11596 | elapsed 1.1 min
[train] batch 3500/11596 | elapsed 1.2 min
[train] batch 4000/11596 | elapsed 1.4 min
[train] batch 4500/11596 | elapsed 1.6 min
[train] batch 5000/11596 | elapsed 1.7 min
[train] batch 5500/11596 | elapsed 1.9 min
[train] batch 6000/11596 | elapsed 2.1 min
[train] batch 6500/11596 | elapsed 2.3 min
[train] batch 7000/11596 | elapsed 2.4 min
[train] batch 7500/11596 | elapsed 2.6 min
[train] batch 8000/11596 | elapsed 2.8 min
[train] batch 8500/11596 | elapsed 3.0 min
[train] batch 9000/11596 | elapsed 3.2 min
[train] batch 9500/11596 | elapsed 3.3 min
[train] batch 10000/11596 | elapsed 3.5 min
[train] batch 10500/11596 | elapsed 3.7 min
[train] batch 11000/11596 | elapsed 3.8 min
[train] batch 11500/11596 | elapsed 4.0 min
[train] batch 11596/11596 | elapsed 4.1 min
[validation] batch 1/1648 | elapsed 0.0 min
[validation] batch 500/1648 | elapsed 0.0 min
[validation] batch 1000/1648 | elapsed 0.1 min
[validation] batch 1500/1648 | elapsed 0.1 min
[validation] batch 1648/1648 | elapsed 0.1 min
Epoch 08/30 | Loss T:0.1345 V:0.1759 | ROC-AUC T:0.804 V:0.554 | PR-AUC T:0.785 V:0.151 | P:0.151 R:0.435
[train] batch 1/11596 | elapsed 0.0 min
[train] batch 500/11596 | elapsed 0.2 min
[train] batch 1000/11596 | elapsed 0.3 min
[train] batch 1500/11596 | elapsed 0.5 min
[train] batch 2000/11596 | elapsed 0.7 min
[train] batch 2500/11596 | elapsed 0.9 min
[train] batch 3000/11596 | elapsed 1.0 min
[train] batch 3500/11596 | elapsed 1.2 min
[train] batch 4000/11596 | elapsed 1.4 min
[train] batch 4500/11596 | elapsed 1.6 min
[train] batch 5000/11596 | elapsed 1.7 min
[train] batch 5500/11596 | elapsed 1.9 min
[train] batch 6000/11596 | elapsed 2.1 min
[train] batch 6500/11596 | elapsed 2.3 min
[train] batch 7000/11596 | elapsed 2.4 min
[train] batch 7500/11596 | elapsed 2.6 min
[train] batch 8000/11596 | elapsed 2.8 min
[train] batch 8500/11596 | elapsed 3.0 min
[train] batch 9000/11596 | elapsed 3.1 min
[train] batch 9500/11596 | elapsed 3.3 min
[train] batch 10000/11596 | elapsed 3.5 min
[train] batch 10500/11596 | elapsed 3.7 min
[train] batch 11000/11596 | elapsed 3.8 min
[train] batch 11500/11596 | elapsed 4.0 min
[train] batch 11596/11596 | elapsed 4.0 min
[validation] batch 1/1648 | elapsed 0.0 min
[validation] batch 500/1648 | elapsed 0.0 min
[validation] batch 1000/1648 | elapsed 0.1 min
[validation] batch 1500/1648 | elapsed 0.1 min
[validation] batch 1648/1648 | elapsed 0.1 min
Epoch 09/30 | Loss T:0.1316 V:0.1829 | ROC-AUC T:0.814 V:0.551 | PR-AUC T:0.795 V:0.151 | P:0.150 R:0.441
[train] batch 1/11596 | elapsed 0.0 min
[train] batch 500/11596 | elapsed 0.2 min
[train] batch 1000/11596 | elapsed 0.3 min
[train] batch 1500/11596 | elapsed 0.5 min
[train] batch 2000/11596 | elapsed 0.7 min
[train] batch 2500/11596 | elapsed 0.9 min
[train] batch 3000/11596 | elapsed 1.1 min
[train] batch 3500/11596 | elapsed 1.2 min
[train] batch 4000/11596 | elapsed 1.4 min
[train] batch 4500/11596 | elapsed 1.6 min
[train] batch 5000/11596 | elapsed 1.7 min
[train] batch 5500/11596 | elapsed 1.9 min
[train] batch 6000/11596 | elapsed 2.1 min
[train] batch 6500/11596 | elapsed 2.3 min
[train] batch 7000/11596 | elapsed 2.4 min
[train] batch 7500/11596 | elapsed 2.6 min
[train] batch 8000/11596 | elapsed 2.8 min
[train] batch 8500/11596 | elapsed 3.0 min
[train] batch 9000/11596 | elapsed 3.1 min
[train] batch 9500/11596 | elapsed 3.3 min
[train] batch 10000/11596 | elapsed 3.5 min
[train] batch 10500/11596 | elapsed 3.6 min
[train] batch 11000/11596 | elapsed 3.8 min
[train] batch 11500/11596 | elapsed 4.0 min
[train] batch 11596/11596 | elapsed 4.0 min
[validation] batch 1/1648 | elapsed 0.0 min
[validation] batch 500/1648 | elapsed 0.0 min
[validation] batch 1000/1648 | elapsed 0.1 min
[validation] batch 1500/1648 | elapsed 0.1 min
[validation] batch 1648/1648 | elapsed 0.1 min
Epoch 10/30 | Loss T:0.1276 V:0.1871 | ROC-AUC T:0.828 V:0.559 | PR-AUC T:0.810 V:0.152 | P:0.152 R:0.466
[train] batch 1/11596 | elapsed 0.0 min
[train] batch 500/11596 | elapsed 0.2 min
[train] batch 1000/11596 | elapsed 0.4 min
[train] batch 1500/11596 | elapsed 0.5 min
[train] batch 2000/11596 | elapsed 0.7 min
[train] batch 2500/11596 | elapsed 0.9 min
[train] batch 3000/11596 | elapsed 1.0 min
[train] batch 3500/11596 | elapsed 1.2 min
[train] batch 4000/11596 | elapsed 1.4 min
[train] batch 4500/11596 | elapsed 1.6 min
[train] batch 5000/11596 | elapsed 1.7 min
[train] batch 5500/11596 | elapsed 1.9 min
[train] batch 6000/11596 | elapsed 2.1 min
[train] batch 6500/11596 | elapsed 2.3 min
[train] batch 7000/11596 | elapsed 2.4 min
[train] batch 7500/11596 | elapsed 2.6 min
[train] batch 8000/11596 | elapsed 2.8 min
[train] batch 8500/11596 | elapsed 3.0 min
[train] batch 9000/11596 | elapsed 3.1 min
[train] batch 9500/11596 | elapsed 3.3 min
[train] batch 10000/11596 | elapsed 3.5 min
[train] batch 10500/11596 | elapsed 3.7 min
[train] batch 11000/11596 | elapsed 3.8 min
[train] batch 11500/11596 | elapsed 4.0 min
[train] batch 11596/11596 | elapsed 4.0 min
[validation] batch 1/1648 | elapsed 0.0 min
[validation] batch 500/1648 | elapsed 0.0 min
[validation] batch 1000/1648 | elapsed 0.1 min
[validation] batch 1500/1648 | elapsed 0.1 min
[validation] batch 1648/1648 | elapsed 0.1 min
Epoch 11/30 | Loss T:0.1260 V:0.1806 | ROC-AUC T:0.833 V:0.561 | PR-AUC T:0.816 V:0.152 | P:0.154 R:0.428
[train] batch 1/11596 | elapsed 0.0 min
[train] batch 500/11596 | elapsed 0.2 min
[train] batch 1000/11596 | elapsed 0.4 min
[train] batch 1500/11596 | elapsed 0.5 min
[train] batch 2000/11596 | elapsed 0.7 min
[train] batch 2500/11596 | elapsed 0.9 min
[train] batch 3000/11596 | elapsed 1.0 min
[train] batch 3500/11596 | elapsed 1.2 min
[train] batch 4000/11596 | elapsed 1.4 min
[train] batch 4500/11596 | elapsed 1.6 min
[train] batch 5000/11596 | elapsed 1.7 min
[train] batch 5500/11596 | elapsed 1.9 min
[train] batch 6000/11596 | elapsed 2.1 min
[train] batch 6500/11596 | elapsed 2.3 min
[train] batch 7000/11596 | elapsed 2.4 min
[train] batch 7500/11596 | elapsed 2.6 min
[train] batch 8000/11596 | elapsed 2.8 min
[train] batch 8500/11596 | elapsed 3.0 min
[train] batch 9000/11596 | elapsed 3.1 min
[train] batch 9500/11596 | elapsed 3.3 min
[train] batch 10000/11596 | elapsed 3.5 min
[train] batch 10500/11596 | elapsed 3.7 min
[train] batch 11000/11596 | elapsed 3.8 min
[train] batch 11500/11596 | elapsed 4.0 min
[train] batch 11596/11596 | elapsed 4.0 min
[validation] batch 1/1648 | elapsed 0.0 min
[validation] batch 500/1648 | elapsed 0.0 min
[validation] batch 1000/1648 | elapsed 0.1 min
[validation] batch 1500/1648 | elapsed 0.1 min
[validation] batch 1648/1648 | elapsed 0.1 min
Epoch 12/30 | Loss T:0.1241 V:0.1895 | ROC-AUC T:0.839 V:0.549 | PR-AUC T:0.821 V:0.147 | P:0.149 R:0.442
  Early Stopping: Epoch 12'de duruldu (En iyi pr_auc: 0.1628)
[validation] batch 1/1648 | elapsed 0.0 min
[validation] batch 500/1648 | elapsed 0.0 min
[validation] batch 1000/1648 | elapsed 0.1 min
[validation] batch 1500/1648 | elapsed 0.1 min
[validation] batch 1648/1648 | elapsed 0.1 min

════════════════════════════════════════════════════════════
  PURGED_multi_pure_seed52 — VALIDATION SET
════════════════════════════════════════════════════════════
  Threshold-bağımsız (ranking):
    ROC-AUC: 0.5793
    PR-AUC:  0.1628
  Optimal Threshold (MCC max from VAL): 0.5256 (val MCC=0.0873)
  Threshold-bağımlı (eşik=0.5256):
    Accuracy:  0.6400
    MCC:       0.0873
    Precision: 0.1648
    Recall:    0.4600
    F1:        0.2427

=== PURGED_multi_pure_seed52 Validation Classification Report ===
              precision    recall  f1-score   support

  Stable (0)       0.90      0.67      0.76     92214
    Risk (1)       0.16      0.46      0.24     13222

    accuracy                           0.64    105436
   macro avg       0.53      0.56      0.50    105436
weighted avg       0.80      0.64      0.70    105436

[test] batch 1/2362 | elapsed 0.0 min
[test] batch 500/2362 | elapsed 0.0 min
[test] batch 1000/2362 | elapsed 0.1 min
[test] batch 1500/2362 | elapsed 0.1 min
[test] batch 2000/2362 | elapsed 0.2 min
[test] batch 2362/2362 | elapsed 0.2 min

════════════════════════════════════════════════════════════
  PURGED_multi_pure_seed52 — TEST SET (hold-out, 2024+)
════════════════════════════════════════════════════════════
  Threshold-bağımsız (ranking):
    ROC-AUC: 0.6278
    PR-AUC:  0.1863
  Threshold-bağımlı (val'dan seçilen eşik=0.5256):
    Accuracy:  0.6589
    MCC:       0.1164
    Precision: 0.1860
    Recall:    0.4767
    F1:        0.2676

=== PURGED_multi_pure_seed52 Test Classification Report ===
              precision    recall  f1-score   support

  Stable (0)       0.90      0.69      0.78    131398
    Risk (1)       0.19      0.48      0.27     19763

    accuracy                           0.66    151161
   macro avg       0.54      0.58      0.52    151161
weighted avg       0.80      0.66      0.71    151161


  Generalization gap (val → test):
    ROC-AUC: 0.5793 → 0.6278 (Δ +0.0485)
    PR-AUC:  0.1628 → 0.1863 (Δ +0.0235)
    MCC:     0.0873 → 0.1164 (Δ +0.0291)
PASS | purged I+II seed52 | training + evaluation + export: 51.8 min
Historical outputs unchanged. Selected model, preprocessing and indexed predictions saved.
Report: \\nas.ads.mwn.de\go39lop\Desktop\Archive\results\purged_multi_pure_seed52_20260917T122402Z_81ceee1c\experiment_report.json
