[Universe] Cache: 400 hisse, 9 sektör → datasets/universe.csv
FULL EXPERIMENT | I+II+IV | seed 46 | up to 30 epochs | batch size 64
Output directory: \\nas.ads.mwn.de\go39lop\Desktop\Archive\results\purged_multi_text_seed46_20260916T233519Z_6fa3adac
Test is evaluated only after validation-based checkpoint selection.
GPU: NVIDIA A40
  [Metin] Modalite IV bağlandı: 9 olay + 9 LM kolonu
          Kapsama: 395/395 firma (%100.0)
          LM kolonları dolu satır oranı: %94.0

  Feature split → tech: 32 cols ('tech',) | fund: 25 cols ('fund', 'text')
[Purge] Cached-date upper bounds; unknown endpoints excluded conservatively.
[Purge] Train: {'rows': 757567, 'crossing_upper_bound': 5102, 'unknown': 2798, 'retained_endpoints': 749667}
[Purge] Validation: {'rows': 115138, 'crossing_upper_bound': 4516, 'unknown': 482, 'retained_endpoints': 110140}
  Train  (2019-12-31'e kadar): 757,567 satır | Min: 2010-01-04 | Max: 2019-12-31
  Val    (2020-01-01 → 2021-12-31): 115,138 satır | Min: 2020-01-02 | Max: 2021-12-31
  Test   (2022-01-01 → 2024-12-31): 155,550 satır | Min: 2022-01-03 | Max: 2024-12-02

  Dual-stream Dataset'ler oluşturuluyor...
  [Train]
  DualStreamSequenceDataset: 742,162 sequences | seq_len=20 | tech_dim=32 | fund_dim=25 | Kriz oranı: 12.4%
  [Val]
  DualStreamSequenceDataset: 105,436 sequences | seq_len=20 | tech_dim=32 | fund_dim=25 | Kriz oranı: 12.5%
  [Test]
  DualStreamSequenceDataset: 151,161 sequences | seq_len=20 | tech_dim=32 | fund_dim=25 | Kriz oranı: 13.1%
  [Sampling] WeightedRandomSampler train'e uygulanıyor (val/test doğal kalıyor)...
Actual test dates: 2022-01-31 00:00:00 to 2024-12-02 00:00:00
Full-panel train sequences: 742162
Full-panel validation sequences: 105436

PURGED_multi_text_seed46 Eğitimi Başlıyor (cuda) | monitor=pr_auc | lr=0.0001 | wd=0.01 | patience=8 | scheduler=plateau...
[train] batch 1/11596 | elapsed 0.0 min
[train] batch 500/11596 | elapsed 0.2 min
[train] batch 1000/11596 | elapsed 0.4 min
[train] batch 1500/11596 | elapsed 0.6 min
[train] batch 2000/11596 | elapsed 0.8 min
[train] batch 2500/11596 | elapsed 1.0 min
[train] batch 3000/11596 | elapsed 1.1 min
[train] batch 3500/11596 | elapsed 1.3 min
[train] batch 4000/11596 | elapsed 1.5 min
[train] batch 4500/11596 | elapsed 1.7 min
[train] batch 5000/11596 | elapsed 1.9 min
[train] batch 5500/11596 | elapsed 2.1 min
[train] batch 6000/11596 | elapsed 2.3 min
[train] batch 6500/11596 | elapsed 2.5 min
[train] batch 7000/11596 | elapsed 2.6 min
[train] batch 7500/11596 | elapsed 2.8 min
[train] batch 8000/11596 | elapsed 3.0 min
[train] batch 8500/11596 | elapsed 3.2 min
[train] batch 9000/11596 | elapsed 3.4 min
[train] batch 9500/11596 | elapsed 3.6 min
[train] batch 10000/11596 | elapsed 3.7 min
[train] batch 10500/11596 | elapsed 3.9 min
[train] batch 11000/11596 | elapsed 4.1 min
[train] batch 11500/11596 | elapsed 4.3 min
[train] batch 11596/11596 | elapsed 4.3 min
[validation] batch 1/1648 | elapsed 0.0 min
[validation] batch 500/1648 | elapsed 0.0 min
[validation] batch 1000/1648 | elapsed 0.1 min
[validation] batch 1500/1648 | elapsed 0.1 min
[validation] batch 1648/1648 | elapsed 0.1 min
Epoch 01/30 | Loss T:0.1593 V:0.1775 | ROC-AUC T:0.693 V:0.550 | PR-AUC T:0.669 V:0.152 | P:0.148 R:0.538
  ✓ Yeni en iyi model kaydedildi (pr_auc: 0.1520)
[train] batch 1/11596 | elapsed 0.0 min
[train] batch 500/11596 | elapsed 0.2 min
[train] batch 1000/11596 | elapsed 0.4 min
[train] batch 1500/11596 | elapsed 0.6 min
[train] batch 2000/11596 | elapsed 0.7 min
[train] batch 2500/11596 | elapsed 0.9 min
[train] batch 3000/11596 | elapsed 1.1 min
[train] batch 3500/11596 | elapsed 1.3 min
[train] batch 4000/11596 | elapsed 1.5 min
[train] batch 4500/11596 | elapsed 1.7 min
[train] batch 5000/11596 | elapsed 1.8 min
[train] batch 5500/11596 | elapsed 2.0 min
[train] batch 6000/11596 | elapsed 2.2 min
[train] batch 6500/11596 | elapsed 2.4 min
[train] batch 7000/11596 | elapsed 2.6 min
[train] batch 7500/11596 | elapsed 2.8 min
[train] batch 8000/11596 | elapsed 2.9 min
[train] batch 8500/11596 | elapsed 3.1 min
[train] batch 9000/11596 | elapsed 3.3 min
[train] batch 9500/11596 | elapsed 3.5 min
[train] batch 10000/11596 | elapsed 3.7 min
[train] batch 10500/11596 | elapsed 3.9 min
[train] batch 11000/11596 | elapsed 4.1 min
[train] batch 11500/11596 | elapsed 4.2 min
[train] batch 11596/11596 | elapsed 4.3 min
[validation] batch 1/1648 | elapsed 0.0 min
[validation] batch 500/1648 | elapsed 0.0 min
[validation] batch 1000/1648 | elapsed 0.1 min
[validation] batch 1500/1648 | elapsed 0.1 min
[validation] batch 1648/1648 | elapsed 0.1 min
Epoch 02/30 | Loss T:0.1512 V:0.1707 | ROC-AUC T:0.739 V:0.560 | PR-AUC T:0.719 V:0.162 | P:0.156 R:0.513
  ✓ Yeni en iyi model kaydedildi (pr_auc: 0.1616)
[train] batch 1/11596 | elapsed 0.0 min
[train] batch 500/11596 | elapsed 0.2 min
[train] batch 1000/11596 | elapsed 0.4 min
[train] batch 1500/11596 | elapsed 0.6 min
[train] batch 2000/11596 | elapsed 0.7 min
[train] batch 2500/11596 | elapsed 0.9 min
[train] batch 3000/11596 | elapsed 1.1 min
[train] batch 3500/11596 | elapsed 1.3 min
[train] batch 4000/11596 | elapsed 1.5 min
[train] batch 4500/11596 | elapsed 1.7 min
[train] batch 5000/11596 | elapsed 1.8 min
[train] batch 5500/11596 | elapsed 2.0 min
[train] batch 6000/11596 | elapsed 2.2 min
[train] batch 6500/11596 | elapsed 2.4 min
[train] batch 7000/11596 | elapsed 2.6 min
[train] batch 7500/11596 | elapsed 2.8 min
[train] batch 8000/11596 | elapsed 2.9 min
[train] batch 8500/11596 | elapsed 3.1 min
[train] batch 9000/11596 | elapsed 3.3 min
[train] batch 9500/11596 | elapsed 3.5 min
[train] batch 10000/11596 | elapsed 3.7 min
[train] batch 10500/11596 | elapsed 3.9 min
[train] batch 11000/11596 | elapsed 4.0 min
[train] batch 11500/11596 | elapsed 4.2 min
[train] batch 11596/11596 | elapsed 4.3 min
[validation] batch 1/1648 | elapsed 0.0 min
[validation] batch 500/1648 | elapsed 0.0 min
[validation] batch 1000/1648 | elapsed 0.1 min
[validation] batch 1500/1648 | elapsed 0.1 min
[validation] batch 1648/1648 | elapsed 0.1 min
Epoch 03/30 | Loss T:0.1459 V:0.1853 | ROC-AUC T:0.763 V:0.540 | PR-AUC T:0.745 V:0.145 | P:0.143 R:0.532
[train] batch 1/11596 | elapsed 0.0 min
[train] batch 500/11596 | elapsed 0.2 min
[train] batch 1000/11596 | elapsed 0.4 min
[train] batch 1500/11596 | elapsed 0.6 min
[train] batch 2000/11596 | elapsed 0.7 min
[train] batch 2500/11596 | elapsed 0.9 min
[train] batch 3000/11596 | elapsed 1.1 min
[train] batch 3500/11596 | elapsed 1.3 min
[train] batch 4000/11596 | elapsed 1.5 min
[train] batch 4500/11596 | elapsed 1.7 min
[train] batch 5000/11596 | elapsed 1.8 min
[train] batch 5500/11596 | elapsed 2.0 min
[train] batch 6000/11596 | elapsed 2.2 min
[train] batch 6500/11596 | elapsed 2.4 min
[train] batch 7000/11596 | elapsed 2.6 min
[train] batch 7500/11596 | elapsed 2.8 min
[train] batch 8000/11596 | elapsed 2.9 min
[train] batch 8500/11596 | elapsed 3.1 min
[train] batch 9000/11596 | elapsed 3.3 min
[train] batch 9500/11596 | elapsed 3.5 min
[train] batch 10000/11596 | elapsed 3.7 min
[train] batch 10500/11596 | elapsed 3.9 min
[train] batch 11000/11596 | elapsed 4.0 min
[train] batch 11500/11596 | elapsed 4.2 min
[train] batch 11596/11596 | elapsed 4.3 min
[validation] batch 1/1648 | elapsed 0.0 min
[validation] batch 500/1648 | elapsed 0.0 min
[validation] batch 1000/1648 | elapsed 0.1 min
[validation] batch 1500/1648 | elapsed 0.1 min
[validation] batch 1648/1648 | elapsed 0.2 min
Epoch 04/30 | Loss T:0.1404 V:0.2030 | ROC-AUC T:0.785 V:0.530 | PR-AUC T:0.769 V:0.140 | P:0.137 R:0.561
[train] batch 1/11596 | elapsed 0.0 min
[train] batch 500/11596 | elapsed 0.2 min
[train] batch 1000/11596 | elapsed 0.4 min
[train] batch 1500/11596 | elapsed 0.6 min
[train] batch 2000/11596 | elapsed 0.7 min
[train] batch 2500/11596 | elapsed 0.9 min
[train] batch 3000/11596 | elapsed 1.1 min
[train] batch 3500/11596 | elapsed 1.3 min
[train] batch 4000/11596 | elapsed 1.5 min
[train] batch 4500/11596 | elapsed 1.7 min
[train] batch 5000/11596 | elapsed 1.8 min
[train] batch 5500/11596 | elapsed 2.0 min
[train] batch 6000/11596 | elapsed 2.2 min
[train] batch 6500/11596 | elapsed 2.4 min
[train] batch 7000/11596 | elapsed 2.6 min
[train] batch 7500/11596 | elapsed 2.8 min
[train] batch 8000/11596 | elapsed 3.0 min
[train] batch 8500/11596 | elapsed 3.1 min
[train] batch 9000/11596 | elapsed 3.3 min
[train] batch 9500/11596 | elapsed 3.5 min
[train] batch 10000/11596 | elapsed 3.7 min
[train] batch 10500/11596 | elapsed 3.9 min
[train] batch 11000/11596 | elapsed 4.1 min
[train] batch 11500/11596 | elapsed 4.2 min
[train] batch 11596/11596 | elapsed 4.3 min
[validation] batch 1/1648 | elapsed 0.0 min
[validation] batch 500/1648 | elapsed 0.0 min
[validation] batch 1000/1648 | elapsed 0.1 min
[validation] batch 1500/1648 | elapsed 0.1 min
[validation] batch 1648/1648 | elapsed 0.1 min
Epoch 05/30 | Loss T:0.1355 V:0.1842 | ROC-AUC T:0.803 V:0.540 | PR-AUC T:0.788 V:0.146 | P:0.146 R:0.487
[train] batch 1/11596 | elapsed 0.0 min
[train] batch 500/11596 | elapsed 0.2 min
[train] batch 1000/11596 | elapsed 0.4 min
[train] batch 1500/11596 | elapsed 0.5 min
[train] batch 2000/11596 | elapsed 0.7 min
[train] batch 2500/11596 | elapsed 0.9 min
[train] batch 3000/11596 | elapsed 1.1 min
[train] batch 3500/11596 | elapsed 1.3 min
[train] batch 4000/11596 | elapsed 1.5 min
[train] batch 4500/11596 | elapsed 1.6 min
[train] batch 5000/11596 | elapsed 1.8 min
[train] batch 5500/11596 | elapsed 2.0 min
[train] batch 6000/11596 | elapsed 2.2 min
[train] batch 6500/11596 | elapsed 2.4 min
[train] batch 7000/11596 | elapsed 2.6 min
[train] batch 7500/11596 | elapsed 2.7 min
[train] batch 8000/11596 | elapsed 2.9 min
[train] batch 8500/11596 | elapsed 3.1 min
[train] batch 9000/11596 | elapsed 3.3 min
[train] batch 9500/11596 | elapsed 3.5 min
[train] batch 10000/11596 | elapsed 3.6 min
[train] batch 10500/11596 | elapsed 3.8 min
[train] batch 11000/11596 | elapsed 4.0 min
[train] batch 11500/11596 | elapsed 4.2 min
[train] batch 11596/11596 | elapsed 4.2 min
[validation] batch 1/1648 | elapsed 0.0 min
[validation] batch 500/1648 | elapsed 0.0 min
[validation] batch 1000/1648 | elapsed 0.1 min
[validation] batch 1500/1648 | elapsed 0.1 min
[validation] batch 1648/1648 | elapsed 0.1 min
Epoch 06/30 | Loss T:0.1304 V:0.1824 | ROC-AUC T:0.821 V:0.525 | PR-AUC T:0.805 V:0.142 | P:0.145 R:0.441
[train] batch 1/11596 | elapsed 0.0 min
[train] batch 500/11596 | elapsed 0.2 min
[train] batch 1000/11596 | elapsed 0.4 min
[train] batch 1500/11596 | elapsed 0.6 min
[train] batch 2000/11596 | elapsed 0.7 min
[train] batch 2500/11596 | elapsed 0.9 min
[train] batch 3000/11596 | elapsed 1.1 min
[train] batch 3500/11596 | elapsed 1.3 min
[train] batch 4000/11596 | elapsed 1.5 min
[train] batch 4500/11596 | elapsed 1.7 min
[train] batch 5000/11596 | elapsed 1.8 min
[train] batch 5500/11596 | elapsed 2.0 min
[train] batch 6000/11596 | elapsed 2.2 min
[train] batch 6500/11596 | elapsed 2.4 min
[train] batch 7000/11596 | elapsed 2.6 min
[train] batch 7500/11596 | elapsed 2.7 min
[train] batch 8000/11596 | elapsed 2.9 min
[train] batch 8500/11596 | elapsed 3.1 min
[train] batch 9000/11596 | elapsed 3.3 min
[train] batch 9500/11596 | elapsed 3.5 min
[train] batch 10000/11596 | elapsed 3.7 min
[train] batch 10500/11596 | elapsed 3.8 min
[train] batch 11000/11596 | elapsed 4.0 min
[train] batch 11500/11596 | elapsed 4.2 min
[train] batch 11596/11596 | elapsed 4.3 min
[validation] batch 1/1648 | elapsed 0.0 min
[validation] batch 500/1648 | elapsed 0.0 min
[validation] batch 1000/1648 | elapsed 0.1 min
[validation] batch 1500/1648 | elapsed 0.1 min
[validation] batch 1648/1648 | elapsed 0.1 min
Epoch 07/30 | Loss T:0.1260 V:0.1920 | ROC-AUC T:0.835 V:0.529 | PR-AUC T:0.819 V:0.144 | P:0.144 R:0.441
[train] batch 1/11596 | elapsed 0.0 min
[train] batch 500/11596 | elapsed 0.2 min
[train] batch 1000/11596 | elapsed 0.4 min
[train] batch 1500/11596 | elapsed 0.6 min
[train] batch 2000/11596 | elapsed 0.7 min
[train] batch 2500/11596 | elapsed 0.9 min
[train] batch 3000/11596 | elapsed 1.1 min
[train] batch 3500/11596 | elapsed 1.3 min
[train] batch 4000/11596 | elapsed 1.5 min
[train] batch 4500/11596 | elapsed 1.6 min
[train] batch 5000/11596 | elapsed 1.8 min
[train] batch 5500/11596 | elapsed 2.0 min
[train] batch 6000/11596 | elapsed 2.2 min
[train] batch 6500/11596 | elapsed 2.4 min
[train] batch 7000/11596 | elapsed 2.6 min
[train] batch 7500/11596 | elapsed 2.7 min
[train] batch 8000/11596 | elapsed 2.9 min
[train] batch 8500/11596 | elapsed 3.1 min
[train] batch 9000/11596 | elapsed 3.3 min
[train] batch 9500/11596 | elapsed 3.5 min
[train] batch 10000/11596 | elapsed 3.7 min
[train] batch 10500/11596 | elapsed 3.9 min
[train] batch 11000/11596 | elapsed 4.0 min
[train] batch 11500/11596 | elapsed 4.2 min
[train] batch 11596/11596 | elapsed 4.3 min
[validation] batch 1/1648 | elapsed 0.0 min
[validation] batch 500/1648 | elapsed 0.0 min
[validation] batch 1000/1648 | elapsed 0.1 min
[validation] batch 1500/1648 | elapsed 0.1 min
[validation] batch 1648/1648 | elapsed 0.1 min
Epoch 08/30 | Loss T:0.1207 V:0.2026 | ROC-AUC T:0.851 V:0.533 | PR-AUC T:0.836 V:0.144 | P:0.145 R:0.461
[train] batch 1/11596 | elapsed 0.0 min
[train] batch 500/11596 | elapsed 0.2 min
[train] batch 1000/11596 | elapsed 0.4 min
[train] batch 1500/11596 | elapsed 0.6 min
[train] batch 2000/11596 | elapsed 0.7 min
[train] batch 2500/11596 | elapsed 0.9 min
[train] batch 3000/11596 | elapsed 1.1 min
[train] batch 3500/11596 | elapsed 1.3 min
[train] batch 4000/11596 | elapsed 1.5 min
[train] batch 4500/11596 | elapsed 1.7 min
[train] batch 5000/11596 | elapsed 1.8 min
[train] batch 5500/11596 | elapsed 2.0 min
[train] batch 6000/11596 | elapsed 2.2 min
[train] batch 6500/11596 | elapsed 2.4 min
[train] batch 7000/11596 | elapsed 2.6 min
[train] batch 7500/11596 | elapsed 2.7 min
[train] batch 8000/11596 | elapsed 2.9 min
[train] batch 8500/11596 | elapsed 3.1 min
[train] batch 9000/11596 | elapsed 3.3 min
[train] batch 9500/11596 | elapsed 3.5 min
[train] batch 10000/11596 | elapsed 3.7 min
[train] batch 10500/11596 | elapsed 3.8 min
[train] batch 11000/11596 | elapsed 4.0 min
[train] batch 11500/11596 | elapsed 4.2 min
[train] batch 11596/11596 | elapsed 4.2 min
[validation] batch 1/1648 | elapsed 0.0 min
[validation] batch 500/1648 | elapsed 0.0 min
[validation] batch 1000/1648 | elapsed 0.1 min
[validation] batch 1500/1648 | elapsed 0.1 min
[validation] batch 1648/1648 | elapsed 0.1 min
Epoch 09/30 | Loss T:0.1180 V:0.1995 | ROC-AUC T:0.859 V:0.526 | PR-AUC T:0.844 V:0.140 | P:0.144 R:0.430
[train] batch 1/11596 | elapsed 0.0 min
[train] batch 500/11596 | elapsed 0.2 min
[train] batch 1000/11596 | elapsed 0.4 min
[train] batch 1500/11596 | elapsed 0.6 min
[train] batch 2000/11596 | elapsed 0.7 min
[train] batch 2500/11596 | elapsed 0.9 min
[train] batch 3000/11596 | elapsed 1.1 min
[train] batch 3500/11596 | elapsed 1.3 min
[train] batch 4000/11596 | elapsed 1.5 min
[train] batch 4500/11596 | elapsed 1.7 min
[train] batch 5000/11596 | elapsed 1.8 min
[train] batch 5500/11596 | elapsed 2.0 min
[train] batch 6000/11596 | elapsed 2.2 min
[train] batch 6500/11596 | elapsed 2.4 min
[train] batch 7000/11596 | elapsed 2.6 min
[train] batch 7500/11596 | elapsed 2.8 min
[train] batch 8000/11596 | elapsed 2.9 min
[train] batch 8500/11596 | elapsed 3.1 min
[train] batch 9000/11596 | elapsed 3.3 min
[train] batch 9500/11596 | elapsed 3.5 min
[train] batch 10000/11596 | elapsed 3.7 min
[train] batch 10500/11596 | elapsed 3.9 min
[train] batch 11000/11596 | elapsed 4.0 min
[train] batch 11500/11596 | elapsed 4.2 min
[train] batch 11596/11596 | elapsed 4.3 min
[validation] batch 1/1648 | elapsed 0.0 min
[validation] batch 500/1648 | elapsed 0.0 min
[validation] batch 1000/1648 | elapsed 0.1 min
[validation] batch 1500/1648 | elapsed 0.1 min
[validation] batch 1648/1648 | elapsed 0.1 min
Epoch 10/30 | Loss T:0.1159 V:0.1995 | ROC-AUC T:0.865 V:0.541 | PR-AUC T:0.850 V:0.147 | P:0.148 R:0.445
  Early Stopping: Epoch 10'de duruldu (En iyi pr_auc: 0.1616)
[validation] batch 1/1648 | elapsed 0.0 min
[validation] batch 500/1648 | elapsed 0.0 min
[validation] batch 1000/1648 | elapsed 0.1 min
[validation] batch 1500/1648 | elapsed 0.1 min
[validation] batch 1648/1648 | elapsed 0.1 min

════════════════════════════════════════════════════════════
  PURGED_multi_text_seed46 — VALIDATION SET
════════════════════════════════════════════════════════════
  Threshold-bağımsız (ranking):
    ROC-AUC: 0.5600
    PR-AUC:  0.1616
  Optimal Threshold (MCC max from VAL): 0.5353 (val MCC=0.0843)
  Threshold-bağımlı (eşik=0.5353):
    Accuracy:  0.7099
    MCC:       0.0843
    Precision: 0.1735
    Recall:    0.3488
    F1:        0.2317

=== PURGED_multi_text_seed46 Validation Classification Report ===
              precision    recall  f1-score   support

  Stable (0)       0.89      0.76      0.82     92214
    Risk (1)       0.17      0.35      0.23     13222

    accuracy                           0.71    105436
   macro avg       0.53      0.56      0.53    105436
weighted avg       0.80      0.71      0.75    105436

[test] batch 1/2362 | elapsed 0.0 min
[test] batch 500/2362 | elapsed 0.0 min
[test] batch 1000/2362 | elapsed 0.1 min
[test] batch 1500/2362 | elapsed 0.1 min
[test] batch 2000/2362 | elapsed 0.2 min
[test] batch 2362/2362 | elapsed 0.2 min

════════════════════════════════════════════════════════════
  PURGED_multi_text_seed46 — TEST SET (hold-out, 2024+)
════════════════════════════════════════════════════════════
  Threshold-bağımsız (ranking):
    ROC-AUC: 0.6534
    PR-AUC:  0.2084
  Threshold-bağımlı (val'dan seçilen eşik=0.5353):
    Accuracy:  0.7263
    MCC:       0.1492
    Precision: 0.2172
    Recall:    0.4200
    F1:        0.2864

=== PURGED_multi_text_seed46 Test Classification Report ===
              precision    recall  f1-score   support

  Stable (0)       0.90      0.77      0.83    131398
    Risk (1)       0.22      0.42      0.29     19763

    accuracy                           0.73    151161
   macro avg       0.56      0.60      0.56    151161
weighted avg       0.81      0.73      0.76    151161


  Generalization gap (val → test):
    ROC-AUC: 0.5600 → 0.6534 (Δ +0.0934)
    PR-AUC:  0.1616 → 0.2084 (Δ +0.0468)
    MCC:     0.0843 → 0.1492 (Δ +0.0650)
PASS | purged I+II+IV seed46 | training + evaluation + export: 45.5 min
Historical outputs unchanged. Selected model, preprocessing and indexed predictions saved.
Report: \\nas.ads.mwn.de\go39lop\Desktop\Archive\results\purged_multi_text_seed46_20260916T233519Z_6fa3adac\experiment_report.json
