[Universe] Cache: 400 hisse, 9 sektör → datasets/universe.csv
FULL EXPERIMENT | I | seed 48 | up to 30 epochs | batch size 64
Output directory: \\nas.ads.mwn.de\go39lop\Desktop\Archive\results\purged_tech_only_seed48_20260917T021632Z_75334997
Test is evaluated only after validation-based checkpoint selection.
GPU: NVIDIA A40

  Feature split → tech: 32 cols ('tech',) | fund: 6 cols ('fund',)
[Purge] Cached-date upper bounds; unknown endpoints excluded conservatively.
[Purge] Train: {'rows': 757567, 'crossing_upper_bound': 5102, 'unknown': 2798, 'retained_endpoints': 749667}
[Purge] Validation: {'rows': 115138, 'crossing_upper_bound': 4516, 'unknown': 482, 'retained_endpoints': 110140}
  Train  (2019-12-31'e kadar): 757,567 satır | Min: 2010-01-04 | Max: 2019-12-31
  Val    (2020-01-01 → 2021-12-31): 115,138 satır | Min: 2020-01-02 | Max: 2021-12-31
  Test   (2022-01-01 → 2024-12-31): 155,550 satır | Min: 2022-01-03 | Max: 2024-12-02

  Dual-stream Dataset'ler oluşturuluyor...
  [Train]
  DualStreamSequenceDataset: 742,162 sequences | seq_len=20 | tech_dim=32 | fund_dim=6 | Kriz oranı: 12.4%
  [Val]
  DualStreamSequenceDataset: 105,436 sequences | seq_len=20 | tech_dim=32 | fund_dim=6 | Kriz oranı: 12.5%
  [Test]
  DualStreamSequenceDataset: 151,161 sequences | seq_len=20 | tech_dim=32 | fund_dim=6 | Kriz oranı: 13.1%
  [Sampling] WeightedRandomSampler train'e uygulanıyor (val/test doğal kalıyor)...
Actual test dates: 2022-01-31 00:00:00 to 2024-12-02 00:00:00
Full-panel train sequences: 742162
Full-panel validation sequences: 105436

PURGED_tech_only_seed48 Eğitimi Başlıyor (cuda) | monitor=pr_auc | lr=0.0001 | wd=0.01 | patience=8 | scheduler=plateau...
[train] batch 1/11596 | elapsed 0.0 min
[train] batch 500/11596 | elapsed 0.1 min
[train] batch 1000/11596 | elapsed 0.2 min
[train] batch 1500/11596 | elapsed 0.3 min
[train] batch 2000/11596 | elapsed 0.4 min
[train] batch 2500/11596 | elapsed 0.5 min
[train] batch 3000/11596 | elapsed 0.6 min
[train] batch 3500/11596 | elapsed 0.7 min
[train] batch 4000/11596 | elapsed 0.8 min
[train] batch 4500/11596 | elapsed 0.9 min
[train] batch 5000/11596 | elapsed 0.9 min
[train] batch 5500/11596 | elapsed 1.0 min
[train] batch 6000/11596 | elapsed 1.1 min
[train] batch 6500/11596 | elapsed 1.2 min
[train] batch 7000/11596 | elapsed 1.3 min
[train] batch 7500/11596 | elapsed 1.4 min
[train] batch 8000/11596 | elapsed 1.5 min
[train] batch 8500/11596 | elapsed 1.6 min
[train] batch 9000/11596 | elapsed 1.7 min
[train] batch 9500/11596 | elapsed 1.7 min
[train] batch 10000/11596 | elapsed 1.8 min
[train] batch 10500/11596 | elapsed 1.9 min
[train] batch 11000/11596 | elapsed 2.0 min
[train] batch 11500/11596 | elapsed 2.1 min
[train] batch 11596/11596 | elapsed 2.1 min
[validation] batch 1/1648 | elapsed 0.0 min
[validation] batch 500/1648 | elapsed 0.0 min
[validation] batch 1000/1648 | elapsed 0.1 min
[validation] batch 1500/1648 | elapsed 0.1 min
[validation] batch 1648/1648 | elapsed 0.1 min
Epoch 01/30 | Loss T:0.1631 V:0.1789 | ROC-AUC T:0.662 V:0.555 | PR-AUC T:0.636 V:0.152 | P:0.143 R:0.593
  ✓ Yeni en iyi model kaydedildi (pr_auc: 0.1520)
[train] batch 1/11596 | elapsed 0.0 min
[train] batch 500/11596 | elapsed 0.1 min
[train] batch 1000/11596 | elapsed 0.2 min
[train] batch 1500/11596 | elapsed 0.3 min
[train] batch 2000/11596 | elapsed 0.4 min
[train] batch 2500/11596 | elapsed 0.5 min
[train] batch 3000/11596 | elapsed 0.5 min
[train] batch 3500/11596 | elapsed 0.6 min
[train] batch 4000/11596 | elapsed 0.7 min
[train] batch 4500/11596 | elapsed 0.8 min
[train] batch 5000/11596 | elapsed 0.9 min
[train] batch 5500/11596 | elapsed 1.0 min
[train] batch 6000/11596 | elapsed 1.1 min
[train] batch 6500/11596 | elapsed 1.2 min
[train] batch 7000/11596 | elapsed 1.3 min
[train] batch 7500/11596 | elapsed 1.3 min
[train] batch 8000/11596 | elapsed 1.4 min
[train] batch 8500/11596 | elapsed 1.5 min
[train] batch 9000/11596 | elapsed 1.6 min
[train] batch 9500/11596 | elapsed 1.7 min
[train] batch 10000/11596 | elapsed 1.8 min
[train] batch 10500/11596 | elapsed 1.9 min
[train] batch 11000/11596 | elapsed 2.0 min
[train] batch 11500/11596 | elapsed 2.1 min
[train] batch 11596/11596 | elapsed 2.1 min
[validation] batch 1/1648 | elapsed 0.0 min
[validation] batch 500/1648 | elapsed 0.0 min
[validation] batch 1000/1648 | elapsed 0.1 min
[validation] batch 1500/1648 | elapsed 0.1 min
[validation] batch 1648/1648 | elapsed 0.1 min
Epoch 02/30 | Loss T:0.1589 V:0.1877 | ROC-AUC T:0.692 V:0.554 | PR-AUC T:0.667 V:0.144 | P:0.144 R:0.610
[train] batch 1/11596 | elapsed 0.0 min
[train] batch 500/11596 | elapsed 0.1 min
[train] batch 1000/11596 | elapsed 0.2 min
[train] batch 1500/11596 | elapsed 0.3 min
[train] batch 2000/11596 | elapsed 0.4 min
[train] batch 2500/11596 | elapsed 0.5 min
[train] batch 3000/11596 | elapsed 0.5 min
[train] batch 3500/11596 | elapsed 0.6 min
[train] batch 4000/11596 | elapsed 0.7 min
[train] batch 4500/11596 | elapsed 0.8 min
[train] batch 5000/11596 | elapsed 0.9 min
[train] batch 5500/11596 | elapsed 1.0 min
[train] batch 6000/11596 | elapsed 1.1 min
[train] batch 6500/11596 | elapsed 1.2 min
[train] batch 7000/11596 | elapsed 1.3 min
[train] batch 7500/11596 | elapsed 1.4 min
[train] batch 8000/11596 | elapsed 1.5 min
[train] batch 8500/11596 | elapsed 1.6 min
[train] batch 9000/11596 | elapsed 1.6 min
[train] batch 9500/11596 | elapsed 1.7 min
[train] batch 10000/11596 | elapsed 1.8 min
[train] batch 10500/11596 | elapsed 1.9 min
[train] batch 11000/11596 | elapsed 2.0 min
[train] batch 11500/11596 | elapsed 2.1 min
[train] batch 11596/11596 | elapsed 2.1 min
[validation] batch 1/1648 | elapsed 0.0 min
[validation] batch 500/1648 | elapsed 0.0 min
[validation] batch 1000/1648 | elapsed 0.1 min
[validation] batch 1500/1648 | elapsed 0.1 min
[validation] batch 1648/1648 | elapsed 0.1 min
Epoch 03/30 | Loss T:0.1562 V:0.1777 | ROC-AUC T:0.707 V:0.552 | PR-AUC T:0.685 V:0.145 | P:0.147 R:0.513
[train] batch 1/11596 | elapsed 0.0 min
[train] batch 500/11596 | elapsed 0.1 min
[train] batch 1000/11596 | elapsed 0.2 min
[train] batch 1500/11596 | elapsed 0.3 min
[train] batch 2000/11596 | elapsed 0.4 min
[train] batch 2500/11596 | elapsed 0.4 min
[train] batch 3000/11596 | elapsed 0.5 min
[train] batch 3500/11596 | elapsed 0.6 min
[train] batch 4000/11596 | elapsed 0.7 min
[train] batch 4500/11596 | elapsed 0.8 min
[train] batch 5000/11596 | elapsed 0.9 min
[train] batch 5500/11596 | elapsed 1.0 min
[train] batch 6000/11596 | elapsed 1.1 min
[train] batch 6500/11596 | elapsed 1.2 min
[train] batch 7000/11596 | elapsed 1.3 min
[train] batch 7500/11596 | elapsed 1.3 min
[train] batch 8000/11596 | elapsed 1.4 min
[train] batch 8500/11596 | elapsed 1.5 min
[train] batch 9000/11596 | elapsed 1.6 min
[train] batch 9500/11596 | elapsed 1.7 min
[train] batch 10000/11596 | elapsed 1.8 min
[train] batch 10500/11596 | elapsed 1.9 min
[train] batch 11000/11596 | elapsed 2.0 min
[train] batch 11500/11596 | elapsed 2.1 min
[train] batch 11596/11596 | elapsed 2.1 min
[validation] batch 1/1648 | elapsed 0.0 min
[validation] batch 500/1648 | elapsed 0.0 min
[validation] batch 1000/1648 | elapsed 0.1 min
[validation] batch 1500/1648 | elapsed 0.1 min
[validation] batch 1648/1648 | elapsed 0.1 min
Epoch 04/30 | Loss T:0.1538 V:0.1842 | ROC-AUC T:0.720 V:0.549 | PR-AUC T:0.703 V:0.145 | P:0.145 R:0.541
[train] batch 1/11596 | elapsed 0.0 min
[train] batch 500/11596 | elapsed 0.1 min
[train] batch 1000/11596 | elapsed 0.2 min
[train] batch 1500/11596 | elapsed 0.3 min
[train] batch 2000/11596 | elapsed 0.4 min
[train] batch 2500/11596 | elapsed 0.5 min
[train] batch 3000/11596 | elapsed 0.5 min
[train] batch 3500/11596 | elapsed 0.6 min
[train] batch 4000/11596 | elapsed 0.7 min
[train] batch 4500/11596 | elapsed 0.8 min
[train] batch 5000/11596 | elapsed 0.9 min
[train] batch 5500/11596 | elapsed 1.0 min
[train] batch 6000/11596 | elapsed 1.1 min
[train] batch 6500/11596 | elapsed 1.2 min
[train] batch 7000/11596 | elapsed 1.3 min
[train] batch 7500/11596 | elapsed 1.4 min
[train] batch 8000/11596 | elapsed 1.5 min
[train] batch 8500/11596 | elapsed 1.5 min
[train] batch 9000/11596 | elapsed 1.6 min
[train] batch 9500/11596 | elapsed 1.7 min
[train] batch 10000/11596 | elapsed 1.8 min
[train] batch 10500/11596 | elapsed 1.9 min
[train] batch 11000/11596 | elapsed 2.0 min
[train] batch 11500/11596 | elapsed 2.1 min
[train] batch 11596/11596 | elapsed 2.1 min
[validation] batch 1/1648 | elapsed 0.0 min
[validation] batch 500/1648 | elapsed 0.0 min
[validation] batch 1000/1648 | elapsed 0.1 min
[validation] batch 1500/1648 | elapsed 0.1 min
[validation] batch 1648/1648 | elapsed 0.1 min
Epoch 05/30 | Loss T:0.1517 V:0.1747 | ROC-AUC T:0.731 V:0.575 | PR-AUC T:0.714 V:0.158 | P:0.154 R:0.549
  ✓ Yeni en iyi model kaydedildi (pr_auc: 0.1582)
[train] batch 1/11596 | elapsed 0.0 min
[train] batch 500/11596 | elapsed 0.1 min
[train] batch 1000/11596 | elapsed 0.2 min
[train] batch 1500/11596 | elapsed 0.3 min
[train] batch 2000/11596 | elapsed 0.4 min
[train] batch 2500/11596 | elapsed 0.5 min
[train] batch 3000/11596 | elapsed 0.5 min
[train] batch 3500/11596 | elapsed 0.6 min
[train] batch 4000/11596 | elapsed 0.7 min
[train] batch 4500/11596 | elapsed 0.8 min
[train] batch 5000/11596 | elapsed 0.9 min
[train] batch 5500/11596 | elapsed 1.0 min
[train] batch 6000/11596 | elapsed 1.1 min
[train] batch 6500/11596 | elapsed 1.2 min
[train] batch 7000/11596 | elapsed 1.3 min
[train] batch 7500/11596 | elapsed 1.4 min
[train] batch 8000/11596 | elapsed 1.4 min
[train] batch 8500/11596 | elapsed 1.5 min
[train] batch 9000/11596 | elapsed 1.6 min
[train] batch 9500/11596 | elapsed 1.7 min
[train] batch 10000/11596 | elapsed 1.8 min
[train] batch 10500/11596 | elapsed 1.9 min
[train] batch 11000/11596 | elapsed 2.0 min
[train] batch 11500/11596 | elapsed 2.1 min
[train] batch 11596/11596 | elapsed 2.1 min
[validation] batch 1/1648 | elapsed 0.0 min
[validation] batch 500/1648 | elapsed 0.0 min
[validation] batch 1000/1648 | elapsed 0.1 min
[validation] batch 1500/1648 | elapsed 0.1 min
[validation] batch 1648/1648 | elapsed 0.1 min
Epoch 06/30 | Loss T:0.1498 V:0.1799 | ROC-AUC T:0.740 V:0.544 | PR-AUC T:0.725 V:0.145 | P:0.144 R:0.498
[train] batch 1/11596 | elapsed 0.0 min
[train] batch 500/11596 | elapsed 0.1 min
[train] batch 1000/11596 | elapsed 0.2 min
[train] batch 1500/11596 | elapsed 0.3 min
[train] batch 2000/11596 | elapsed 0.4 min
[train] batch 2500/11596 | elapsed 0.5 min
[train] batch 3000/11596 | elapsed 0.5 min
[train] batch 3500/11596 | elapsed 0.6 min
[train] batch 4000/11596 | elapsed 0.7 min
[train] batch 4500/11596 | elapsed 0.8 min
[train] batch 5000/11596 | elapsed 0.9 min
[train] batch 5500/11596 | elapsed 1.0 min
[train] batch 6000/11596 | elapsed 1.1 min
[train] batch 6500/11596 | elapsed 1.2 min
[train] batch 7000/11596 | elapsed 1.3 min
[train] batch 7500/11596 | elapsed 1.4 min
[train] batch 8000/11596 | elapsed 1.4 min
[train] batch 8500/11596 | elapsed 1.5 min
[train] batch 9000/11596 | elapsed 1.6 min
[train] batch 9500/11596 | elapsed 1.7 min
[train] batch 10000/11596 | elapsed 1.8 min
[train] batch 10500/11596 | elapsed 1.9 min
[train] batch 11000/11596 | elapsed 2.0 min
[train] batch 11500/11596 | elapsed 2.1 min
[train] batch 11596/11596 | elapsed 2.1 min
[validation] batch 1/1648 | elapsed 0.0 min
[validation] batch 500/1648 | elapsed 0.0 min
[validation] batch 1000/1648 | elapsed 0.1 min
[validation] batch 1500/1648 | elapsed 0.1 min
[validation] batch 1648/1648 | elapsed 0.1 min
Epoch 07/30 | Loss T:0.1480 V:0.1889 | ROC-AUC T:0.748 V:0.552 | PR-AUC T:0.733 V:0.146 | P:0.145 R:0.578
[train] batch 1/11596 | elapsed 0.0 min
[train] batch 500/11596 | elapsed 0.1 min
[train] batch 1000/11596 | elapsed 0.2 min
[train] batch 1500/11596 | elapsed 0.3 min
[train] batch 2000/11596 | elapsed 0.4 min
[train] batch 2500/11596 | elapsed 0.5 min
[train] batch 3000/11596 | elapsed 0.5 min
[train] batch 3500/11596 | elapsed 0.6 min
[train] batch 4000/11596 | elapsed 0.7 min
[train] batch 4500/11596 | elapsed 0.8 min
[train] batch 5000/11596 | elapsed 0.9 min
[train] batch 5500/11596 | elapsed 1.0 min
[train] batch 6000/11596 | elapsed 1.1 min
[train] batch 6500/11596 | elapsed 1.2 min
[train] batch 7000/11596 | elapsed 1.3 min
[train] batch 7500/11596 | elapsed 1.4 min
[train] batch 8000/11596 | elapsed 1.5 min
[train] batch 8500/11596 | elapsed 1.5 min
[train] batch 9000/11596 | elapsed 1.6 min
[train] batch 9500/11596 | elapsed 1.7 min
[train] batch 10000/11596 | elapsed 1.8 min
[train] batch 10500/11596 | elapsed 1.9 min
[train] batch 11000/11596 | elapsed 2.0 min
[train] batch 11500/11596 | elapsed 2.1 min
[train] batch 11596/11596 | elapsed 2.1 min
[validation] batch 1/1648 | elapsed 0.0 min
[validation] batch 500/1648 | elapsed 0.0 min
[validation] batch 1000/1648 | elapsed 0.1 min
[validation] batch 1500/1648 | elapsed 0.1 min
[validation] batch 1648/1648 | elapsed 0.1 min
Epoch 08/30 | Loss T:0.1460 V:0.1890 | ROC-AUC T:0.757 V:0.553 | PR-AUC T:0.742 V:0.145 | P:0.144 R:0.581
[train] batch 1/11596 | elapsed 0.0 min
[train] batch 500/11596 | elapsed 0.1 min
[train] batch 1000/11596 | elapsed 0.2 min
[train] batch 1500/11596 | elapsed 0.3 min
[train] batch 2000/11596 | elapsed 0.4 min
[train] batch 2500/11596 | elapsed 0.4 min
[train] batch 3000/11596 | elapsed 0.5 min
[train] batch 3500/11596 | elapsed 0.6 min
[train] batch 4000/11596 | elapsed 0.7 min
[train] batch 4500/11596 | elapsed 0.8 min
[train] batch 5000/11596 | elapsed 0.9 min
[train] batch 5500/11596 | elapsed 1.0 min
[train] batch 6000/11596 | elapsed 1.1 min
[train] batch 6500/11596 | elapsed 1.2 min
[train] batch 7000/11596 | elapsed 1.3 min
[train] batch 7500/11596 | elapsed 1.4 min
[train] batch 8000/11596 | elapsed 1.4 min
[train] batch 8500/11596 | elapsed 1.5 min
[train] batch 9000/11596 | elapsed 1.6 min
[train] batch 9500/11596 | elapsed 1.7 min
[train] batch 10000/11596 | elapsed 1.8 min
[train] batch 10500/11596 | elapsed 1.9 min
[train] batch 11000/11596 | elapsed 2.0 min
[train] batch 11500/11596 | elapsed 2.1 min
[train] batch 11596/11596 | elapsed 2.1 min
[validation] batch 1/1648 | elapsed 0.0 min
[validation] batch 500/1648 | elapsed 0.0 min
[validation] batch 1000/1648 | elapsed 0.1 min
[validation] batch 1500/1648 | elapsed 0.1 min
[validation] batch 1648/1648 | elapsed 0.1 min
Epoch 09/30 | Loss T:0.1447 V:0.1886 | ROC-AUC T:0.763 V:0.560 | PR-AUC T:0.749 V:0.146 | P:0.150 R:0.560
[train] batch 1/11596 | elapsed 0.0 min
[train] batch 500/11596 | elapsed 0.1 min
[train] batch 1000/11596 | elapsed 0.2 min
[train] batch 1500/11596 | elapsed 0.3 min
[train] batch 2000/11596 | elapsed 0.4 min
[train] batch 2500/11596 | elapsed 0.5 min
[train] batch 3000/11596 | elapsed 0.5 min
[train] batch 3500/11596 | elapsed 0.6 min
[train] batch 4000/11596 | elapsed 0.7 min
[train] batch 4500/11596 | elapsed 0.8 min
[train] batch 5000/11596 | elapsed 0.9 min
[train] batch 5500/11596 | elapsed 1.0 min
[train] batch 6000/11596 | elapsed 1.1 min
[train] batch 6500/11596 | elapsed 1.2 min
[train] batch 7000/11596 | elapsed 1.3 min
[train] batch 7500/11596 | elapsed 1.4 min
[train] batch 8000/11596 | elapsed 1.5 min
[train] batch 8500/11596 | elapsed 1.6 min
[train] batch 9000/11596 | elapsed 1.6 min
[train] batch 9500/11596 | elapsed 1.7 min
[train] batch 10000/11596 | elapsed 1.8 min
[train] batch 10500/11596 | elapsed 1.9 min
[train] batch 11000/11596 | elapsed 2.0 min
[train] batch 11500/11596 | elapsed 2.1 min
[train] batch 11596/11596 | elapsed 2.1 min
[validation] batch 1/1648 | elapsed 0.0 min
[validation] batch 500/1648 | elapsed 0.0 min
[validation] batch 1000/1648 | elapsed 0.1 min
[validation] batch 1500/1648 | elapsed 0.1 min
[validation] batch 1648/1648 | elapsed 0.1 min
Epoch 10/30 | Loss T:0.1430 V:0.1863 | ROC-AUC T:0.770 V:0.565 | PR-AUC T:0.756 V:0.150 | P:0.149 R:0.575
[train] batch 1/11596 | elapsed 0.0 min
[train] batch 500/11596 | elapsed 0.1 min
[train] batch 1000/11596 | elapsed 0.2 min
[train] batch 1500/11596 | elapsed 0.3 min
[train] batch 2000/11596 | elapsed 0.4 min
[train] batch 2500/11596 | elapsed 0.5 min
[train] batch 3000/11596 | elapsed 0.5 min
[train] batch 3500/11596 | elapsed 0.6 min
[train] batch 4000/11596 | elapsed 0.7 min
[train] batch 4500/11596 | elapsed 0.8 min
[train] batch 5000/11596 | elapsed 0.9 min
[train] batch 5500/11596 | elapsed 1.0 min
[train] batch 6000/11596 | elapsed 1.1 min
[train] batch 6500/11596 | elapsed 1.2 min
[train] batch 7000/11596 | elapsed 1.3 min
[train] batch 7500/11596 | elapsed 1.4 min
[train] batch 8000/11596 | elapsed 1.5 min
[train] batch 8500/11596 | elapsed 1.5 min
[train] batch 9000/11596 | elapsed 1.6 min
[train] batch 9500/11596 | elapsed 1.7 min
[train] batch 10000/11596 | elapsed 1.8 min
[train] batch 10500/11596 | elapsed 1.9 min
[train] batch 11000/11596 | elapsed 2.0 min
[train] batch 11500/11596 | elapsed 2.1 min
[train] batch 11596/11596 | elapsed 2.1 min
[validation] batch 1/1648 | elapsed 0.0 min
[validation] batch 500/1648 | elapsed 0.0 min
[validation] batch 1000/1648 | elapsed 0.1 min
[validation] batch 1500/1648 | elapsed 0.1 min
[validation] batch 1648/1648 | elapsed 0.1 min
Epoch 11/30 | Loss T:0.1411 V:0.1891 | ROC-AUC T:0.778 V:0.548 | PR-AUC T:0.763 V:0.144 | P:0.146 R:0.524
[train] batch 1/11596 | elapsed 0.0 min
[train] batch 500/11596 | elapsed 0.1 min
[train] batch 1000/11596 | elapsed 0.2 min
[train] batch 1500/11596 | elapsed 0.3 min
[train] batch 2000/11596 | elapsed 0.4 min
[train] batch 2500/11596 | elapsed 0.5 min
[train] batch 3000/11596 | elapsed 0.5 min
[train] batch 3500/11596 | elapsed 0.6 min
[train] batch 4000/11596 | elapsed 0.7 min
[train] batch 4500/11596 | elapsed 0.8 min
[train] batch 5000/11596 | elapsed 0.9 min
[train] batch 5500/11596 | elapsed 1.0 min
[train] batch 6000/11596 | elapsed 1.1 min
[train] batch 6500/11596 | elapsed 1.2 min
[train] batch 7000/11596 | elapsed 1.3 min
[train] batch 7500/11596 | elapsed 1.4 min
[train] batch 8000/11596 | elapsed 1.4 min
[train] batch 8500/11596 | elapsed 1.5 min
[train] batch 9000/11596 | elapsed 1.6 min
[train] batch 9500/11596 | elapsed 1.7 min
[train] batch 10000/11596 | elapsed 1.8 min
[train] batch 10500/11596 | elapsed 1.9 min
[train] batch 11000/11596 | elapsed 2.0 min
[train] batch 11500/11596 | elapsed 2.1 min
[train] batch 11596/11596 | elapsed 2.1 min
[validation] batch 1/1648 | elapsed 0.0 min
[validation] batch 500/1648 | elapsed 0.0 min
[validation] batch 1000/1648 | elapsed 0.1 min
[validation] batch 1500/1648 | elapsed 0.1 min
[validation] batch 1648/1648 | elapsed 0.1 min
Epoch 12/30 | Loss T:0.1400 V:0.1840 | ROC-AUC T:0.783 V:0.560 | PR-AUC T:0.768 V:0.149 | P:0.150 R:0.525
[train] batch 1/11596 | elapsed 0.0 min
[train] batch 500/11596 | elapsed 0.1 min
[train] batch 1000/11596 | elapsed 0.2 min
[train] batch 1500/11596 | elapsed 0.3 min
[train] batch 2000/11596 | elapsed 0.4 min
[train] batch 2500/11596 | elapsed 0.5 min
[train] batch 3000/11596 | elapsed 0.5 min
[train] batch 3500/11596 | elapsed 0.6 min
[train] batch 4000/11596 | elapsed 0.7 min
[train] batch 4500/11596 | elapsed 0.8 min
[train] batch 5000/11596 | elapsed 0.9 min
[train] batch 5500/11596 | elapsed 1.0 min
[train] batch 6000/11596 | elapsed 1.1 min
[train] batch 6500/11596 | elapsed 1.2 min
[train] batch 7000/11596 | elapsed 1.3 min
[train] batch 7500/11596 | elapsed 1.4 min
[train] batch 8000/11596 | elapsed 1.4 min
[train] batch 8500/11596 | elapsed 1.5 min
[train] batch 9000/11596 | elapsed 1.6 min
[train] batch 9500/11596 | elapsed 1.7 min
[train] batch 10000/11596 | elapsed 1.8 min
[train] batch 10500/11596 | elapsed 1.9 min
[train] batch 11000/11596 | elapsed 2.0 min
[train] batch 11500/11596 | elapsed 2.1 min
[train] batch 11596/11596 | elapsed 2.1 min
[validation] batch 1/1648 | elapsed 0.0 min
[validation] batch 500/1648 | elapsed 0.0 min
[validation] batch 1000/1648 | elapsed 0.1 min
[validation] batch 1500/1648 | elapsed 0.1 min
[validation] batch 1648/1648 | elapsed 0.1 min
Epoch 13/30 | Loss T:0.1392 V:0.1826 | ROC-AUC T:0.786 V:0.563 | PR-AUC T:0.770 V:0.151 | P:0.150 R:0.506
  Early Stopping: Epoch 13'de duruldu (En iyi pr_auc: 0.1582)
[validation] batch 1/1648 | elapsed 0.0 min
[validation] batch 500/1648 | elapsed 0.0 min
[validation] batch 1000/1648 | elapsed 0.1 min
[validation] batch 1500/1648 | elapsed 0.1 min
[validation] batch 1648/1648 | elapsed 0.1 min

════════════════════════════════════════════════════════════
  PURGED_tech_only_seed48 — VALIDATION SET
════════════════════════════════════════════════════════════
  Threshold-bağımsız (ranking):
    ROC-AUC: 0.5748
    PR-AUC:  0.1582
  Optimal Threshold (MCC max from VAL): 0.5256 (val MCC=0.0839)
  Threshold-bağımlı (eşik=0.5256):
    Accuracy:  0.6520
    MCC:       0.0839
    Precision: 0.1648
    Recall:    0.4363
    F1:        0.2392

=== PURGED_tech_only_seed48 Validation Classification Report ===
              precision    recall  f1-score   support

  Stable (0)       0.89      0.68      0.77     92214
    Risk (1)       0.16      0.44      0.24     13222

    accuracy                           0.65    105436
   macro avg       0.53      0.56      0.51    105436
weighted avg       0.80      0.65      0.71    105436

[test] batch 1/2362 | elapsed 0.0 min
[test] batch 500/2362 | elapsed 0.0 min
[test] batch 1000/2362 | elapsed 0.0 min
[test] batch 1500/2362 | elapsed 0.1 min
[test] batch 2000/2362 | elapsed 0.1 min
[test] batch 2362/2362 | elapsed 0.1 min

════════════════════════════════════════════════════════════
  PURGED_tech_only_seed48 — TEST SET (hold-out, 2024+)
════════════════════════════════════════════════════════════
  Threshold-bağımsız (ranking):
    ROC-AUC: 0.6334
    PR-AUC:  0.1906
  Threshold-bağımlı (val'dan seçilen eşik=0.5256):
    Accuracy:  0.6445
    MCC:       0.1237
    Precision: 0.1865
    Recall:    0.5115
    F1:        0.2734

=== PURGED_tech_only_seed48 Test Classification Report ===
              precision    recall  f1-score   support

  Stable (0)       0.90      0.66      0.76    131398
    Risk (1)       0.19      0.51      0.27     19763

    accuracy                           0.64    151161
   macro avg       0.54      0.59      0.52    151161
weighted avg       0.81      0.64      0.70    151161


  Generalization gap (val → test):
    ROC-AUC: 0.5748 → 0.6334 (Δ +0.0587)
    PR-AUC:  0.1582 → 0.1906 (Δ +0.0324)
    MCC:     0.0839 → 0.1237 (Δ +0.0398)
PASS | purged I seed48 | training + evaluation + export: 29.7 min
Historical outputs unchanged. Selected model, preprocessing and indexed predictions saved.
Report: \\nas.ads.mwn.de\go39lop\Desktop\Archive\results\purged_tech_only_seed48_20260917T021632Z_75334997\experiment_report.json
