[Universe] Cache: 400 hisse, 9 sektör → datasets/universe.csv
FULL EXPERIMENT | I | seed 42 | up to 30 epochs | batch size 64
Output directory: \\nas.ads.mwn.de\go39lop\Desktop\Archive\results\purged_tech_only_seed42_20260916T152334Z_a510e05e
Test is evaluated only after validation-based checkpoint selection.
GPU: NVIDIA A40

  Feature split → tech: 32 cols ('tech',) | fund: 6 cols ('fund',)
[Purge] Cached-date upper bounds; unknown endpoints excluded conservatively.
[Purge] Train: {'rows': 757567, 'crossing_upper_bound': 5102, 'unknown': 2798, 'retained_endpoints': 749667}
[Purge] Validation: {'rows': 115138, 'crossing_upper_bound': 4516, 'unknown': 482, 'retained_endpoints': 110140}
  Train  (2019-12-31'e kadar): 757,567 satır | Min: 2010-01-04 | Max: 2019-12-31
  Val    (2020-01-01 → 2021-12-31): 115,138 satır | Min: 2020-01-02 | Max: 2021-12-31
  Test   (2022-01-01 → 2024-12-31): 155,550 satır | Min: 2022-01-03 | Max: 2024-12-02

  Dual-stream Dataset'ler oluşturuluyor...
  [Train]
  DualStreamSequenceDataset: 742,162 sequences | seq_len=20 | tech_dim=32 | fund_dim=6 | Kriz oranı: 12.4%
  [Val]
  DualStreamSequenceDataset: 105,436 sequences | seq_len=20 | tech_dim=32 | fund_dim=6 | Kriz oranı: 12.5%
  [Test]
  DualStreamSequenceDataset: 151,161 sequences | seq_len=20 | tech_dim=32 | fund_dim=6 | Kriz oranı: 13.1%
  [Sampling] WeightedRandomSampler train'e uygulanıyor (val/test doğal kalıyor)...
Actual test dates: 2022-01-31 00:00:00 to 2024-12-02 00:00:00
Full-panel train sequences: 742162
Full-panel validation sequences: 105436

PURGED_tech_only_seed42 Eğitimi Başlıyor (cuda) | monitor=pr_auc | lr=0.0001 | wd=0.01 | patience=8 | scheduler=plateau...
[train] batch 1/11596 | elapsed 0.0 min
[train] batch 500/11596 | elapsed 0.4 min
[train] batch 1000/11596 | elapsed 0.5 min
[train] batch 1500/11596 | elapsed 0.6 min
[train] batch 2000/11596 | elapsed 0.7 min
[train] batch 2500/11596 | elapsed 0.8 min
[train] batch 3000/11596 | elapsed 0.9 min
[train] batch 3500/11596 | elapsed 0.9 min
[train] batch 4000/11596 | elapsed 1.0 min
[train] batch 4500/11596 | elapsed 1.1 min
[train] batch 5000/11596 | elapsed 1.2 min
[train] batch 5500/11596 | elapsed 1.3 min
[train] batch 6000/11596 | elapsed 1.3 min
[train] batch 6500/11596 | elapsed 1.4 min
[train] batch 7000/11596 | elapsed 1.5 min
[train] batch 7500/11596 | elapsed 1.6 min
[train] batch 8000/11596 | elapsed 1.7 min
[train] batch 8500/11596 | elapsed 1.7 min
[train] batch 9000/11596 | elapsed 1.8 min
[train] batch 9500/11596 | elapsed 1.9 min
[train] batch 10000/11596 | elapsed 2.0 min
[train] batch 10500/11596 | elapsed 2.1 min
[train] batch 11000/11596 | elapsed 2.1 min
[train] batch 11500/11596 | elapsed 2.2 min
[train] batch 11596/11596 | elapsed 2.2 min
[validation] batch 1/1648 | elapsed 0.0 min
[validation] batch 500/1648 | elapsed 0.0 min
[validation] batch 1000/1648 | elapsed 0.1 min
[validation] batch 1500/1648 | elapsed 0.1 min
[validation] batch 1648/1648 | elapsed 0.1 min
Epoch 01/30 | Loss T:0.1632 V:0.1799 | ROC-AUC T:0.662 V:0.565 | PR-AUC T:0.635 V:0.157 | P:0.146 R:0.602
  ✓ Yeni en iyi model kaydedildi (pr_auc: 0.1571)
[train] batch 1/11596 | elapsed 0.0 min
[train] batch 500/11596 | elapsed 0.1 min
[train] batch 1000/11596 | elapsed 0.2 min
[train] batch 1500/11596 | elapsed 0.2 min
[train] batch 2000/11596 | elapsed 0.3 min
[train] batch 2500/11596 | elapsed 0.4 min
[train] batch 3000/11596 | elapsed 0.5 min
[train] batch 3500/11596 | elapsed 0.6 min
[train] batch 4000/11596 | elapsed 0.6 min
[train] batch 4500/11596 | elapsed 0.7 min
[train] batch 5000/11596 | elapsed 0.8 min
[train] batch 5500/11596 | elapsed 0.9 min
[train] batch 6000/11596 | elapsed 1.0 min
[train] batch 6500/11596 | elapsed 1.1 min
[train] batch 7000/11596 | elapsed 1.1 min
[train] batch 7500/11596 | elapsed 1.2 min
[train] batch 8000/11596 | elapsed 1.3 min
[train] batch 8500/11596 | elapsed 1.4 min
[train] batch 9000/11596 | elapsed 1.5 min
[train] batch 9500/11596 | elapsed 1.5 min
[train] batch 10000/11596 | elapsed 1.6 min
[train] batch 10500/11596 | elapsed 1.7 min
[train] batch 11000/11596 | elapsed 1.8 min
[train] batch 11500/11596 | elapsed 1.9 min
[train] batch 11596/11596 | elapsed 1.9 min
[validation] batch 1/1648 | elapsed 0.0 min
[validation] batch 500/1648 | elapsed 0.0 min
[validation] batch 1000/1648 | elapsed 0.1 min
[validation] batch 1500/1648 | elapsed 0.1 min
[validation] batch 1648/1648 | elapsed 0.1 min
Epoch 02/30 | Loss T:0.1591 V:0.1818 | ROC-AUC T:0.690 V:0.562 | PR-AUC T:0.664 V:0.153 | P:0.147 R:0.592
[train] batch 1/11596 | elapsed 0.0 min
[train] batch 500/11596 | elapsed 0.1 min
[train] batch 1000/11596 | elapsed 0.2 min
[train] batch 1500/11596 | elapsed 0.2 min
[train] batch 2000/11596 | elapsed 0.3 min
[train] batch 2500/11596 | elapsed 0.4 min
[train] batch 3000/11596 | elapsed 0.5 min
[train] batch 3500/11596 | elapsed 0.6 min
[train] batch 4000/11596 | elapsed 0.6 min
[train] batch 4500/11596 | elapsed 0.7 min
[train] batch 5000/11596 | elapsed 0.8 min
[train] batch 5500/11596 | elapsed 0.9 min
[train] batch 6000/11596 | elapsed 1.0 min
[train] batch 6500/11596 | elapsed 1.1 min
[train] batch 7000/11596 | elapsed 1.1 min
[train] batch 7500/11596 | elapsed 1.2 min
[train] batch 8000/11596 | elapsed 1.3 min
[train] batch 8500/11596 | elapsed 1.4 min
[train] batch 9000/11596 | elapsed 1.4 min
[train] batch 9500/11596 | elapsed 1.5 min
[train] batch 10000/11596 | elapsed 1.6 min
[train] batch 10500/11596 | elapsed 1.7 min
[train] batch 11000/11596 | elapsed 1.8 min
[train] batch 11500/11596 | elapsed 1.8 min
[train] batch 11596/11596 | elapsed 1.9 min
[validation] batch 1/1648 | elapsed 0.0 min
[validation] batch 500/1648 | elapsed 0.0 min
[validation] batch 1000/1648 | elapsed 0.1 min
[validation] batch 1500/1648 | elapsed 0.1 min
[validation] batch 1648/1648 | elapsed 0.1 min
Epoch 03/30 | Loss T:0.1561 V:0.1711 | ROC-AUC T:0.708 V:0.562 | PR-AUC T:0.685 V:0.153 | P:0.154 R:0.513
[train] batch 1/11596 | elapsed 0.0 min
[train] batch 500/11596 | elapsed 0.1 min
[train] batch 1000/11596 | elapsed 0.2 min
[train] batch 1500/11596 | elapsed 0.2 min
[train] batch 2000/11596 | elapsed 0.3 min
[train] batch 2500/11596 | elapsed 0.4 min
[train] batch 3000/11596 | elapsed 0.5 min
[train] batch 3500/11596 | elapsed 0.6 min
[train] batch 4000/11596 | elapsed 0.6 min
[train] batch 4500/11596 | elapsed 0.7 min
[train] batch 5000/11596 | elapsed 0.8 min
[train] batch 5500/11596 | elapsed 0.9 min
[train] batch 6000/11596 | elapsed 1.0 min
[train] batch 6500/11596 | elapsed 1.0 min
[train] batch 7000/11596 | elapsed 1.1 min
[train] batch 7500/11596 | elapsed 1.2 min
[train] batch 8000/11596 | elapsed 1.3 min
[train] batch 8500/11596 | elapsed 1.4 min
[train] batch 9000/11596 | elapsed 1.5 min
[train] batch 9500/11596 | elapsed 1.5 min
[train] batch 10000/11596 | elapsed 1.6 min
[train] batch 10500/11596 | elapsed 1.7 min
[train] batch 11000/11596 | elapsed 1.8 min
[train] batch 11500/11596 | elapsed 1.9 min
[train] batch 11596/11596 | elapsed 1.9 min
[validation] batch 1/1648 | elapsed 0.0 min
[validation] batch 500/1648 | elapsed 0.0 min
[validation] batch 1000/1648 | elapsed 0.1 min
[validation] batch 1500/1648 | elapsed 0.1 min
[validation] batch 1648/1648 | elapsed 0.1 min
Epoch 04/30 | Loss T:0.1539 V:0.1709 | ROC-AUC T:0.719 V:0.568 | PR-AUC T:0.700 V:0.157 | P:0.153 R:0.542
[train] batch 1/11596 | elapsed 0.0 min
[train] batch 500/11596 | elapsed 0.1 min
[train] batch 1000/11596 | elapsed 0.2 min
[train] batch 1500/11596 | elapsed 0.3 min
[train] batch 2000/11596 | elapsed 0.3 min
[train] batch 2500/11596 | elapsed 0.4 min
[train] batch 3000/11596 | elapsed 0.5 min
[train] batch 3500/11596 | elapsed 0.6 min
[train] batch 4000/11596 | elapsed 0.7 min
[train] batch 4500/11596 | elapsed 0.7 min
[train] batch 5000/11596 | elapsed 0.8 min
[train] batch 5500/11596 | elapsed 0.9 min
[train] batch 6000/11596 | elapsed 1.0 min
[train] batch 6500/11596 | elapsed 1.1 min
[train] batch 7000/11596 | elapsed 1.1 min
[train] batch 7500/11596 | elapsed 1.2 min
[train] batch 8000/11596 | elapsed 1.3 min
[train] batch 8500/11596 | elapsed 1.4 min
[train] batch 9000/11596 | elapsed 1.5 min
[train] batch 9500/11596 | elapsed 1.5 min
[train] batch 10000/11596 | elapsed 1.6 min
[train] batch 10500/11596 | elapsed 1.7 min
[train] batch 11000/11596 | elapsed 1.8 min
[train] batch 11500/11596 | elapsed 1.9 min
[train] batch 11596/11596 | elapsed 1.9 min
[validation] batch 1/1648 | elapsed 0.0 min
[validation] batch 500/1648 | elapsed 0.0 min
[validation] batch 1000/1648 | elapsed 0.1 min
[validation] batch 1500/1648 | elapsed 0.1 min
[validation] batch 1648/1648 | elapsed 0.1 min
Epoch 05/30 | Loss T:0.1518 V:0.1781 | ROC-AUC T:0.730 V:0.570 | PR-AUC T:0.712 V:0.156 | P:0.153 R:0.570
[train] batch 1/11596 | elapsed 0.0 min
[train] batch 500/11596 | elapsed 0.1 min
[train] batch 1000/11596 | elapsed 0.2 min
[train] batch 1500/11596 | elapsed 0.2 min
[train] batch 2000/11596 | elapsed 0.3 min
[train] batch 2500/11596 | elapsed 0.4 min
[train] batch 3000/11596 | elapsed 0.5 min
[train] batch 3500/11596 | elapsed 0.6 min
[train] batch 4000/11596 | elapsed 0.6 min
[train] batch 4500/11596 | elapsed 0.7 min
[train] batch 5000/11596 | elapsed 0.8 min
[train] batch 5500/11596 | elapsed 0.9 min
[train] batch 6000/11596 | elapsed 1.0 min
[train] batch 6500/11596 | elapsed 1.1 min
[train] batch 7000/11596 | elapsed 1.1 min
[train] batch 7500/11596 | elapsed 1.2 min
[train] batch 8000/11596 | elapsed 1.3 min
[train] batch 8500/11596 | elapsed 1.4 min
[train] batch 9000/11596 | elapsed 1.5 min
[train] batch 9500/11596 | elapsed 1.5 min
[train] batch 10000/11596 | elapsed 1.6 min
[train] batch 10500/11596 | elapsed 1.7 min
[train] batch 11000/11596 | elapsed 1.8 min
[train] batch 11500/11596 | elapsed 1.9 min
[train] batch 11596/11596 | elapsed 1.9 min
[validation] batch 1/1648 | elapsed 0.0 min
[validation] batch 500/1648 | elapsed 0.0 min
[validation] batch 1000/1648 | elapsed 0.1 min
[validation] batch 1500/1648 | elapsed 0.1 min
[validation] batch 1648/1648 | elapsed 0.1 min
Epoch 06/30 | Loss T:0.1500 V:0.1828 | ROC-AUC T:0.739 V:0.564 | PR-AUC T:0.721 V:0.153 | P:0.151 R:0.552
[train] batch 1/11596 | elapsed 0.0 min
[train] batch 500/11596 | elapsed 0.1 min
[train] batch 1000/11596 | elapsed 0.2 min
[train] batch 1500/11596 | elapsed 0.2 min
[train] batch 2000/11596 | elapsed 0.3 min
[train] batch 2500/11596 | elapsed 0.4 min
[train] batch 3000/11596 | elapsed 0.5 min
[train] batch 3500/11596 | elapsed 0.6 min
[train] batch 4000/11596 | elapsed 0.7 min
[train] batch 4500/11596 | elapsed 0.7 min
[train] batch 5000/11596 | elapsed 0.8 min
[train] batch 5500/11596 | elapsed 0.9 min
[train] batch 6000/11596 | elapsed 1.0 min
[train] batch 6500/11596 | elapsed 1.1 min
[train] batch 7000/11596 | elapsed 1.1 min
[train] batch 7500/11596 | elapsed 1.2 min
[train] batch 8000/11596 | elapsed 1.3 min
[train] batch 8500/11596 | elapsed 1.4 min
[train] batch 9000/11596 | elapsed 1.5 min
[train] batch 9500/11596 | elapsed 1.5 min
[train] batch 10000/11596 | elapsed 1.6 min
[train] batch 10500/11596 | elapsed 1.7 min
[train] batch 11000/11596 | elapsed 1.8 min
[train] batch 11500/11596 | elapsed 1.9 min
[train] batch 11596/11596 | elapsed 1.9 min
[validation] batch 1/1648 | elapsed 0.0 min
[validation] batch 500/1648 | elapsed 0.0 min
[validation] batch 1000/1648 | elapsed 0.1 min
[validation] batch 1500/1648 | elapsed 0.1 min
[validation] batch 1648/1648 | elapsed 0.1 min
Epoch 07/30 | Loss T:0.1485 V:0.1822 | ROC-AUC T:0.746 V:0.559 | PR-AUC T:0.730 V:0.154 | P:0.149 R:0.542
[train] batch 1/11596 | elapsed 0.0 min
[train] batch 500/11596 | elapsed 0.1 min
[train] batch 1000/11596 | elapsed 0.2 min
[train] batch 1500/11596 | elapsed 0.2 min
[train] batch 2000/11596 | elapsed 0.3 min
[train] batch 2500/11596 | elapsed 0.4 min
[train] batch 3000/11596 | elapsed 0.5 min
[train] batch 3500/11596 | elapsed 0.6 min
[train] batch 4000/11596 | elapsed 0.6 min
[train] batch 4500/11596 | elapsed 0.7 min
[train] batch 5000/11596 | elapsed 0.8 min
[train] batch 5500/11596 | elapsed 0.9 min
[train] batch 6000/11596 | elapsed 1.0 min
[train] batch 6500/11596 | elapsed 1.1 min
[train] batch 7000/11596 | elapsed 1.1 min
[train] batch 7500/11596 | elapsed 1.2 min
[train] batch 8000/11596 | elapsed 1.3 min
[train] batch 8500/11596 | elapsed 1.4 min
[train] batch 9000/11596 | elapsed 1.4 min
[train] batch 9500/11596 | elapsed 1.5 min
[train] batch 10000/11596 | elapsed 1.6 min
[train] batch 10500/11596 | elapsed 1.7 min
[train] batch 11000/11596 | elapsed 1.8 min
[train] batch 11500/11596 | elapsed 1.9 min
[train] batch 11596/11596 | elapsed 1.9 min
[validation] batch 1/1648 | elapsed 0.0 min
[validation] batch 500/1648 | elapsed 0.0 min
[validation] batch 1000/1648 | elapsed 0.1 min
[validation] batch 1500/1648 | elapsed 0.1 min
[validation] batch 1648/1648 | elapsed 0.1 min
Epoch 08/30 | Loss T:0.1473 V:0.1783 | ROC-AUC T:0.751 V:0.570 | PR-AUC T:0.735 V:0.158 | P:0.157 R:0.544
  ✓ Yeni en iyi model kaydedildi (pr_auc: 0.1583)
[train] batch 1/11596 | elapsed 0.0 min
[train] batch 500/11596 | elapsed 0.1 min
[train] batch 1000/11596 | elapsed 0.2 min
[train] batch 1500/11596 | elapsed 0.2 min
[train] batch 2000/11596 | elapsed 0.3 min
[train] batch 2500/11596 | elapsed 0.4 min
[train] batch 3000/11596 | elapsed 0.5 min
[train] batch 3500/11596 | elapsed 0.6 min
[train] batch 4000/11596 | elapsed 0.6 min
[train] batch 4500/11596 | elapsed 0.7 min
[train] batch 5000/11596 | elapsed 0.8 min
[train] batch 5500/11596 | elapsed 0.9 min
[train] batch 6000/11596 | elapsed 1.0 min
[train] batch 6500/11596 | elapsed 1.1 min
[train] batch 7000/11596 | elapsed 1.1 min
[train] batch 7500/11596 | elapsed 1.2 min
[train] batch 8000/11596 | elapsed 1.3 min
[train] batch 8500/11596 | elapsed 1.4 min
[train] batch 9000/11596 | elapsed 1.5 min
[train] batch 9500/11596 | elapsed 1.5 min
[train] batch 10000/11596 | elapsed 1.6 min
[train] batch 10500/11596 | elapsed 1.7 min
[train] batch 11000/11596 | elapsed 1.8 min
[train] batch 11500/11596 | elapsed 1.8 min
[train] batch 11596/11596 | elapsed 1.9 min
[validation] batch 1/1648 | elapsed 0.0 min
[validation] batch 500/1648 | elapsed 0.0 min
[validation] batch 1000/1648 | elapsed 0.1 min
[validation] batch 1500/1648 | elapsed 0.1 min
[validation] batch 1648/1648 | elapsed 0.1 min
Epoch 09/30 | Loss T:0.1463 V:0.1799 | ROC-AUC T:0.755 V:0.563 | PR-AUC T:0.739 V:0.155 | P:0.153 R:0.540
[train] batch 1/11596 | elapsed 0.0 min
[train] batch 500/11596 | elapsed 0.1 min
[train] batch 1000/11596 | elapsed 0.2 min
[train] batch 1500/11596 | elapsed 0.3 min
[train] batch 2000/11596 | elapsed 0.3 min
[train] batch 2500/11596 | elapsed 0.4 min
[train] batch 3000/11596 | elapsed 0.5 min
[train] batch 3500/11596 | elapsed 0.6 min
[train] batch 4000/11596 | elapsed 0.7 min
[train] batch 4500/11596 | elapsed 0.7 min
[train] batch 5000/11596 | elapsed 0.8 min
[train] batch 5500/11596 | elapsed 0.9 min
[train] batch 6000/11596 | elapsed 1.0 min
[train] batch 6500/11596 | elapsed 1.1 min
[train] batch 7000/11596 | elapsed 1.2 min
[train] batch 7500/11596 | elapsed 1.2 min
[train] batch 8000/11596 | elapsed 1.3 min
[train] batch 8500/11596 | elapsed 1.4 min
[train] batch 9000/11596 | elapsed 1.5 min
[train] batch 9500/11596 | elapsed 1.6 min
[train] batch 10000/11596 | elapsed 1.6 min
[train] batch 10500/11596 | elapsed 1.7 min
[train] batch 11000/11596 | elapsed 1.8 min
[train] batch 11500/11596 | elapsed 1.9 min
[train] batch 11596/11596 | elapsed 1.9 min
[validation] batch 1/1648 | elapsed 0.0 min
[validation] batch 500/1648 | elapsed 0.0 min
[validation] batch 1000/1648 | elapsed 0.1 min
[validation] batch 1500/1648 | elapsed 0.1 min
[validation] batch 1648/1648 | elapsed 0.1 min
Epoch 10/30 | Loss T:0.1454 V:0.1842 | ROC-AUC T:0.759 V:0.557 | PR-AUC T:0.743 V:0.153 | P:0.151 R:0.534
[train] batch 1/11596 | elapsed 0.0 min
[train] batch 500/11596 | elapsed 0.1 min
[train] batch 1000/11596 | elapsed 0.2 min
[train] batch 1500/11596 | elapsed 0.3 min
[train] batch 2000/11596 | elapsed 0.3 min
[train] batch 2500/11596 | elapsed 0.4 min
[train] batch 3000/11596 | elapsed 0.5 min
[train] batch 3500/11596 | elapsed 0.6 min
[train] batch 4000/11596 | elapsed 0.7 min
[train] batch 4500/11596 | elapsed 0.7 min
[train] batch 5000/11596 | elapsed 0.8 min
[train] batch 5500/11596 | elapsed 0.9 min
[train] batch 6000/11596 | elapsed 1.0 min
[train] batch 6500/11596 | elapsed 1.1 min
[train] batch 7000/11596 | elapsed 1.1 min
[train] batch 7500/11596 | elapsed 1.2 min
[train] batch 8000/11596 | elapsed 1.3 min
[train] batch 8500/11596 | elapsed 1.4 min
[train] batch 9000/11596 | elapsed 1.5 min
[train] batch 9500/11596 | elapsed 1.6 min
[train] batch 10000/11596 | elapsed 1.6 min
[train] batch 10500/11596 | elapsed 1.7 min
[train] batch 11000/11596 | elapsed 1.8 min
[train] batch 11500/11596 | elapsed 1.9 min
[train] batch 11596/11596 | elapsed 1.9 min
[validation] batch 1/1648 | elapsed 0.0 min
[validation] batch 500/1648 | elapsed 0.0 min
[validation] batch 1000/1648 | elapsed 0.1 min
[validation] batch 1500/1648 | elapsed 0.1 min
[validation] batch 1648/1648 | elapsed 0.1 min
Epoch 11/30 | Loss T:0.1447 V:0.1896 | ROC-AUC T:0.762 V:0.550 | PR-AUC T:0.745 V:0.150 | P:0.144 R:0.559
[train] batch 1/11596 | elapsed 0.0 min
[train] batch 500/11596 | elapsed 0.1 min
[train] batch 1000/11596 | elapsed 0.2 min
[train] batch 1500/11596 | elapsed 0.2 min
[train] batch 2000/11596 | elapsed 0.3 min
[train] batch 2500/11596 | elapsed 0.4 min
[train] batch 3000/11596 | elapsed 0.5 min
[train] batch 3500/11596 | elapsed 0.6 min
[train] batch 4000/11596 | elapsed 0.7 min
[train] batch 4500/11596 | elapsed 0.7 min
[train] batch 5000/11596 | elapsed 0.8 min
[train] batch 5500/11596 | elapsed 0.9 min
[train] batch 6000/11596 | elapsed 1.0 min
[train] batch 6500/11596 | elapsed 1.1 min
[train] batch 7000/11596 | elapsed 1.1 min
[train] batch 7500/11596 | elapsed 1.2 min
[train] batch 8000/11596 | elapsed 1.3 min
[train] batch 8500/11596 | elapsed 1.4 min
[train] batch 9000/11596 | elapsed 1.5 min
[train] batch 9500/11596 | elapsed 1.5 min
[train] batch 10000/11596 | elapsed 1.6 min
[train] batch 10500/11596 | elapsed 1.7 min
[train] batch 11000/11596 | elapsed 1.8 min
[train] batch 11500/11596 | elapsed 1.9 min
[train] batch 11596/11596 | elapsed 1.9 min
[validation] batch 1/1648 | elapsed 0.0 min
[validation] batch 500/1648 | elapsed 0.0 min
[validation] batch 1000/1648 | elapsed 0.1 min
[validation] batch 1500/1648 | elapsed 0.1 min
[validation] batch 1648/1648 | elapsed 0.1 min
Epoch 12/30 | Loss T:0.1438 V:0.1833 | ROC-AUC T:0.766 V:0.561 | PR-AUC T:0.749 V:0.153 | P:0.150 R:0.550
[train] batch 1/11596 | elapsed 0.0 min
[train] batch 500/11596 | elapsed 0.1 min
[train] batch 1000/11596 | elapsed 0.2 min
[train] batch 1500/11596 | elapsed 0.2 min
[train] batch 2000/11596 | elapsed 0.3 min
[train] batch 2500/11596 | elapsed 0.4 min
[train] batch 3000/11596 | elapsed 0.5 min
[train] batch 3500/11596 | elapsed 0.6 min
[train] batch 4000/11596 | elapsed 0.7 min
[train] batch 4500/11596 | elapsed 0.7 min
[train] batch 5000/11596 | elapsed 0.8 min
[train] batch 5500/11596 | elapsed 0.9 min
[train] batch 6000/11596 | elapsed 1.0 min
[train] batch 6500/11596 | elapsed 1.1 min
[train] batch 7000/11596 | elapsed 1.1 min
[train] batch 7500/11596 | elapsed 1.2 min
[train] batch 8000/11596 | elapsed 1.3 min
[train] batch 8500/11596 | elapsed 1.4 min
[train] batch 9000/11596 | elapsed 1.5 min
[train] batch 9500/11596 | elapsed 1.5 min
[train] batch 10000/11596 | elapsed 1.6 min
[train] batch 10500/11596 | elapsed 1.7 min
[train] batch 11000/11596 | elapsed 1.8 min
[train] batch 11500/11596 | elapsed 1.9 min
[train] batch 11596/11596 | elapsed 1.9 min
[validation] batch 1/1648 | elapsed 0.0 min
[validation] batch 500/1648 | elapsed 0.0 min
[validation] batch 1000/1648 | elapsed 0.1 min
[validation] batch 1500/1648 | elapsed 0.1 min
[validation] batch 1648/1648 | elapsed 0.1 min
Epoch 13/30 | Loss T:0.1433 V:0.1913 | ROC-AUC T:0.768 V:0.563 | PR-AUC T:0.752 V:0.155 | P:0.148 R:0.573
[train] batch 1/11596 | elapsed 0.0 min
[train] batch 500/11596 | elapsed 0.1 min
[train] batch 1000/11596 | elapsed 0.2 min
[train] batch 1500/11596 | elapsed 0.2 min
[train] batch 2000/11596 | elapsed 0.3 min
[train] batch 2500/11596 | elapsed 0.4 min
[train] batch 3000/11596 | elapsed 0.5 min
[train] batch 3500/11596 | elapsed 0.6 min
[train] batch 4000/11596 | elapsed 0.6 min
[train] batch 4500/11596 | elapsed 0.7 min
[train] batch 5000/11596 | elapsed 0.8 min
[train] batch 5500/11596 | elapsed 0.9 min
[train] batch 6000/11596 | elapsed 1.0 min
[train] batch 6500/11596 | elapsed 1.0 min
[train] batch 7000/11596 | elapsed 1.1 min
[train] batch 7500/11596 | elapsed 1.2 min
[train] batch 8000/11596 | elapsed 1.3 min
[train] batch 8500/11596 | elapsed 1.4 min
[train] batch 9000/11596 | elapsed 1.4 min
[train] batch 9500/11596 | elapsed 1.5 min
[train] batch 10000/11596 | elapsed 1.6 min
[train] batch 10500/11596 | elapsed 1.7 min
[train] batch 11000/11596 | elapsed 1.8 min
[train] batch 11500/11596 | elapsed 1.8 min
[train] batch 11596/11596 | elapsed 1.9 min
[validation] batch 1/1648 | elapsed 0.0 min
[validation] batch 500/1648 | elapsed 0.0 min
[validation] batch 1000/1648 | elapsed 0.1 min
[validation] batch 1500/1648 | elapsed 0.1 min
[validation] batch 1648/1648 | elapsed 0.1 min
Epoch 14/30 | Loss T:0.1422 V:0.1816 | ROC-AUC T:0.772 V:0.563 | PR-AUC T:0.757 V:0.154 | P:0.152 R:0.531
[train] batch 1/11596 | elapsed 0.0 min
[train] batch 500/11596 | elapsed 0.1 min
[train] batch 1000/11596 | elapsed 0.2 min
[train] batch 1500/11596 | elapsed 0.2 min
[train] batch 2000/11596 | elapsed 0.3 min
[train] batch 2500/11596 | elapsed 0.4 min
[train] batch 3000/11596 | elapsed 0.5 min
[train] batch 3500/11596 | elapsed 0.6 min
[train] batch 4000/11596 | elapsed 0.6 min
[train] batch 4500/11596 | elapsed 0.7 min
[train] batch 5000/11596 | elapsed 0.8 min
[train] batch 5500/11596 | elapsed 0.9 min
[train] batch 6000/11596 | elapsed 1.0 min
[train] batch 6500/11596 | elapsed 1.0 min
[train] batch 7000/11596 | elapsed 1.1 min
[train] batch 7500/11596 | elapsed 1.2 min
[train] batch 8000/11596 | elapsed 1.3 min
[train] batch 8500/11596 | elapsed 1.4 min
[train] batch 9000/11596 | elapsed 1.5 min
[train] batch 9500/11596 | elapsed 1.5 min
[train] batch 10000/11596 | elapsed 1.6 min
[train] batch 10500/11596 | elapsed 1.7 min
[train] batch 11000/11596 | elapsed 1.8 min
[train] batch 11500/11596 | elapsed 1.9 min
[train] batch 11596/11596 | elapsed 1.9 min
[validation] batch 1/1648 | elapsed 0.0 min
[validation] batch 500/1648 | elapsed 0.0 min
[validation] batch 1000/1648 | elapsed 0.1 min
[validation] batch 1500/1648 | elapsed 0.1 min
[validation] batch 1648/1648 | elapsed 0.1 min
Epoch 15/30 | Loss T:0.1420 V:0.1854 | ROC-AUC T:0.773 V:0.562 | PR-AUC T:0.757 V:0.154 | P:0.151 R:0.558
[train] batch 1/11596 | elapsed 0.0 min
[train] batch 500/11596 | elapsed 0.1 min
[train] batch 1000/11596 | elapsed 0.2 min
[train] batch 1500/11596 | elapsed 0.3 min
[train] batch 2000/11596 | elapsed 0.3 min
[train] batch 2500/11596 | elapsed 0.4 min
[train] batch 3000/11596 | elapsed 0.5 min
[train] batch 3500/11596 | elapsed 0.6 min
[train] batch 4000/11596 | elapsed 0.7 min
[train] batch 4500/11596 | elapsed 0.7 min
[train] batch 5000/11596 | elapsed 0.8 min
[train] batch 5500/11596 | elapsed 0.9 min
[train] batch 6000/11596 | elapsed 1.0 min
[train] batch 6500/11596 | elapsed 1.1 min
[train] batch 7000/11596 | elapsed 1.1 min
[train] batch 7500/11596 | elapsed 1.2 min
[train] batch 8000/11596 | elapsed 1.3 min
[train] batch 8500/11596 | elapsed 1.4 min
[train] batch 9000/11596 | elapsed 1.5 min
[train] batch 9500/11596 | elapsed 1.6 min
[train] batch 10000/11596 | elapsed 1.6 min
[train] batch 10500/11596 | elapsed 1.7 min
[train] batch 11000/11596 | elapsed 1.8 min
[train] batch 11500/11596 | elapsed 1.9 min
[train] batch 11596/11596 | elapsed 1.9 min
[validation] batch 1/1648 | elapsed 0.0 min
[validation] batch 500/1648 | elapsed 0.0 min
[validation] batch 1000/1648 | elapsed 0.1 min
[validation] batch 1500/1648 | elapsed 0.1 min
[validation] batch 1648/1648 | elapsed 0.1 min
Epoch 16/30 | Loss T:0.1416 V:0.1892 | ROC-AUC T:0.774 V:0.560 | PR-AUC T:0.759 V:0.153 | P:0.148 R:0.554
  Early Stopping: Epoch 16'de duruldu (En iyi pr_auc: 0.1583)
[validation] batch 1/1648 | elapsed 0.0 min
[validation] batch 500/1648 | elapsed 0.0 min
[validation] batch 1000/1648 | elapsed 0.1 min
[validation] batch 1500/1648 | elapsed 0.1 min
[validation] batch 1648/1648 | elapsed 0.1 min

════════════════════════════════════════════════════════════
  PURGED_tech_only_seed42 — VALIDATION SET
════════════════════════════════════════════════════════════
  Threshold-bağımsız (ranking):
    ROC-AUC: 0.5705
    PR-AUC:  0.1583
  Optimal Threshold (MCC max from VAL): 0.5315 (val MCC=0.0981)
  Threshold-bağımlı (eşik=0.5315):
    Accuracy:  0.6857
    MCC:       0.0981
    Precision: 0.1760
    Recall:    0.4092
    F1:        0.2462

=== PURGED_tech_only_seed42 Validation Classification Report ===
              precision    recall  f1-score   support

  Stable (0)       0.90      0.73      0.80     92214
    Risk (1)       0.18      0.41      0.25     13222

    accuracy                           0.69    105436
   macro avg       0.54      0.57      0.52    105436
weighted avg       0.81      0.69      0.73    105436

[test] batch 1/2362 | elapsed 0.0 min
[test] batch 500/2362 | elapsed 0.0 min
[test] batch 1000/2362 | elapsed 0.1 min
[test] batch 1500/2362 | elapsed 0.1 min
[test] batch 2000/2362 | elapsed 0.1 min
[test] batch 2362/2362 | elapsed 0.1 min

════════════════════════════════════════════════════════════
  PURGED_tech_only_seed42 — TEST SET (hold-out, 2024+)
════════════════════════════════════════════════════════════
  Threshold-bağımsız (ranking):
    ROC-AUC: 0.6141
    PR-AUC:  0.1773
  Threshold-bağımlı (val'dan seçilen eşik=0.5315):
    Accuracy:  0.6491
    MCC:       0.0994
    Precision: 0.1773
    Recall:    0.4626
    F1:        0.2564

=== PURGED_tech_only_seed42 Test Classification Report ===
              precision    recall  f1-score   support

  Stable (0)       0.89      0.68      0.77    131398
    Risk (1)       0.18      0.46      0.26     19763

    accuracy                           0.65    151161
   macro avg       0.54      0.57      0.51    151161
weighted avg       0.80      0.65      0.70    151161


  Generalization gap (val → test):
    ROC-AUC: 0.5705 → 0.6141 (Δ +0.0437)
    PR-AUC:  0.1583 → 0.1773 (Δ +0.0190)
    MCC:     0.0981 → 0.0994 (Δ +0.0013)
PASS | purged I seed42 | training + evaluation + export: 33.2 min
Historical outputs unchanged. Selected model, preprocessing and indexed predictions saved.
Report: \\nas.ads.mwn.de\go39lop\Desktop\Archive\results\purged_tech_only_seed42_20260916T152334Z_a510e05e\experiment_report.json
