[Universe] Cache: 400 hisse, 9 sektör → datasets/universe.csv
FULL EXPERIMENT | I | seed 51 | up to 30 epochs | batch size 64
Output directory: \\nas.ads.mwn.de\go39lop\Desktop\Archive\results\purged_tech_only_seed51_20260917T093212Z_9ad94357
Test is evaluated only after validation-based checkpoint selection.
GPU: NVIDIA A40

  Feature split → tech: 32 cols ('tech',) | fund: 6 cols ('fund',)
[Purge] Cached-date upper bounds; unknown endpoints excluded conservatively.
[Purge] Train: {'rows': 757567, 'crossing_upper_bound': 5102, 'unknown': 2798, 'retained_endpoints': 749667}
[Purge] Validation: {'rows': 115138, 'crossing_upper_bound': 4516, 'unknown': 482, 'retained_endpoints': 110140}
  Train  (2019-12-31'e kadar): 757,567 satır | Min: 2010-01-04 | Max: 2019-12-31
  Val    (2020-01-01 → 2021-12-31): 115,138 satır | Min: 2020-01-02 | Max: 2021-12-31
  Test   (2022-01-01 → 2024-12-31): 155,550 satır | Min: 2022-01-03 | Max: 2024-12-02

  Dual-stream Dataset'ler oluşturuluyor...
  [Train]
  DualStreamSequenceDataset: 742,162 sequences | seq_len=20 | tech_dim=32 | fund_dim=6 | Kriz oranı: 12.4%
  [Val]
  DualStreamSequenceDataset: 105,436 sequences | seq_len=20 | tech_dim=32 | fund_dim=6 | Kriz oranı: 12.5%
  [Test]
  DualStreamSequenceDataset: 151,161 sequences | seq_len=20 | tech_dim=32 | fund_dim=6 | Kriz oranı: 13.1%
  [Sampling] WeightedRandomSampler train'e uygulanıyor (val/test doğal kalıyor)...
Actual test dates: 2022-01-31 00:00:00 to 2024-12-02 00:00:00
Full-panel train sequences: 742162
Full-panel validation sequences: 105436

PURGED_tech_only_seed51 Eğitimi Başlıyor (cuda) | monitor=pr_auc | lr=0.0001 | wd=0.01 | patience=8 | scheduler=plateau...
[train] batch 1/11596 | elapsed 0.0 min
[train] batch 500/11596 | elapsed 0.1 min
[train] batch 1000/11596 | elapsed 0.2 min
[train] batch 1500/11596 | elapsed 0.3 min
[train] batch 2000/11596 | elapsed 0.4 min
[train] batch 2500/11596 | elapsed 0.4 min
[train] batch 3000/11596 | elapsed 0.5 min
[train] batch 3500/11596 | elapsed 0.6 min
[train] batch 4000/11596 | elapsed 0.7 min
[train] batch 4500/11596 | elapsed 0.7 min
[train] batch 5000/11596 | elapsed 0.8 min
[train] batch 5500/11596 | elapsed 0.9 min
[train] batch 6000/11596 | elapsed 1.0 min
[train] batch 6500/11596 | elapsed 1.1 min
[train] batch 7000/11596 | elapsed 1.1 min
[train] batch 7500/11596 | elapsed 1.2 min
[train] batch 8000/11596 | elapsed 1.3 min
[train] batch 8500/11596 | elapsed 1.4 min
[train] batch 9000/11596 | elapsed 1.5 min
[train] batch 9500/11596 | elapsed 1.5 min
[train] batch 10000/11596 | elapsed 1.6 min
[train] batch 10500/11596 | elapsed 1.7 min
[train] batch 11000/11596 | elapsed 1.8 min
[train] batch 11500/11596 | elapsed 1.8 min
[train] batch 11596/11596 | elapsed 1.9 min
[validation] batch 1/1648 | elapsed 0.0 min
[validation] batch 500/1648 | elapsed 0.0 min
[validation] batch 1000/1648 | elapsed 0.1 min
[validation] batch 1500/1648 | elapsed 0.1 min
[validation] batch 1648/1648 | elapsed 0.1 min
Epoch 01/30 | Loss T:0.1631 V:0.1730 | ROC-AUC T:0.662 V:0.562 | PR-AUC T:0.635 V:0.153 | P:0.149 R:0.571
  ✓ Yeni en iyi model kaydedildi (pr_auc: 0.1535)
[train] batch 1/11596 | elapsed 0.0 min
[train] batch 500/11596 | elapsed 0.1 min
[train] batch 1000/11596 | elapsed 0.2 min
[train] batch 1500/11596 | elapsed 0.2 min
[train] batch 2000/11596 | elapsed 0.3 min
[train] batch 2500/11596 | elapsed 0.4 min
[train] batch 3000/11596 | elapsed 0.5 min
[train] batch 3500/11596 | elapsed 0.6 min
[train] batch 4000/11596 | elapsed 0.6 min
[train] batch 4500/11596 | elapsed 0.7 min
[train] batch 5000/11596 | elapsed 0.8 min
[train] batch 5500/11596 | elapsed 0.9 min
[train] batch 6000/11596 | elapsed 1.0 min
[train] batch 6500/11596 | elapsed 1.0 min
[train] batch 7000/11596 | elapsed 1.1 min
[train] batch 7500/11596 | elapsed 1.2 min
[train] batch 8000/11596 | elapsed 1.3 min
[train] batch 8500/11596 | elapsed 1.4 min
[train] batch 9000/11596 | elapsed 1.4 min
[train] batch 9500/11596 | elapsed 1.5 min
[train] batch 10000/11596 | elapsed 1.6 min
[train] batch 10500/11596 | elapsed 1.7 min
[train] batch 11000/11596 | elapsed 1.8 min
[train] batch 11500/11596 | elapsed 1.8 min
[train] batch 11596/11596 | elapsed 1.8 min
[validation] batch 1/1648 | elapsed 0.0 min
[validation] batch 500/1648 | elapsed 0.0 min
[validation] batch 1000/1648 | elapsed 0.1 min
[validation] batch 1500/1648 | elapsed 0.1 min
[validation] batch 1648/1648 | elapsed 0.1 min
Epoch 02/30 | Loss T:0.1585 V:0.1723 | ROC-AUC T:0.694 V:0.557 | PR-AUC T:0.668 V:0.147 | P:0.148 R:0.523
[train] batch 1/11596 | elapsed 0.0 min
[train] batch 500/11596 | elapsed 0.1 min
[train] batch 1000/11596 | elapsed 0.2 min
[train] batch 1500/11596 | elapsed 0.2 min
[train] batch 2000/11596 | elapsed 0.3 min
[train] batch 2500/11596 | elapsed 0.4 min
[train] batch 3000/11596 | elapsed 0.5 min
[train] batch 3500/11596 | elapsed 0.6 min
[train] batch 4000/11596 | elapsed 0.6 min
[train] batch 4500/11596 | elapsed 0.7 min
[train] batch 5000/11596 | elapsed 0.8 min
[train] batch 5500/11596 | elapsed 0.9 min
[train] batch 6000/11596 | elapsed 0.9 min
[train] batch 6500/11596 | elapsed 1.0 min
[train] batch 7000/11596 | elapsed 1.1 min
[train] batch 7500/11596 | elapsed 1.2 min
[train] batch 8000/11596 | elapsed 1.3 min
[train] batch 8500/11596 | elapsed 1.3 min
[train] batch 9000/11596 | elapsed 1.4 min
[train] batch 9500/11596 | elapsed 1.5 min
[train] batch 10000/11596 | elapsed 1.6 min
[train] batch 10500/11596 | elapsed 1.7 min
[train] batch 11000/11596 | elapsed 1.7 min
[train] batch 11500/11596 | elapsed 1.8 min
[train] batch 11596/11596 | elapsed 1.8 min
[validation] batch 1/1648 | elapsed 0.0 min
[validation] batch 500/1648 | elapsed 0.0 min
[validation] batch 1000/1648 | elapsed 0.1 min
[validation] batch 1500/1648 | elapsed 0.1 min
[validation] batch 1648/1648 | elapsed 0.1 min
Epoch 03/30 | Loss T:0.1559 V:0.1728 | ROC-AUC T:0.710 V:0.559 | PR-AUC T:0.689 V:0.150 | P:0.148 R:0.520
[train] batch 1/11596 | elapsed 0.0 min
[train] batch 500/11596 | elapsed 0.1 min
[train] batch 1000/11596 | elapsed 0.2 min
[train] batch 1500/11596 | elapsed 0.2 min
[train] batch 2000/11596 | elapsed 0.3 min
[train] batch 2500/11596 | elapsed 0.4 min
[train] batch 3000/11596 | elapsed 0.5 min
[train] batch 3500/11596 | elapsed 0.6 min
[train] batch 4000/11596 | elapsed 0.6 min
[train] batch 4500/11596 | elapsed 0.7 min
[train] batch 5000/11596 | elapsed 0.8 min
[train] batch 5500/11596 | elapsed 0.9 min
[train] batch 6000/11596 | elapsed 1.0 min
[train] batch 6500/11596 | elapsed 1.0 min
[train] batch 7000/11596 | elapsed 1.1 min
[train] batch 7500/11596 | elapsed 1.2 min
[train] batch 8000/11596 | elapsed 1.3 min
[train] batch 8500/11596 | elapsed 1.3 min
[train] batch 9000/11596 | elapsed 1.4 min
[train] batch 9500/11596 | elapsed 1.5 min
[train] batch 10000/11596 | elapsed 1.6 min
[train] batch 10500/11596 | elapsed 1.7 min
[train] batch 11000/11596 | elapsed 1.8 min
[train] batch 11500/11596 | elapsed 1.8 min
[train] batch 11596/11596 | elapsed 1.8 min
[validation] batch 1/1648 | elapsed 0.0 min
[validation] batch 500/1648 | elapsed 0.0 min
[validation] batch 1000/1648 | elapsed 0.1 min
[validation] batch 1500/1648 | elapsed 0.1 min
[validation] batch 1648/1648 | elapsed 0.1 min
Epoch 04/30 | Loss T:0.1533 V:0.1839 | ROC-AUC T:0.722 V:0.567 | PR-AUC T:0.703 V:0.152 | P:0.149 R:0.582
[train] batch 1/11596 | elapsed 0.0 min
[train] batch 500/11596 | elapsed 0.1 min
[train] batch 1000/11596 | elapsed 0.2 min
[train] batch 1500/11596 | elapsed 0.2 min
[train] batch 2000/11596 | elapsed 0.3 min
[train] batch 2500/11596 | elapsed 0.4 min
[train] batch 3000/11596 | elapsed 0.5 min
[train] batch 3500/11596 | elapsed 0.6 min
[train] batch 4000/11596 | elapsed 0.6 min
[train] batch 4500/11596 | elapsed 0.7 min
[train] batch 5000/11596 | elapsed 0.8 min
[train] batch 5500/11596 | elapsed 0.9 min
[train] batch 6000/11596 | elapsed 1.0 min
[train] batch 6500/11596 | elapsed 1.0 min
[train] batch 7000/11596 | elapsed 1.1 min
[train] batch 7500/11596 | elapsed 1.2 min
[train] batch 8000/11596 | elapsed 1.3 min
[train] batch 8500/11596 | elapsed 1.4 min
[train] batch 9000/11596 | elapsed 1.4 min
[train] batch 9500/11596 | elapsed 1.5 min
[train] batch 10000/11596 | elapsed 1.6 min
[train] batch 10500/11596 | elapsed 1.7 min
[train] batch 11000/11596 | elapsed 1.8 min
[train] batch 11500/11596 | elapsed 1.8 min
[train] batch 11596/11596 | elapsed 1.9 min
[validation] batch 1/1648 | elapsed 0.0 min
[validation] batch 500/1648 | elapsed 0.0 min
[validation] batch 1000/1648 | elapsed 0.1 min
[validation] batch 1500/1648 | elapsed 0.1 min
[validation] batch 1648/1648 | elapsed 0.1 min
Epoch 05/30 | Loss T:0.1514 V:0.1800 | ROC-AUC T:0.732 V:0.556 | PR-AUC T:0.714 V:0.147 | P:0.147 R:0.557
[train] batch 1/11596 | elapsed 0.0 min
[train] batch 500/11596 | elapsed 0.1 min
[train] batch 1000/11596 | elapsed 0.2 min
[train] batch 1500/11596 | elapsed 0.2 min
[train] batch 2000/11596 | elapsed 0.3 min
[train] batch 2500/11596 | elapsed 0.4 min
[train] batch 3000/11596 | elapsed 0.5 min
[train] batch 3500/11596 | elapsed 0.5 min
[train] batch 4000/11596 | elapsed 0.6 min
[train] batch 4500/11596 | elapsed 0.7 min
[train] batch 5000/11596 | elapsed 0.8 min
[train] batch 5500/11596 | elapsed 0.9 min
[train] batch 6000/11596 | elapsed 1.0 min
[train] batch 6500/11596 | elapsed 1.0 min
[train] batch 7000/11596 | elapsed 1.1 min
[train] batch 7500/11596 | elapsed 1.2 min
[train] batch 8000/11596 | elapsed 1.3 min
[train] batch 8500/11596 | elapsed 1.3 min
[train] batch 9000/11596 | elapsed 1.4 min
[train] batch 9500/11596 | elapsed 1.5 min
[train] batch 10000/11596 | elapsed 1.6 min
[train] batch 10500/11596 | elapsed 1.7 min
[train] batch 11000/11596 | elapsed 1.7 min
[train] batch 11500/11596 | elapsed 1.8 min
[train] batch 11596/11596 | elapsed 1.8 min
[validation] batch 1/1648 | elapsed 0.0 min
[validation] batch 500/1648 | elapsed 0.0 min
[validation] batch 1000/1648 | elapsed 0.1 min
[validation] batch 1500/1648 | elapsed 0.1 min
[validation] batch 1648/1648 | elapsed 0.1 min
Epoch 06/30 | Loss T:0.1493 V:0.1778 | ROC-AUC T:0.742 V:0.556 | PR-AUC T:0.725 V:0.151 | P:0.149 R:0.503
[train] batch 1/11596 | elapsed 0.0 min
[train] batch 500/11596 | elapsed 0.1 min
[train] batch 1000/11596 | elapsed 0.2 min
[train] batch 1500/11596 | elapsed 0.2 min
[train] batch 2000/11596 | elapsed 0.3 min
[train] batch 2500/11596 | elapsed 0.4 min
[train] batch 3000/11596 | elapsed 0.5 min
[train] batch 3500/11596 | elapsed 0.6 min
[train] batch 4000/11596 | elapsed 0.6 min
[train] batch 4500/11596 | elapsed 0.7 min
[train] batch 5000/11596 | elapsed 0.8 min
[train] batch 5500/11596 | elapsed 0.9 min
[train] batch 6000/11596 | elapsed 1.0 min
[train] batch 6500/11596 | elapsed 1.0 min
[train] batch 7000/11596 | elapsed 1.1 min
[train] batch 7500/11596 | elapsed 1.2 min
[train] batch 8000/11596 | elapsed 1.3 min
[train] batch 8500/11596 | elapsed 1.4 min
[train] batch 9000/11596 | elapsed 1.4 min
[train] batch 9500/11596 | elapsed 1.5 min
[train] batch 10000/11596 | elapsed 1.6 min
[train] batch 10500/11596 | elapsed 1.7 min
[train] batch 11000/11596 | elapsed 1.7 min
[train] batch 11500/11596 | elapsed 1.8 min
[train] batch 11596/11596 | elapsed 1.8 min
[validation] batch 1/1648 | elapsed 0.0 min
[validation] batch 500/1648 | elapsed 0.0 min
[validation] batch 1000/1648 | elapsed 0.1 min
[validation] batch 1500/1648 | elapsed 0.1 min
[validation] batch 1648/1648 | elapsed 0.1 min
Epoch 07/30 | Loss T:0.1474 V:0.1770 | ROC-AUC T:0.751 V:0.562 | PR-AUC T:0.736 V:0.152 | P:0.150 R:0.533
[train] batch 1/11596 | elapsed 0.0 min
[train] batch 500/11596 | elapsed 0.1 min
[train] batch 1000/11596 | elapsed 0.2 min
[train] batch 1500/11596 | elapsed 0.2 min
[train] batch 2000/11596 | elapsed 0.3 min
[train] batch 2500/11596 | elapsed 0.4 min
[train] batch 3000/11596 | elapsed 0.5 min
[train] batch 3500/11596 | elapsed 0.6 min
[train] batch 4000/11596 | elapsed 0.6 min
[train] batch 4500/11596 | elapsed 0.7 min
[train] batch 5000/11596 | elapsed 0.8 min
[train] batch 5500/11596 | elapsed 0.9 min
[train] batch 6000/11596 | elapsed 0.9 min
[train] batch 6500/11596 | elapsed 1.0 min
[train] batch 7000/11596 | elapsed 1.1 min
[train] batch 7500/11596 | elapsed 1.2 min
[train] batch 8000/11596 | elapsed 1.3 min
[train] batch 8500/11596 | elapsed 1.3 min
[train] batch 9000/11596 | elapsed 1.4 min
[train] batch 9500/11596 | elapsed 1.5 min
[train] batch 10000/11596 | elapsed 1.6 min
[train] batch 10500/11596 | elapsed 1.7 min
[train] batch 11000/11596 | elapsed 1.7 min
[train] batch 11500/11596 | elapsed 1.8 min
[train] batch 11596/11596 | elapsed 1.8 min
[validation] batch 1/1648 | elapsed 0.0 min
[validation] batch 500/1648 | elapsed 0.0 min
[validation] batch 1000/1648 | elapsed 0.1 min
[validation] batch 1500/1648 | elapsed 0.1 min
[validation] batch 1648/1648 | elapsed 0.1 min
Epoch 08/30 | Loss T:0.1465 V:0.1814 | ROC-AUC T:0.755 V:0.554 | PR-AUC T:0.739 V:0.149 | P:0.146 R:0.538
[train] batch 1/11596 | elapsed 0.0 min
[train] batch 500/11596 | elapsed 0.1 min
[train] batch 1000/11596 | elapsed 0.2 min
[train] batch 1500/11596 | elapsed 0.2 min
[train] batch 2000/11596 | elapsed 0.3 min
[train] batch 2500/11596 | elapsed 0.4 min
[train] batch 3000/11596 | elapsed 0.5 min
[train] batch 3500/11596 | elapsed 0.6 min
[train] batch 4000/11596 | elapsed 0.6 min
[train] batch 4500/11596 | elapsed 0.7 min
[train] batch 5000/11596 | elapsed 0.8 min
[train] batch 5500/11596 | elapsed 0.9 min
[train] batch 6000/11596 | elapsed 1.0 min
[train] batch 6500/11596 | elapsed 1.0 min
[train] batch 7000/11596 | elapsed 1.1 min
[train] batch 7500/11596 | elapsed 1.2 min
[train] batch 8000/11596 | elapsed 1.3 min
[train] batch 8500/11596 | elapsed 1.4 min
[train] batch 9000/11596 | elapsed 1.4 min
[train] batch 9500/11596 | elapsed 1.5 min
[train] batch 10000/11596 | elapsed 1.6 min
[train] batch 10500/11596 | elapsed 1.7 min
[train] batch 11000/11596 | elapsed 1.8 min
[train] batch 11500/11596 | elapsed 1.8 min
[train] batch 11596/11596 | elapsed 1.9 min
[validation] batch 1/1648 | elapsed 0.0 min
[validation] batch 500/1648 | elapsed 0.0 min
[validation] batch 1000/1648 | elapsed 0.1 min
[validation] batch 1500/1648 | elapsed 0.1 min
[validation] batch 1648/1648 | elapsed 0.1 min
Epoch 09/30 | Loss T:0.1455 V:0.1841 | ROC-AUC T:0.759 V:0.551 | PR-AUC T:0.743 V:0.146 | P:0.145 R:0.546
  Early Stopping: Epoch 9'de duruldu (En iyi pr_auc: 0.1535)
[validation] batch 1/1648 | elapsed 0.0 min
[validation] batch 500/1648 | elapsed 0.0 min
[validation] batch 1000/1648 | elapsed 0.0 min
[validation] batch 1500/1648 | elapsed 0.1 min
[validation] batch 1648/1648 | elapsed 0.1 min

════════════════════════════════════════════════════════════
  PURGED_tech_only_seed51 — VALIDATION SET
════════════════════════════════════════════════════════════
  Threshold-bağımsız (ranking):
    ROC-AUC: 0.5623
    PR-AUC:  0.1535
  Optimal Threshold (MCC max from VAL): 0.5209 (val MCC=0.0794)
  Threshold-bağımlı (eşik=0.5209):
    Accuracy:  0.6425
    MCC:       0.0794
    Precision: 0.1618
    Recall:    0.4427
    F1:        0.2370

=== PURGED_tech_only_seed51 Validation Classification Report ===
              precision    recall  f1-score   support

  Stable (0)       0.89      0.67      0.77     92214
    Risk (1)       0.16      0.44      0.24     13222

    accuracy                           0.64    105436
   macro avg       0.53      0.56      0.50    105436
weighted avg       0.80      0.64      0.70    105436

[test] batch 1/2362 | elapsed 0.0 min
[test] batch 500/2362 | elapsed 0.0 min
[test] batch 1000/2362 | elapsed 0.0 min
[test] batch 1500/2362 | elapsed 0.1 min
[test] batch 2000/2362 | elapsed 0.1 min
[test] batch 2362/2362 | elapsed 0.1 min

════════════════════════════════════════════════════════════
  PURGED_tech_only_seed51 — TEST SET (hold-out, 2024+)
════════════════════════════════════════════════════════════
  Threshold-bağımsız (ranking):
    ROC-AUC: 0.6503
    PR-AUC:  0.2025
  Threshold-bağımlı (val'dan seçilen eşik=0.5209):
    Accuracy:  0.6709
    MCC:       0.1430
    Precision: 0.1994
    Recall:    0.5033
    F1:        0.2856

=== PURGED_tech_only_seed51 Test Classification Report ===
              precision    recall  f1-score   support

  Stable (0)       0.90      0.70      0.79    131398
    Risk (1)       0.20      0.50      0.29     19763

    accuracy                           0.67    151161
   macro avg       0.55      0.60      0.54    151161
weighted avg       0.81      0.67      0.72    151161


  Generalization gap (val → test):
    ROC-AUC: 0.5623 → 0.6503 (Δ +0.0879)
    PR-AUC:  0.1535 → 0.2025 (Δ +0.0490)
    MCC:     0.0794 → 0.1430 (Δ +0.0635)
PASS | purged I seed51 | training + evaluation + export: 18.5 min
Historical outputs unchanged. Selected model, preprocessing and indexed predictions saved.
Report: \\nas.ads.mwn.de\go39lop\Desktop\Archive\results\purged_tech_only_seed51_20260917T093212Z_9ad94357\experiment_report.json
