[Universe] Cache: 400 hisse, 9 sektör → datasets/universe.csv
FULL EXPERIMENT | I | seed 46 | up to 30 epochs | batch size 64
Output directory: \\nas.ads.mwn.de\go39lop\Desktop\Archive\results\purged_tech_only_seed46_20260916T222737Z_ae17aea2
Test is evaluated only after validation-based checkpoint selection.
GPU: NVIDIA A40

  Feature split → tech: 32 cols ('tech',) | fund: 6 cols ('fund',)
[Purge] Cached-date upper bounds; unknown endpoints excluded conservatively.
[Purge] Train: {'rows': 757567, 'crossing_upper_bound': 5102, 'unknown': 2798, 'retained_endpoints': 749667}
[Purge] Validation: {'rows': 115138, 'crossing_upper_bound': 4516, 'unknown': 482, 'retained_endpoints': 110140}
  Train  (2019-12-31'e kadar): 757,567 satır | Min: 2010-01-04 | Max: 2019-12-31
  Val    (2020-01-01 → 2021-12-31): 115,138 satır | Min: 2020-01-02 | Max: 2021-12-31
  Test   (2022-01-01 → 2024-12-31): 155,550 satır | Min: 2022-01-03 | Max: 2024-12-02

  Dual-stream Dataset'ler oluşturuluyor...
  [Train]
  DualStreamSequenceDataset: 742,162 sequences | seq_len=20 | tech_dim=32 | fund_dim=6 | Kriz oranı: 12.4%
  [Val]
  DualStreamSequenceDataset: 105,436 sequences | seq_len=20 | tech_dim=32 | fund_dim=6 | Kriz oranı: 12.5%
  [Test]
  DualStreamSequenceDataset: 151,161 sequences | seq_len=20 | tech_dim=32 | fund_dim=6 | Kriz oranı: 13.1%
  [Sampling] WeightedRandomSampler train'e uygulanıyor (val/test doğal kalıyor)...
Actual test dates: 2022-01-31 00:00:00 to 2024-12-02 00:00:00
Full-panel train sequences: 742162
Full-panel validation sequences: 105436

PURGED_tech_only_seed46 Eğitimi Başlıyor (cuda) | monitor=pr_auc | lr=0.0001 | wd=0.01 | patience=8 | scheduler=plateau...
[train] batch 1/11596 | elapsed 0.0 min
[train] batch 500/11596 | elapsed 0.1 min
[train] batch 1000/11596 | elapsed 0.2 min
[train] batch 1500/11596 | elapsed 0.3 min
[train] batch 2000/11596 | elapsed 0.4 min
[train] batch 2500/11596 | elapsed 0.5 min
[train] batch 3000/11596 | elapsed 0.6 min
[train] batch 3500/11596 | elapsed 0.7 min
[train] batch 4000/11596 | elapsed 0.8 min
[train] batch 4500/11596 | elapsed 0.9 min
[train] batch 5000/11596 | elapsed 0.9 min
[train] batch 5500/11596 | elapsed 1.0 min
[train] batch 6000/11596 | elapsed 1.1 min
[train] batch 6500/11596 | elapsed 1.2 min
[train] batch 7000/11596 | elapsed 1.3 min
[train] batch 7500/11596 | elapsed 1.4 min
[train] batch 8000/11596 | elapsed 1.5 min
[train] batch 8500/11596 | elapsed 1.6 min
[train] batch 9000/11596 | elapsed 1.7 min
[train] batch 9500/11596 | elapsed 1.8 min
[train] batch 10000/11596 | elapsed 1.9 min
[train] batch 10500/11596 | elapsed 2.0 min
[train] batch 11000/11596 | elapsed 2.0 min
[train] batch 11500/11596 | elapsed 2.1 min
[train] batch 11596/11596 | elapsed 2.2 min
[validation] batch 1/1648 | elapsed 0.0 min
[validation] batch 500/1648 | elapsed 0.0 min
[validation] batch 1000/1648 | elapsed 0.1 min
[validation] batch 1500/1648 | elapsed 0.1 min
[validation] batch 1648/1648 | elapsed 0.1 min
Epoch 01/30 | Loss T:0.1635 V:0.1819 | ROC-AUC T:0.659 V:0.567 | PR-AUC T:0.630 V:0.162 | P:0.144 R:0.625
  ✓ Yeni en iyi model kaydedildi (pr_auc: 0.1616)
[train] batch 1/11596 | elapsed 0.0 min
[train] batch 500/11596 | elapsed 0.1 min
[train] batch 1000/11596 | elapsed 0.2 min
[train] batch 1500/11596 | elapsed 0.3 min
[train] batch 2000/11596 | elapsed 0.4 min
[train] batch 2500/11596 | elapsed 0.5 min
[train] batch 3000/11596 | elapsed 0.5 min
[train] batch 3500/11596 | elapsed 0.6 min
[train] batch 4000/11596 | elapsed 0.7 min
[train] batch 4500/11596 | elapsed 0.8 min
[train] batch 5000/11596 | elapsed 0.9 min
[train] batch 5500/11596 | elapsed 1.0 min
[train] batch 6000/11596 | elapsed 1.1 min
[train] batch 6500/11596 | elapsed 1.2 min
[train] batch 7000/11596 | elapsed 1.3 min
[train] batch 7500/11596 | elapsed 1.4 min
[train] batch 8000/11596 | elapsed 1.5 min
[train] batch 8500/11596 | elapsed 1.6 min
[train] batch 9000/11596 | elapsed 1.6 min
[train] batch 9500/11596 | elapsed 1.7 min
[train] batch 10000/11596 | elapsed 1.8 min
[train] batch 10500/11596 | elapsed 1.9 min
[train] batch 11000/11596 | elapsed 2.0 min
[train] batch 11500/11596 | elapsed 2.1 min
[train] batch 11596/11596 | elapsed 2.1 min
[validation] batch 1/1648 | elapsed 0.0 min
[validation] batch 500/1648 | elapsed 0.0 min
[validation] batch 1000/1648 | elapsed 0.1 min
[validation] batch 1500/1648 | elapsed 0.1 min
[validation] batch 1648/1648 | elapsed 0.1 min
Epoch 02/30 | Loss T:0.1590 V:0.1737 | ROC-AUC T:0.691 V:0.565 | PR-AUC T:0.663 V:0.153 | P:0.153 R:0.534
[train] batch 1/11596 | elapsed 0.0 min
[train] batch 500/11596 | elapsed 0.1 min
[train] batch 1000/11596 | elapsed 0.2 min
[train] batch 1500/11596 | elapsed 0.3 min
[train] batch 2000/11596 | elapsed 0.4 min
[train] batch 2500/11596 | elapsed 0.5 min
[train] batch 3000/11596 | elapsed 0.6 min
[train] batch 3500/11596 | elapsed 0.6 min
[train] batch 4000/11596 | elapsed 0.7 min
[train] batch 4500/11596 | elapsed 0.8 min
[train] batch 5000/11596 | elapsed 0.9 min
[train] batch 5500/11596 | elapsed 1.0 min
[train] batch 6000/11596 | elapsed 1.1 min
[train] batch 6500/11596 | elapsed 1.2 min
[train] batch 7000/11596 | elapsed 1.3 min
[train] batch 7500/11596 | elapsed 1.4 min
[train] batch 8000/11596 | elapsed 1.5 min
[train] batch 8500/11596 | elapsed 1.6 min
[train] batch 9000/11596 | elapsed 1.6 min
[train] batch 9500/11596 | elapsed 1.7 min
[train] batch 10000/11596 | elapsed 1.8 min
[train] batch 10500/11596 | elapsed 1.9 min
[train] batch 11000/11596 | elapsed 2.0 min
[train] batch 11500/11596 | elapsed 2.1 min
[train] batch 11596/11596 | elapsed 2.1 min
[validation] batch 1/1648 | elapsed 0.0 min
[validation] batch 500/1648 | elapsed 0.0 min
[validation] batch 1000/1648 | elapsed 0.1 min
[validation] batch 1500/1648 | elapsed 0.1 min
[validation] batch 1648/1648 | elapsed 0.1 min
Epoch 03/30 | Loss T:0.1567 V:0.1692 | ROC-AUC T:0.705 V:0.563 | PR-AUC T:0.679 V:0.152 | P:0.153 R:0.503
[train] batch 1/11596 | elapsed 0.0 min
[train] batch 500/11596 | elapsed 0.1 min
[train] batch 1000/11596 | elapsed 0.2 min
[train] batch 1500/11596 | elapsed 0.3 min
[train] batch 2000/11596 | elapsed 0.4 min
[train] batch 2500/11596 | elapsed 0.5 min
[train] batch 3000/11596 | elapsed 0.6 min
[train] batch 3500/11596 | elapsed 0.7 min
[train] batch 4000/11596 | elapsed 0.7 min
[train] batch 4500/11596 | elapsed 0.8 min
[train] batch 5000/11596 | elapsed 0.9 min
[train] batch 5500/11596 | elapsed 1.0 min
[train] batch 6000/11596 | elapsed 1.1 min
[train] batch 6500/11596 | elapsed 1.2 min
[train] batch 7000/11596 | elapsed 1.3 min
[train] batch 7500/11596 | elapsed 1.4 min
[train] batch 8000/11596 | elapsed 1.5 min
[train] batch 8500/11596 | elapsed 1.6 min
[train] batch 9000/11596 | elapsed 1.7 min
[train] batch 9500/11596 | elapsed 1.8 min
[train] batch 10000/11596 | elapsed 1.9 min
[train] batch 10500/11596 | elapsed 1.9 min
[train] batch 11000/11596 | elapsed 2.0 min
[train] batch 11500/11596 | elapsed 2.1 min
[train] batch 11596/11596 | elapsed 2.1 min
[validation] batch 1/1648 | elapsed 0.0 min
[validation] batch 500/1648 | elapsed 0.0 min
[validation] batch 1000/1648 | elapsed 0.1 min
[validation] batch 1500/1648 | elapsed 0.1 min
[validation] batch 1648/1648 | elapsed 0.1 min
Epoch 04/30 | Loss T:0.1543 V:0.1767 | ROC-AUC T:0.719 V:0.564 | PR-AUC T:0.697 V:0.153 | P:0.148 R:0.555
[train] batch 1/11596 | elapsed 0.0 min
[train] batch 500/11596 | elapsed 0.1 min
[train] batch 1000/11596 | elapsed 0.2 min
[train] batch 1500/11596 | elapsed 0.3 min
[train] batch 2000/11596 | elapsed 0.4 min
[train] batch 2500/11596 | elapsed 0.5 min
[train] batch 3000/11596 | elapsed 0.6 min
[train] batch 3500/11596 | elapsed 0.6 min
[train] batch 4000/11596 | elapsed 0.7 min
[train] batch 4500/11596 | elapsed 0.8 min
[train] batch 5000/11596 | elapsed 0.9 min
[train] batch 5500/11596 | elapsed 1.0 min
[train] batch 6000/11596 | elapsed 1.1 min
[train] batch 6500/11596 | elapsed 1.2 min
[train] batch 7000/11596 | elapsed 1.3 min
[train] batch 7500/11596 | elapsed 1.4 min
[train] batch 8000/11596 | elapsed 1.5 min
[train] batch 8500/11596 | elapsed 1.6 min
[train] batch 9000/11596 | elapsed 1.6 min
[train] batch 9500/11596 | elapsed 1.7 min
[train] batch 10000/11596 | elapsed 1.8 min
[train] batch 10500/11596 | elapsed 1.9 min
[train] batch 11000/11596 | elapsed 2.0 min
[train] batch 11500/11596 | elapsed 2.1 min
[train] batch 11596/11596 | elapsed 2.1 min
[validation] batch 1/1648 | elapsed 0.0 min
[validation] batch 500/1648 | elapsed 0.0 min
[validation] batch 1000/1648 | elapsed 0.1 min
[validation] batch 1500/1648 | elapsed 0.1 min
[validation] batch 1648/1648 | elapsed 0.1 min
Epoch 05/30 | Loss T:0.1523 V:0.1801 | ROC-AUC T:0.728 V:0.556 | PR-AUC T:0.710 V:0.147 | P:0.148 R:0.543
[train] batch 1/11596 | elapsed 0.0 min
[train] batch 500/11596 | elapsed 0.1 min
[train] batch 1000/11596 | elapsed 0.2 min
[train] batch 1500/11596 | elapsed 0.3 min
[train] batch 2000/11596 | elapsed 0.4 min
[train] batch 2500/11596 | elapsed 0.5 min
[train] batch 3000/11596 | elapsed 0.6 min
[train] batch 3500/11596 | elapsed 0.6 min
[train] batch 4000/11596 | elapsed 0.7 min
[train] batch 4500/11596 | elapsed 0.8 min
[train] batch 5000/11596 | elapsed 0.9 min
[train] batch 5500/11596 | elapsed 1.0 min
[train] batch 6000/11596 | elapsed 1.1 min
[train] batch 6500/11596 | elapsed 1.2 min
[train] batch 7000/11596 | elapsed 1.3 min
[train] batch 7500/11596 | elapsed 1.4 min
[train] batch 8000/11596 | elapsed 1.5 min
[train] batch 8500/11596 | elapsed 1.6 min
[train] batch 9000/11596 | elapsed 1.7 min
[train] batch 9500/11596 | elapsed 1.7 min
[train] batch 10000/11596 | elapsed 1.8 min
[train] batch 10500/11596 | elapsed 1.9 min
[train] batch 11000/11596 | elapsed 2.0 min
[train] batch 11500/11596 | elapsed 2.1 min
[train] batch 11596/11596 | elapsed 2.1 min
[validation] batch 1/1648 | elapsed 0.0 min
[validation] batch 500/1648 | elapsed 0.0 min
[validation] batch 1000/1648 | elapsed 0.1 min
[validation] batch 1500/1648 | elapsed 0.1 min
[validation] batch 1648/1648 | elapsed 0.1 min
Epoch 06/30 | Loss T:0.1504 V:0.1834 | ROC-AUC T:0.737 V:0.547 | PR-AUC T:0.718 V:0.142 | P:0.147 R:0.519
[train] batch 1/11596 | elapsed 0.0 min
[train] batch 500/11596 | elapsed 0.1 min
[train] batch 1000/11596 | elapsed 0.2 min
[train] batch 1500/11596 | elapsed 0.3 min
[train] batch 2000/11596 | elapsed 0.4 min
[train] batch 2500/11596 | elapsed 0.5 min
[train] batch 3000/11596 | elapsed 0.6 min
[train] batch 3500/11596 | elapsed 0.6 min
[train] batch 4000/11596 | elapsed 0.7 min
[train] batch 4500/11596 | elapsed 0.8 min
[train] batch 5000/11596 | elapsed 0.9 min
[train] batch 5500/11596 | elapsed 1.0 min
[train] batch 6000/11596 | elapsed 1.1 min
[train] batch 6500/11596 | elapsed 1.2 min
[train] batch 7000/11596 | elapsed 1.3 min
[train] batch 7500/11596 | elapsed 1.4 min
[train] batch 8000/11596 | elapsed 1.5 min
[train] batch 8500/11596 | elapsed 1.6 min
[train] batch 9000/11596 | elapsed 1.7 min
[train] batch 9500/11596 | elapsed 1.7 min
[train] batch 10000/11596 | elapsed 1.8 min
[train] batch 10500/11596 | elapsed 1.9 min
[train] batch 11000/11596 | elapsed 2.0 min
[train] batch 11500/11596 | elapsed 2.1 min
[train] batch 11596/11596 | elapsed 2.1 min
[validation] batch 1/1648 | elapsed 0.0 min
[validation] batch 500/1648 | elapsed 0.0 min
[validation] batch 1000/1648 | elapsed 0.1 min
[validation] batch 1500/1648 | elapsed 0.1 min
[validation] batch 1648/1648 | elapsed 0.1 min
Epoch 07/30 | Loss T:0.1485 V:0.1785 | ROC-AUC T:0.746 V:0.551 | PR-AUC T:0.728 V:0.146 | P:0.149 R:0.506
[train] batch 1/11596 | elapsed 0.0 min
[train] batch 500/11596 | elapsed 0.1 min
[train] batch 1000/11596 | elapsed 0.2 min
[train] batch 1500/11596 | elapsed 0.3 min
[train] batch 2000/11596 | elapsed 0.4 min
[train] batch 2500/11596 | elapsed 0.5 min
[train] batch 3000/11596 | elapsed 0.6 min
[train] batch 3500/11596 | elapsed 0.6 min
[train] batch 4000/11596 | elapsed 0.7 min
[train] batch 4500/11596 | elapsed 0.8 min
[train] batch 5000/11596 | elapsed 0.9 min
[train] batch 5500/11596 | elapsed 1.0 min
[train] batch 6000/11596 | elapsed 1.1 min
[train] batch 6500/11596 | elapsed 1.2 min
[train] batch 7000/11596 | elapsed 1.3 min
[train] batch 7500/11596 | elapsed 1.4 min
[train] batch 8000/11596 | elapsed 1.5 min
[train] batch 8500/11596 | elapsed 1.6 min
[train] batch 9000/11596 | elapsed 1.7 min
[train] batch 9500/11596 | elapsed 1.7 min
[train] batch 10000/11596 | elapsed 1.8 min
[train] batch 10500/11596 | elapsed 1.9 min
[train] batch 11000/11596 | elapsed 2.0 min
[train] batch 11500/11596 | elapsed 2.1 min
[train] batch 11596/11596 | elapsed 2.1 min
[validation] batch 1/1648 | elapsed 0.0 min
[validation] batch 500/1648 | elapsed 0.0 min
[validation] batch 1000/1648 | elapsed 0.1 min
[validation] batch 1500/1648 | elapsed 0.1 min
[validation] batch 1648/1648 | elapsed 0.1 min
Epoch 08/30 | Loss T:0.1474 V:0.1788 | ROC-AUC T:0.751 V:0.552 | PR-AUC T:0.734 V:0.148 | P:0.149 R:0.502
[train] batch 1/11596 | elapsed 0.0 min
[train] batch 500/11596 | elapsed 0.1 min
[train] batch 1000/11596 | elapsed 0.2 min
[train] batch 1500/11596 | elapsed 0.3 min
[train] batch 2000/11596 | elapsed 0.4 min
[train] batch 2500/11596 | elapsed 0.5 min
[train] batch 3000/11596 | elapsed 0.6 min
[train] batch 3500/11596 | elapsed 0.6 min
[train] batch 4000/11596 | elapsed 0.7 min
[train] batch 4500/11596 | elapsed 0.8 min
[train] batch 5000/11596 | elapsed 0.9 min
[train] batch 5500/11596 | elapsed 1.0 min
[train] batch 6000/11596 | elapsed 1.1 min
[train] batch 6500/11596 | elapsed 1.2 min
[train] batch 7000/11596 | elapsed 1.3 min
[train] batch 7500/11596 | elapsed 1.4 min
[train] batch 8000/11596 | elapsed 1.5 min
[train] batch 8500/11596 | elapsed 1.6 min
[train] batch 9000/11596 | elapsed 1.7 min
[train] batch 9500/11596 | elapsed 1.7 min
[train] batch 10000/11596 | elapsed 1.8 min
[train] batch 10500/11596 | elapsed 1.9 min
[train] batch 11000/11596 | elapsed 2.0 min
[train] batch 11500/11596 | elapsed 2.1 min
[train] batch 11596/11596 | elapsed 2.1 min
[validation] batch 1/1648 | elapsed 0.0 min
[validation] batch 500/1648 | elapsed 0.0 min
[validation] batch 1000/1648 | elapsed 0.1 min
[validation] batch 1500/1648 | elapsed 0.1 min
[validation] batch 1648/1648 | elapsed 0.1 min
Epoch 09/30 | Loss T:0.1467 V:0.1908 | ROC-AUC T:0.754 V:0.543 | PR-AUC T:0.735 V:0.142 | P:0.143 R:0.539
  Early Stopping: Epoch 9'de duruldu (En iyi pr_auc: 0.1616)
[validation] batch 1/1648 | elapsed 0.0 min
[validation] batch 500/1648 | elapsed 0.0 min
[validation] batch 1000/1648 | elapsed 0.1 min
[validation] batch 1500/1648 | elapsed 0.1 min
[validation] batch 1648/1648 | elapsed 0.1 min

════════════════════════════════════════════════════════════
  PURGED_tech_only_seed46 — VALIDATION SET
════════════════════════════════════════════════════════════
  Threshold-bağımsız (ranking):
    ROC-AUC: 0.5669
    PR-AUC:  0.1616
  Optimal Threshold (MCC max from VAL): 0.5333 (val MCC=0.0826)
  Threshold-bağımlı (eşik=0.5333):
    Accuracy:  0.6585
    MCC:       0.0826
    Precision: 0.1650
    Recall:    0.4245
    F1:        0.2377

=== PURGED_tech_only_seed46 Validation Classification Report ===
              precision    recall  f1-score   support

  Stable (0)       0.89      0.69      0.78     92214
    Risk (1)       0.17      0.42      0.24     13222

    accuracy                           0.66    105436
   macro avg       0.53      0.56      0.51    105436
weighted avg       0.80      0.66      0.71    105436

[test] batch 1/2362 | elapsed 0.0 min
[test] batch 500/2362 | elapsed 0.0 min
[test] batch 1000/2362 | elapsed 0.0 min
[test] batch 1500/2362 | elapsed 0.1 min
[test] batch 2000/2362 | elapsed 0.1 min
[test] batch 2362/2362 | elapsed 0.1 min

════════════════════════════════════════════════════════════
  PURGED_tech_only_seed46 — TEST SET (hold-out, 2024+)
════════════════════════════════════════════════════════════
  Threshold-bağımsız (ranking):
    ROC-AUC: 0.6458
    PR-AUC:  0.1989
  Threshold-bağımlı (val'dan seçilen eşik=0.5333):
    Accuracy:  0.6764
    MCC:       0.1311
    Precision: 0.1956
    Recall:    0.4741
    F1:        0.2770

=== PURGED_tech_only_seed46 Test Classification Report ===
              precision    recall  f1-score   support

  Stable (0)       0.90      0.71      0.79    131398
    Risk (1)       0.20      0.47      0.28     19763

    accuracy                           0.68    151161
   macro avg       0.55      0.59      0.53    151161
weighted avg       0.81      0.68      0.72    151161


  Generalization gap (val → test):
    ROC-AUC: 0.5669 → 0.6458 (Δ +0.0789)
    PR-AUC:  0.1616 → 0.1989 (Δ +0.0373)
    MCC:     0.0826 → 0.1311 (Δ +0.0485)
PASS | purged I seed46 | training + evaluation + export: 21.1 min
Historical outputs unchanged. Selected model, preprocessing and indexed predictions saved.
Report: \\nas.ads.mwn.de\go39lop\Desktop\Archive\results\purged_tech_only_seed46_20260916T222737Z_ae17aea2\experiment_report.json
