[Universe] Cache: 400 hisse, 9 sektör → datasets/universe.csv
FULL EXPERIMENT | I | seed 47 | up to 30 epochs | batch size 64
Output directory: \\nas.ads.mwn.de\go39lop\Desktop\Archive\results\purged_tech_only_seed47_20260917T002340Z_c93f0f5e
Test is evaluated only after validation-based checkpoint selection.
GPU: NVIDIA A40

  Feature split → tech: 32 cols ('tech',) | fund: 6 cols ('fund',)
[Purge] Cached-date upper bounds; unknown endpoints excluded conservatively.
[Purge] Train: {'rows': 757567, 'crossing_upper_bound': 5102, 'unknown': 2798, 'retained_endpoints': 749667}
[Purge] Validation: {'rows': 115138, 'crossing_upper_bound': 4516, 'unknown': 482, 'retained_endpoints': 110140}
  Train  (2019-12-31'e kadar): 757,567 satır | Min: 2010-01-04 | Max: 2019-12-31
  Val    (2020-01-01 → 2021-12-31): 115,138 satır | Min: 2020-01-02 | Max: 2021-12-31
  Test   (2022-01-01 → 2024-12-31): 155,550 satır | Min: 2022-01-03 | Max: 2024-12-02

  Dual-stream Dataset'ler oluşturuluyor...
  [Train]
  DualStreamSequenceDataset: 742,162 sequences | seq_len=20 | tech_dim=32 | fund_dim=6 | Kriz oranı: 12.4%
  [Val]
  DualStreamSequenceDataset: 105,436 sequences | seq_len=20 | tech_dim=32 | fund_dim=6 | Kriz oranı: 12.5%
  [Test]
  DualStreamSequenceDataset: 151,161 sequences | seq_len=20 | tech_dim=32 | fund_dim=6 | Kriz oranı: 13.1%
  [Sampling] WeightedRandomSampler train'e uygulanıyor (val/test doğal kalıyor)...
Actual test dates: 2022-01-31 00:00:00 to 2024-12-02 00:00:00
Full-panel train sequences: 742162
Full-panel validation sequences: 105436

PURGED_tech_only_seed47 Eğitimi Başlıyor (cuda) | monitor=pr_auc | lr=0.0001 | wd=0.01 | patience=8 | scheduler=plateau...
[train] batch 1/11596 | elapsed 0.0 min
[train] batch 500/11596 | elapsed 0.1 min
[train] batch 1000/11596 | elapsed 0.2 min
[train] batch 1500/11596 | elapsed 0.3 min
[train] batch 2000/11596 | elapsed 0.4 min
[train] batch 2500/11596 | elapsed 0.5 min
[train] batch 3000/11596 | elapsed 0.6 min
[train] batch 3500/11596 | elapsed 0.7 min
[train] batch 4000/11596 | elapsed 0.8 min
[train] batch 4500/11596 | elapsed 0.8 min
[train] batch 5000/11596 | elapsed 0.9 min
[train] batch 5500/11596 | elapsed 1.0 min
[train] batch 6000/11596 | elapsed 1.1 min
[train] batch 6500/11596 | elapsed 1.2 min
[train] batch 7000/11596 | elapsed 1.3 min
[train] batch 7500/11596 | elapsed 1.4 min
[train] batch 8000/11596 | elapsed 1.5 min
[train] batch 8500/11596 | elapsed 1.6 min
[train] batch 9000/11596 | elapsed 1.7 min
[train] batch 9500/11596 | elapsed 1.8 min
[train] batch 10000/11596 | elapsed 1.8 min
[train] batch 10500/11596 | elapsed 1.9 min
[train] batch 11000/11596 | elapsed 2.0 min
[train] batch 11500/11596 | elapsed 2.1 min
[train] batch 11596/11596 | elapsed 2.1 min
[validation] batch 1/1648 | elapsed 0.0 min
[validation] batch 500/1648 | elapsed 0.0 min
[validation] batch 1000/1648 | elapsed 0.1 min
[validation] batch 1500/1648 | elapsed 0.1 min
[validation] batch 1648/1648 | elapsed 0.1 min
Epoch 01/30 | Loss T:0.1633 V:0.1768 | ROC-AUC T:0.661 V:0.563 | PR-AUC T:0.633 V:0.151 | P:0.147 R:0.562
  ✓ Yeni en iyi model kaydedildi (pr_auc: 0.1513)
[train] batch 1/11596 | elapsed 0.0 min
[train] batch 500/11596 | elapsed 0.1 min
[train] batch 1000/11596 | elapsed 0.2 min
[train] batch 1500/11596 | elapsed 0.3 min
[train] batch 2000/11596 | elapsed 0.4 min
[train] batch 2500/11596 | elapsed 0.5 min
[train] batch 3000/11596 | elapsed 0.5 min
[train] batch 3500/11596 | elapsed 0.6 min
[train] batch 4000/11596 | elapsed 0.7 min
[train] batch 4500/11596 | elapsed 0.8 min
[train] batch 5000/11596 | elapsed 0.9 min
[train] batch 5500/11596 | elapsed 1.0 min
[train] batch 6000/11596 | elapsed 1.1 min
[train] batch 6500/11596 | elapsed 1.2 min
[train] batch 7000/11596 | elapsed 1.2 min
[train] batch 7500/11596 | elapsed 1.3 min
[train] batch 8000/11596 | elapsed 1.4 min
[train] batch 8500/11596 | elapsed 1.5 min
[train] batch 9000/11596 | elapsed 1.6 min
[train] batch 9500/11596 | elapsed 1.7 min
[train] batch 10000/11596 | elapsed 1.8 min
[train] batch 10500/11596 | elapsed 1.9 min
[train] batch 11000/11596 | elapsed 2.0 min
[train] batch 11500/11596 | elapsed 2.1 min
[train] batch 11596/11596 | elapsed 2.1 min
[validation] batch 1/1648 | elapsed 0.0 min
[validation] batch 500/1648 | elapsed 0.0 min
[validation] batch 1000/1648 | elapsed 0.1 min
[validation] batch 1500/1648 | elapsed 0.1 min
[validation] batch 1648/1648 | elapsed 0.1 min
Epoch 02/30 | Loss T:0.1592 V:0.1955 | ROC-AUC T:0.690 V:0.564 | PR-AUC T:0.666 V:0.152 | P:0.142 R:0.672
  ✓ Yeni en iyi model kaydedildi (pr_auc: 0.1520)
[train] batch 1/11596 | elapsed 0.0 min
[train] batch 500/11596 | elapsed 0.1 min
[train] batch 1000/11596 | elapsed 0.2 min
[train] batch 1500/11596 | elapsed 0.3 min
[train] batch 2000/11596 | elapsed 0.4 min
[train] batch 2500/11596 | elapsed 0.5 min
[train] batch 3000/11596 | elapsed 0.5 min
[train] batch 3500/11596 | elapsed 0.6 min
[train] batch 4000/11596 | elapsed 0.7 min
[train] batch 4500/11596 | elapsed 0.8 min
[train] batch 5000/11596 | elapsed 0.9 min
[train] batch 5500/11596 | elapsed 1.0 min
[train] batch 6000/11596 | elapsed 1.1 min
[train] batch 6500/11596 | elapsed 1.2 min
[train] batch 7000/11596 | elapsed 1.3 min
[train] batch 7500/11596 | elapsed 1.4 min
[train] batch 8000/11596 | elapsed 1.4 min
[train] batch 8500/11596 | elapsed 1.5 min
[train] batch 9000/11596 | elapsed 1.6 min
[train] batch 9500/11596 | elapsed 1.7 min
[train] batch 10000/11596 | elapsed 1.8 min
[train] batch 10500/11596 | elapsed 1.9 min
[train] batch 11000/11596 | elapsed 2.0 min
[train] batch 11500/11596 | elapsed 2.1 min
[train] batch 11596/11596 | elapsed 2.1 min
[validation] batch 1/1648 | elapsed 0.0 min
[validation] batch 500/1648 | elapsed 0.0 min
[validation] batch 1000/1648 | elapsed 0.1 min
[validation] batch 1500/1648 | elapsed 0.1 min
[validation] batch 1648/1648 | elapsed 0.1 min
Epoch 03/30 | Loss T:0.1564 V:0.1722 | ROC-AUC T:0.707 V:0.577 | PR-AUC T:0.686 V:0.162 | P:0.153 R:0.558
  ✓ Yeni en iyi model kaydedildi (pr_auc: 0.1625)
[train] batch 1/11596 | elapsed 0.0 min
[train] batch 500/11596 | elapsed 0.1 min
[train] batch 1000/11596 | elapsed 0.2 min
[train] batch 1500/11596 | elapsed 0.3 min
[train] batch 2000/11596 | elapsed 0.4 min
[train] batch 2500/11596 | elapsed 0.5 min
[train] batch 3000/11596 | elapsed 0.5 min
[train] batch 3500/11596 | elapsed 0.6 min
[train] batch 4000/11596 | elapsed 0.7 min
[train] batch 4500/11596 | elapsed 0.8 min
[train] batch 5000/11596 | elapsed 0.9 min
[train] batch 5500/11596 | elapsed 1.0 min
[train] batch 6000/11596 | elapsed 1.1 min
[train] batch 6500/11596 | elapsed 1.2 min
[train] batch 7000/11596 | elapsed 1.3 min
[train] batch 7500/11596 | elapsed 1.4 min
[train] batch 8000/11596 | elapsed 1.4 min
[train] batch 8500/11596 | elapsed 1.5 min
[train] batch 9000/11596 | elapsed 1.6 min
[train] batch 9500/11596 | elapsed 1.7 min
[train] batch 10000/11596 | elapsed 1.8 min
[train] batch 10500/11596 | elapsed 1.9 min
[train] batch 11000/11596 | elapsed 2.0 min
[train] batch 11500/11596 | elapsed 2.1 min
[train] batch 11596/11596 | elapsed 2.1 min
[validation] batch 1/1648 | elapsed 0.0 min
[validation] batch 500/1648 | elapsed 0.0 min
[validation] batch 1000/1648 | elapsed 0.1 min
[validation] batch 1500/1648 | elapsed 0.1 min
[validation] batch 1648/1648 | elapsed 0.1 min
Epoch 04/30 | Loss T:0.1537 V:0.1874 | ROC-AUC T:0.721 V:0.570 | PR-AUC T:0.703 V:0.156 | P:0.146 R:0.607
[train] batch 1/11596 | elapsed 0.0 min
[train] batch 500/11596 | elapsed 0.1 min
[train] batch 1000/11596 | elapsed 0.2 min
[train] batch 1500/11596 | elapsed 0.3 min
[train] batch 2000/11596 | elapsed 0.4 min
[train] batch 2500/11596 | elapsed 0.5 min
[train] batch 3000/11596 | elapsed 0.5 min
[train] batch 3500/11596 | elapsed 0.6 min
[train] batch 4000/11596 | elapsed 0.7 min
[train] batch 4500/11596 | elapsed 0.8 min
[train] batch 5000/11596 | elapsed 0.9 min
[train] batch 5500/11596 | elapsed 1.0 min
[train] batch 6000/11596 | elapsed 1.1 min
[train] batch 6500/11596 | elapsed 1.2 min
[train] batch 7000/11596 | elapsed 1.3 min
[train] batch 7500/11596 | elapsed 1.4 min
[train] batch 8000/11596 | elapsed 1.4 min
[train] batch 8500/11596 | elapsed 1.5 min
[train] batch 9000/11596 | elapsed 1.6 min
[train] batch 9500/11596 | elapsed 1.7 min
[train] batch 10000/11596 | elapsed 1.8 min
[train] batch 10500/11596 | elapsed 1.9 min
[train] batch 11000/11596 | elapsed 2.0 min
[train] batch 11500/11596 | elapsed 2.1 min
[train] batch 11596/11596 | elapsed 2.1 min
[validation] batch 1/1648 | elapsed 0.0 min
[validation] batch 500/1648 | elapsed 0.0 min
[validation] batch 1000/1648 | elapsed 0.1 min
[validation] batch 1500/1648 | elapsed 0.1 min
[validation] batch 1648/1648 | elapsed 0.1 min
Epoch 05/30 | Loss T:0.1516 V:0.1728 | ROC-AUC T:0.731 V:0.568 | PR-AUC T:0.716 V:0.161 | P:0.156 R:0.511
[train] batch 1/11596 | elapsed 0.0 min
[train] batch 500/11596 | elapsed 0.1 min
[train] batch 1000/11596 | elapsed 0.2 min
[train] batch 1500/11596 | elapsed 0.3 min
[train] batch 2000/11596 | elapsed 0.4 min
[train] batch 2500/11596 | elapsed 0.5 min
[train] batch 3000/11596 | elapsed 0.5 min
[train] batch 3500/11596 | elapsed 0.6 min
[train] batch 4000/11596 | elapsed 0.7 min
[train] batch 4500/11596 | elapsed 0.8 min
[train] batch 5000/11596 | elapsed 0.9 min
[train] batch 5500/11596 | elapsed 1.0 min
[train] batch 6000/11596 | elapsed 1.1 min
[train] batch 6500/11596 | elapsed 1.2 min
[train] batch 7000/11596 | elapsed 1.3 min
[train] batch 7500/11596 | elapsed 1.4 min
[train] batch 8000/11596 | elapsed 1.4 min
[train] batch 8500/11596 | elapsed 1.5 min
[train] batch 9000/11596 | elapsed 1.6 min
[train] batch 9500/11596 | elapsed 1.7 min
[train] batch 10000/11596 | elapsed 1.8 min
[train] batch 10500/11596 | elapsed 1.9 min
[train] batch 11000/11596 | elapsed 2.0 min
[train] batch 11500/11596 | elapsed 2.1 min
[train] batch 11596/11596 | elapsed 2.1 min
[validation] batch 1/1648 | elapsed 0.0 min
[validation] batch 500/1648 | elapsed 0.0 min
[validation] batch 1000/1648 | elapsed 0.1 min
[validation] batch 1500/1648 | elapsed 0.1 min
[validation] batch 1648/1648 | elapsed 0.1 min
Epoch 06/30 | Loss T:0.1494 V:0.1780 | ROC-AUC T:0.742 V:0.571 | PR-AUC T:0.727 V:0.157 | P:0.151 R:0.549
[train] batch 1/11596 | elapsed 0.0 min
[train] batch 500/11596 | elapsed 0.1 min
[train] batch 1000/11596 | elapsed 0.2 min
[train] batch 1500/11596 | elapsed 0.3 min
[train] batch 2000/11596 | elapsed 0.4 min
[train] batch 2500/11596 | elapsed 0.5 min
[train] batch 3000/11596 | elapsed 0.5 min
[train] batch 3500/11596 | elapsed 0.6 min
[train] batch 4000/11596 | elapsed 0.7 min
[train] batch 4500/11596 | elapsed 0.8 min
[train] batch 5000/11596 | elapsed 0.9 min
[train] batch 5500/11596 | elapsed 1.0 min
[train] batch 6000/11596 | elapsed 1.1 min
[train] batch 6500/11596 | elapsed 1.2 min
[train] batch 7000/11596 | elapsed 1.3 min
[train] batch 7500/11596 | elapsed 1.4 min
[train] batch 8000/11596 | elapsed 1.4 min
[train] batch 8500/11596 | elapsed 1.5 min
[train] batch 9000/11596 | elapsed 1.6 min
[train] batch 9500/11596 | elapsed 1.7 min
[train] batch 10000/11596 | elapsed 1.8 min
[train] batch 10500/11596 | elapsed 1.9 min
[train] batch 11000/11596 | elapsed 2.0 min
[train] batch 11500/11596 | elapsed 2.1 min
[train] batch 11596/11596 | elapsed 2.1 min
[validation] batch 1/1648 | elapsed 0.0 min
[validation] batch 500/1648 | elapsed 0.0 min
[validation] batch 1000/1648 | elapsed 0.1 min
[validation] batch 1500/1648 | elapsed 0.1 min
[validation] batch 1648/1648 | elapsed 0.1 min
Epoch 07/30 | Loss T:0.1477 V:0.1745 | ROC-AUC T:0.750 V:0.576 | PR-AUC T:0.734 V:0.160 | P:0.156 R:0.540
[train] batch 1/11596 | elapsed 0.0 min
[train] batch 500/11596 | elapsed 0.1 min
[train] batch 1000/11596 | elapsed 0.2 min
[train] batch 1500/11596 | elapsed 0.3 min
[train] batch 2000/11596 | elapsed 0.4 min
[train] batch 2500/11596 | elapsed 0.5 min
[train] batch 3000/11596 | elapsed 0.5 min
[train] batch 3500/11596 | elapsed 0.6 min
[train] batch 4000/11596 | elapsed 0.7 min
[train] batch 4500/11596 | elapsed 0.8 min
[train] batch 5000/11596 | elapsed 0.9 min
[train] batch 5500/11596 | elapsed 1.0 min
[train] batch 6000/11596 | elapsed 1.1 min
[train] batch 6500/11596 | elapsed 1.2 min
[train] batch 7000/11596 | elapsed 1.3 min
[train] batch 7500/11596 | elapsed 1.4 min
[train] batch 8000/11596 | elapsed 1.4 min
[train] batch 8500/11596 | elapsed 1.5 min
[train] batch 9000/11596 | elapsed 1.6 min
[train] batch 9500/11596 | elapsed 1.7 min
[train] batch 10000/11596 | elapsed 1.8 min
[train] batch 10500/11596 | elapsed 1.9 min
[train] batch 11000/11596 | elapsed 2.0 min
[train] batch 11500/11596 | elapsed 2.1 min
[train] batch 11596/11596 | elapsed 2.1 min
[validation] batch 1/1648 | elapsed 0.0 min
[validation] batch 500/1648 | elapsed 0.0 min
[validation] batch 1000/1648 | elapsed 0.1 min
[validation] batch 1500/1648 | elapsed 0.1 min
[validation] batch 1648/1648 | elapsed 0.1 min
Epoch 08/30 | Loss T:0.1460 V:0.1817 | ROC-AUC T:0.757 V:0.577 | PR-AUC T:0.742 V:0.162 | P:0.153 R:0.565
[train] batch 1/11596 | elapsed 0.0 min
[train] batch 500/11596 | elapsed 0.1 min
[train] batch 1000/11596 | elapsed 0.2 min
[train] batch 1500/11596 | elapsed 0.3 min
[train] batch 2000/11596 | elapsed 0.4 min
[train] batch 2500/11596 | elapsed 0.5 min
[train] batch 3000/11596 | elapsed 0.5 min
[train] batch 3500/11596 | elapsed 0.6 min
[train] batch 4000/11596 | elapsed 0.7 min
[train] batch 4500/11596 | elapsed 0.8 min
[train] batch 5000/11596 | elapsed 0.9 min
[train] batch 5500/11596 | elapsed 1.0 min
[train] batch 6000/11596 | elapsed 1.1 min
[train] batch 6500/11596 | elapsed 1.2 min
[train] batch 7000/11596 | elapsed 1.3 min
[train] batch 7500/11596 | elapsed 1.4 min
[train] batch 8000/11596 | elapsed 1.4 min
[train] batch 8500/11596 | elapsed 1.5 min
[train] batch 9000/11596 | elapsed 1.6 min
[train] batch 9500/11596 | elapsed 1.7 min
[train] batch 10000/11596 | elapsed 1.8 min
[train] batch 10500/11596 | elapsed 1.9 min
[train] batch 11000/11596 | elapsed 2.0 min
[train] batch 11500/11596 | elapsed 2.1 min
[train] batch 11596/11596 | elapsed 2.1 min
[validation] batch 1/1648 | elapsed 0.0 min
[validation] batch 500/1648 | elapsed 0.0 min
[validation] batch 1000/1648 | elapsed 0.1 min
[validation] batch 1500/1648 | elapsed 0.1 min
[validation] batch 1648/1648 | elapsed 0.1 min
Epoch 09/30 | Loss T:0.1444 V:0.1846 | ROC-AUC T:0.764 V:0.568 | PR-AUC T:0.750 V:0.156 | P:0.152 R:0.555
[train] batch 1/11596 | elapsed 0.0 min
[train] batch 500/11596 | elapsed 0.1 min
[train] batch 1000/11596 | elapsed 0.2 min
[train] batch 1500/11596 | elapsed 0.3 min
[train] batch 2000/11596 | elapsed 0.4 min
[train] batch 2500/11596 | elapsed 0.5 min
[train] batch 3000/11596 | elapsed 0.6 min
[train] batch 3500/11596 | elapsed 0.6 min
[train] batch 4000/11596 | elapsed 0.7 min
[train] batch 4500/11596 | elapsed 0.8 min
[train] batch 5000/11596 | elapsed 0.9 min
[train] batch 5500/11596 | elapsed 1.0 min
[train] batch 6000/11596 | elapsed 1.1 min
[train] batch 6500/11596 | elapsed 1.2 min
[train] batch 7000/11596 | elapsed 1.3 min
[train] batch 7500/11596 | elapsed 1.4 min
[train] batch 8000/11596 | elapsed 1.5 min
[train] batch 8500/11596 | elapsed 1.6 min
[train] batch 9000/11596 | elapsed 1.6 min
[train] batch 9500/11596 | elapsed 1.7 min
[train] batch 10000/11596 | elapsed 1.8 min
[train] batch 10500/11596 | elapsed 1.9 min
[train] batch 11000/11596 | elapsed 2.0 min
[train] batch 11500/11596 | elapsed 2.1 min
[train] batch 11596/11596 | elapsed 2.1 min
[validation] batch 1/1648 | elapsed 0.0 min
[validation] batch 500/1648 | elapsed 0.0 min
[validation] batch 1000/1648 | elapsed 0.1 min
[validation] batch 1500/1648 | elapsed 0.1 min
[validation] batch 1648/1648 | elapsed 0.1 min
Epoch 10/30 | Loss T:0.1433 V:0.1830 | ROC-AUC T:0.769 V:0.575 | PR-AUC T:0.753 V:0.162 | P:0.154 R:0.553
[train] batch 1/11596 | elapsed 0.0 min
[train] batch 500/11596 | elapsed 0.1 min
[train] batch 1000/11596 | elapsed 0.2 min
[train] batch 1500/11596 | elapsed 0.3 min
[train] batch 2000/11596 | elapsed 0.4 min
[train] batch 2500/11596 | elapsed 0.5 min
[train] batch 3000/11596 | elapsed 0.5 min
[train] batch 3500/11596 | elapsed 0.6 min
[train] batch 4000/11596 | elapsed 0.7 min
[train] batch 4500/11596 | elapsed 0.8 min
[train] batch 5000/11596 | elapsed 0.9 min
[train] batch 5500/11596 | elapsed 1.0 min
[train] batch 6000/11596 | elapsed 1.1 min
[train] batch 6500/11596 | elapsed 1.2 min
[train] batch 7000/11596 | elapsed 1.3 min
[train] batch 7500/11596 | elapsed 1.4 min
[train] batch 8000/11596 | elapsed 1.4 min
[train] batch 8500/11596 | elapsed 1.5 min
[train] batch 9000/11596 | elapsed 1.6 min
[train] batch 9500/11596 | elapsed 1.7 min
[train] batch 10000/11596 | elapsed 1.8 min
[train] batch 10500/11596 | elapsed 1.9 min
[train] batch 11000/11596 | elapsed 2.0 min
[train] batch 11500/11596 | elapsed 2.1 min
[train] batch 11596/11596 | elapsed 2.1 min
[validation] batch 1/1648 | elapsed 0.0 min
[validation] batch 500/1648 | elapsed 0.0 min
[validation] batch 1000/1648 | elapsed 0.1 min
[validation] batch 1500/1648 | elapsed 0.1 min
[validation] batch 1648/1648 | elapsed 0.1 min
Epoch 11/30 | Loss T:0.1425 V:0.1851 | ROC-AUC T:0.772 V:0.571 | PR-AUC T:0.757 V:0.158 | P:0.152 R:0.556
  Early Stopping: Epoch 11'de duruldu (En iyi pr_auc: 0.1625)
[validation] batch 1/1648 | elapsed 0.0 min
[validation] batch 500/1648 | elapsed 0.0 min
[validation] batch 1000/1648 | elapsed 0.1 min
[validation] batch 1500/1648 | elapsed 0.1 min
[validation] batch 1648/1648 | elapsed 0.1 min

════════════════════════════════════════════════════════════
  PURGED_tech_only_seed47 — VALIDATION SET
════════════════════════════════════════════════════════════
  Threshold-bağımsız (ranking):
    ROC-AUC: 0.5770
    PR-AUC:  0.1625
  Optimal Threshold (MCC max from VAL): 0.5363 (val MCC=0.0825)
  Threshold-bağımlı (eşik=0.5363):
    Accuracy:  0.6908
    MCC:       0.0825
    Precision: 0.1694
    Recall:    0.3756
    F1:        0.2335

=== PURGED_tech_only_seed47 Validation Classification Report ===
              precision    recall  f1-score   support

  Stable (0)       0.89      0.74      0.81     92214
    Risk (1)       0.17      0.38      0.23     13222

    accuracy                           0.69    105436
   macro avg       0.53      0.56      0.52    105436
weighted avg       0.80      0.69      0.73    105436

[test] batch 1/2362 | elapsed 0.0 min
[test] batch 500/2362 | elapsed 0.0 min
[test] batch 1000/2362 | elapsed 0.0 min
[test] batch 1500/2362 | elapsed 0.1 min
[test] batch 2000/2362 | elapsed 0.1 min
[test] batch 2362/2362 | elapsed 0.1 min

════════════════════════════════════════════════════════════
  PURGED_tech_only_seed47 — TEST SET (hold-out, 2024+)
════════════════════════════════════════════════════════════
  Threshold-bağımsız (ranking):
    ROC-AUC: 0.6368
    PR-AUC:  0.1935
  Threshold-bağımlı (val'dan seçilen eşik=0.5363):
    Accuracy:  0.7098
    MCC:       0.1129
    Precision: 0.1947
    Recall:    0.3890
    F1:        0.2595

=== PURGED_tech_only_seed47 Test Classification Report ===
              precision    recall  f1-score   support

  Stable (0)       0.89      0.76      0.82    131398
    Risk (1)       0.19      0.39      0.26     19763

    accuracy                           0.71    151161
   macro avg       0.54      0.57      0.54    151161
weighted avg       0.80      0.71      0.75    151161


  Generalization gap (val → test):
    ROC-AUC: 0.5770 → 0.6368 (Δ +0.0597)
    PR-AUC:  0.1625 → 0.1935 (Δ +0.0310)
    MCC:     0.0825 → 0.1129 (Δ +0.0304)
PASS | purged I seed47 | training + evaluation + export: 25.2 min
Historical outputs unchanged. Selected model, preprocessing and indexed predictions saved.
Report: \\nas.ads.mwn.de\go39lop\Desktop\Archive\results\purged_tech_only_seed47_20260917T002340Z_c93f0f5e\experiment_report.json
