[Universe] Cache: 400 hisse, 9 sektör → datasets/universe.csv
FULL EXPERIMENT | I | seed 49 | up to 30 epochs | batch size 64
Output directory: \\nas.ads.mwn.de\go39lop\Desktop\Archive\results\purged_tech_only_seed49_20260917T045727Z_1c3b8e91
Test is evaluated only after validation-based checkpoint selection.
GPU: NVIDIA A40

  Feature split → tech: 32 cols ('tech',) | fund: 6 cols ('fund',)
[Purge] Cached-date upper bounds; unknown endpoints excluded conservatively.
[Purge] Train: {'rows': 757567, 'crossing_upper_bound': 5102, 'unknown': 2798, 'retained_endpoints': 749667}
[Purge] Validation: {'rows': 115138, 'crossing_upper_bound': 4516, 'unknown': 482, 'retained_endpoints': 110140}
  Train  (2019-12-31'e kadar): 757,567 satır | Min: 2010-01-04 | Max: 2019-12-31
  Val    (2020-01-01 → 2021-12-31): 115,138 satır | Min: 2020-01-02 | Max: 2021-12-31
  Test   (2022-01-01 → 2024-12-31): 155,550 satır | Min: 2022-01-03 | Max: 2024-12-02

  Dual-stream Dataset'ler oluşturuluyor...
  [Train]
  DualStreamSequenceDataset: 742,162 sequences | seq_len=20 | tech_dim=32 | fund_dim=6 | Kriz oranı: 12.4%
  [Val]
  DualStreamSequenceDataset: 105,436 sequences | seq_len=20 | tech_dim=32 | fund_dim=6 | Kriz oranı: 12.5%
  [Test]
  DualStreamSequenceDataset: 151,161 sequences | seq_len=20 | tech_dim=32 | fund_dim=6 | Kriz oranı: 13.1%
  [Sampling] WeightedRandomSampler train'e uygulanıyor (val/test doğal kalıyor)...
Actual test dates: 2022-01-31 00:00:00 to 2024-12-02 00:00:00
Full-panel train sequences: 742162
Full-panel validation sequences: 105436

PURGED_tech_only_seed49 Eğitimi Başlıyor (cuda) | monitor=pr_auc | lr=0.0001 | wd=0.01 | patience=8 | scheduler=plateau...
[train] batch 1/11596 | elapsed 0.0 min
[train] batch 500/11596 | elapsed 0.1 min
[train] batch 1000/11596 | elapsed 0.2 min
[train] batch 1500/11596 | elapsed 0.3 min
[train] batch 2000/11596 | elapsed 0.4 min
[train] batch 2500/11596 | elapsed 0.4 min
[train] batch 3000/11596 | elapsed 0.5 min
[train] batch 3500/11596 | elapsed 0.6 min
[train] batch 4000/11596 | elapsed 0.7 min
[train] batch 4500/11596 | elapsed 0.8 min
[train] batch 5000/11596 | elapsed 0.8 min
[train] batch 5500/11596 | elapsed 0.9 min
[train] batch 6000/11596 | elapsed 1.0 min
[train] batch 6500/11596 | elapsed 1.1 min
[train] batch 7000/11596 | elapsed 1.2 min
[train] batch 7500/11596 | elapsed 1.3 min
[train] batch 8000/11596 | elapsed 1.3 min
[train] batch 8500/11596 | elapsed 1.4 min
[train] batch 9000/11596 | elapsed 1.5 min
[train] batch 9500/11596 | elapsed 1.6 min
[train] batch 10000/11596 | elapsed 1.6 min
[train] batch 10500/11596 | elapsed 1.7 min
[train] batch 11000/11596 | elapsed 1.8 min
[train] batch 11500/11596 | elapsed 1.9 min
[train] batch 11596/11596 | elapsed 1.9 min
[validation] batch 1/1648 | elapsed 0.0 min
[validation] batch 500/1648 | elapsed 0.0 min
[validation] batch 1000/1648 | elapsed 0.1 min
[validation] batch 1500/1648 | elapsed 0.1 min
[validation] batch 1648/1648 | elapsed 0.1 min
Epoch 01/30 | Loss T:0.1628 V:0.1815 | ROC-AUC T:0.665 V:0.576 | PR-AUC T:0.636 V:0.160 | P:0.149 R:0.624
  ✓ Yeni en iyi model kaydedildi (pr_auc: 0.1599)
[train] batch 1/11596 | elapsed 0.0 min
[train] batch 500/11596 | elapsed 0.1 min
[train] batch 1000/11596 | elapsed 0.2 min
[train] batch 1500/11596 | elapsed 0.3 min
[train] batch 2000/11596 | elapsed 0.3 min
[train] batch 2500/11596 | elapsed 0.4 min
[train] batch 3000/11596 | elapsed 0.5 min
[train] batch 3500/11596 | elapsed 0.6 min
[train] batch 4000/11596 | elapsed 0.7 min
[train] batch 4500/11596 | elapsed 0.7 min
[train] batch 5000/11596 | elapsed 0.8 min
[train] batch 5500/11596 | elapsed 0.9 min
[train] batch 6000/11596 | elapsed 1.0 min
[train] batch 6500/11596 | elapsed 1.0 min
[train] batch 7000/11596 | elapsed 1.1 min
[train] batch 7500/11596 | elapsed 1.2 min
[train] batch 8000/11596 | elapsed 1.3 min
[train] batch 8500/11596 | elapsed 1.4 min
[train] batch 9000/11596 | elapsed 1.5 min
[train] batch 9500/11596 | elapsed 1.5 min
[train] batch 10000/11596 | elapsed 1.6 min
[train] batch 10500/11596 | elapsed 1.7 min
[train] batch 11000/11596 | elapsed 1.8 min
[train] batch 11500/11596 | elapsed 1.9 min
[train] batch 11596/11596 | elapsed 1.9 min
[validation] batch 1/1648 | elapsed 0.0 min
[validation] batch 500/1648 | elapsed 0.0 min
[validation] batch 1000/1648 | elapsed 0.1 min
[validation] batch 1500/1648 | elapsed 0.1 min
[validation] batch 1648/1648 | elapsed 0.1 min
Epoch 02/30 | Loss T:0.1587 V:0.1764 | ROC-AUC T:0.693 V:0.583 | PR-AUC T:0.669 V:0.161 | P:0.155 R:0.600
  ✓ Yeni en iyi model kaydedildi (pr_auc: 0.1608)
[train] batch 1/11596 | elapsed 0.0 min
[train] batch 500/11596 | elapsed 0.1 min
[train] batch 1000/11596 | elapsed 0.2 min
[train] batch 1500/11596 | elapsed 0.2 min
[train] batch 2000/11596 | elapsed 0.3 min
[train] batch 2500/11596 | elapsed 0.4 min
[train] batch 3000/11596 | elapsed 0.5 min
[train] batch 3500/11596 | elapsed 0.6 min
[train] batch 4000/11596 | elapsed 0.7 min
[train] batch 4500/11596 | elapsed 0.7 min
[train] batch 5000/11596 | elapsed 0.8 min
[train] batch 5500/11596 | elapsed 0.9 min
[train] batch 6000/11596 | elapsed 1.0 min
[train] batch 6500/11596 | elapsed 1.1 min
[train] batch 7000/11596 | elapsed 1.1 min
[train] batch 7500/11596 | elapsed 1.2 min
[train] batch 8000/11596 | elapsed 1.3 min
[train] batch 8500/11596 | elapsed 1.4 min
[train] batch 9000/11596 | elapsed 1.5 min
[train] batch 9500/11596 | elapsed 1.5 min
[train] batch 10000/11596 | elapsed 1.6 min
[train] batch 10500/11596 | elapsed 1.7 min
[train] batch 11000/11596 | elapsed 1.8 min
[train] batch 11500/11596 | elapsed 1.9 min
[train] batch 11596/11596 | elapsed 1.9 min
[validation] batch 1/1648 | elapsed 0.0 min
[validation] batch 500/1648 | elapsed 0.0 min
[validation] batch 1000/1648 | elapsed 0.1 min
[validation] batch 1500/1648 | elapsed 0.1 min
[validation] batch 1648/1648 | elapsed 0.1 min
Epoch 03/30 | Loss T:0.1560 V:0.1871 | ROC-AUC T:0.708 V:0.570 | PR-AUC T:0.689 V:0.151 | P:0.148 R:0.633
[train] batch 1/11596 | elapsed 0.0 min
[train] batch 500/11596 | elapsed 0.1 min
[train] batch 1000/11596 | elapsed 0.2 min
[train] batch 1500/11596 | elapsed 0.2 min
[train] batch 2000/11596 | elapsed 0.3 min
[train] batch 2500/11596 | elapsed 0.4 min
[train] batch 3000/11596 | elapsed 0.5 min
[train] batch 3500/11596 | elapsed 0.6 min
[train] batch 4000/11596 | elapsed 0.7 min
[train] batch 4500/11596 | elapsed 0.7 min
[train] batch 5000/11596 | elapsed 0.8 min
[train] batch 5500/11596 | elapsed 0.9 min
[train] batch 6000/11596 | elapsed 1.0 min
[train] batch 6500/11596 | elapsed 1.1 min
[train] batch 7000/11596 | elapsed 1.1 min
[train] batch 7500/11596 | elapsed 1.2 min
[train] batch 8000/11596 | elapsed 1.3 min
[train] batch 8500/11596 | elapsed 1.4 min
[train] batch 9000/11596 | elapsed 1.4 min
[train] batch 9500/11596 | elapsed 1.5 min
[train] batch 10000/11596 | elapsed 1.6 min
[train] batch 10500/11596 | elapsed 1.7 min
[train] batch 11000/11596 | elapsed 1.8 min
[train] batch 11500/11596 | elapsed 1.9 min
[train] batch 11596/11596 | elapsed 1.9 min
[validation] batch 1/1648 | elapsed 0.0 min
[validation] batch 500/1648 | elapsed 0.0 min
[validation] batch 1000/1648 | elapsed 0.1 min
[validation] batch 1500/1648 | elapsed 0.1 min
[validation] batch 1648/1648 | elapsed 0.1 min
Epoch 04/30 | Loss T:0.1538 V:0.1784 | ROC-AUC T:0.720 V:0.561 | PR-AUC T:0.703 V:0.152 | P:0.148 R:0.564
[train] batch 1/11596 | elapsed 0.0 min
[train] batch 500/11596 | elapsed 0.1 min
[train] batch 1000/11596 | elapsed 0.2 min
[train] batch 1500/11596 | elapsed 0.2 min
[train] batch 2000/11596 | elapsed 0.3 min
[train] batch 2500/11596 | elapsed 0.4 min
[train] batch 3000/11596 | elapsed 0.5 min
[train] batch 3500/11596 | elapsed 0.6 min
[train] batch 4000/11596 | elapsed 0.6 min
[train] batch 4500/11596 | elapsed 0.7 min
[train] batch 5000/11596 | elapsed 0.8 min
[train] batch 5500/11596 | elapsed 0.9 min
[train] batch 6000/11596 | elapsed 1.0 min
[train] batch 6500/11596 | elapsed 1.1 min
[train] batch 7000/11596 | elapsed 1.1 min
[train] batch 7500/11596 | elapsed 1.2 min
[train] batch 8000/11596 | elapsed 1.3 min
[train] batch 8500/11596 | elapsed 1.4 min
[train] batch 9000/11596 | elapsed 1.5 min
[train] batch 9500/11596 | elapsed 1.5 min
[train] batch 10000/11596 | elapsed 1.6 min
[train] batch 10500/11596 | elapsed 1.7 min
[train] batch 11000/11596 | elapsed 1.8 min
[train] batch 11500/11596 | elapsed 1.9 min
[train] batch 11596/11596 | elapsed 1.9 min
[validation] batch 1/1648 | elapsed 0.0 min
[validation] batch 500/1648 | elapsed 0.0 min
[validation] batch 1000/1648 | elapsed 0.1 min
[validation] batch 1500/1648 | elapsed 0.1 min
[validation] batch 1648/1648 | elapsed 0.1 min
Epoch 05/30 | Loss T:0.1516 V:0.1769 | ROC-AUC T:0.732 V:0.586 | PR-AUC T:0.716 V:0.163 | P:0.155 R:0.585
  ✓ Yeni en iyi model kaydedildi (pr_auc: 0.1631)
[train] batch 1/11596 | elapsed 0.0 min
[train] batch 500/11596 | elapsed 0.1 min
[train] batch 1000/11596 | elapsed 0.2 min
[train] batch 1500/11596 | elapsed 0.2 min
[train] batch 2000/11596 | elapsed 0.3 min
[train] batch 2500/11596 | elapsed 0.4 min
[train] batch 3000/11596 | elapsed 0.5 min
[train] batch 3500/11596 | elapsed 0.6 min
[train] batch 4000/11596 | elapsed 0.6 min
[train] batch 4500/11596 | elapsed 0.7 min
[train] batch 5000/11596 | elapsed 0.8 min
[train] batch 5500/11596 | elapsed 0.9 min
[train] batch 6000/11596 | elapsed 1.0 min
[train] batch 6500/11596 | elapsed 1.0 min
[train] batch 7000/11596 | elapsed 1.1 min
[train] batch 7500/11596 | elapsed 1.2 min
[train] batch 8000/11596 | elapsed 1.3 min
[train] batch 8500/11596 | elapsed 1.4 min
[train] batch 9000/11596 | elapsed 1.4 min
[train] batch 9500/11596 | elapsed 1.5 min
[train] batch 10000/11596 | elapsed 1.6 min
[train] batch 10500/11596 | elapsed 1.7 min
[train] batch 11000/11596 | elapsed 1.7 min
[train] batch 11500/11596 | elapsed 1.8 min
[train] batch 11596/11596 | elapsed 1.8 min
[validation] batch 1/1648 | elapsed 0.0 min
[validation] batch 500/1648 | elapsed 0.0 min
[validation] batch 1000/1648 | elapsed 0.1 min
[validation] batch 1500/1648 | elapsed 0.1 min
[validation] batch 1648/1648 | elapsed 0.1 min
Epoch 06/30 | Loss T:0.1496 V:0.1853 | ROC-AUC T:0.741 V:0.570 | PR-AUC T:0.726 V:0.152 | P:0.150 R:0.581
[train] batch 1/11596 | elapsed 0.0 min
[train] batch 500/11596 | elapsed 0.1 min
[train] batch 1000/11596 | elapsed 0.2 min
[train] batch 1500/11596 | elapsed 0.3 min
[train] batch 2000/11596 | elapsed 0.3 min
[train] batch 2500/11596 | elapsed 0.4 min
[train] batch 3000/11596 | elapsed 0.5 min
[train] batch 3500/11596 | elapsed 0.6 min
[train] batch 4000/11596 | elapsed 0.7 min
[train] batch 4500/11596 | elapsed 0.7 min
[train] batch 5000/11596 | elapsed 0.8 min
[train] batch 5500/11596 | elapsed 0.9 min
[train] batch 6000/11596 | elapsed 1.0 min
[train] batch 6500/11596 | elapsed 1.1 min
[train] batch 7000/11596 | elapsed 1.1 min
[train] batch 7500/11596 | elapsed 1.2 min
[train] batch 8000/11596 | elapsed 1.3 min
[train] batch 8500/11596 | elapsed 1.4 min
[train] batch 9000/11596 | elapsed 1.5 min
[train] batch 9500/11596 | elapsed 1.5 min
[train] batch 10000/11596 | elapsed 1.6 min
[train] batch 10500/11596 | elapsed 1.7 min
[train] batch 11000/11596 | elapsed 1.8 min
[train] batch 11500/11596 | elapsed 1.9 min
[train] batch 11596/11596 | elapsed 1.9 min
[validation] batch 1/1648 | elapsed 0.0 min
[validation] batch 500/1648 | elapsed 0.0 min
[validation] batch 1000/1648 | elapsed 0.1 min
[validation] batch 1500/1648 | elapsed 0.1 min
[validation] batch 1648/1648 | elapsed 0.1 min
Epoch 07/30 | Loss T:0.1476 V:0.1789 | ROC-AUC T:0.750 V:0.584 | PR-AUC T:0.735 V:0.163 | P:0.154 R:0.577
[train] batch 1/11596 | elapsed 0.0 min
[train] batch 500/11596 | elapsed 0.1 min
[train] batch 1000/11596 | elapsed 0.2 min
[train] batch 1500/11596 | elapsed 0.2 min
[train] batch 2000/11596 | elapsed 0.3 min
[train] batch 2500/11596 | elapsed 0.4 min
[train] batch 3000/11596 | elapsed 0.5 min
[train] batch 3500/11596 | elapsed 0.6 min
[train] batch 4000/11596 | elapsed 0.6 min
[train] batch 4500/11596 | elapsed 0.7 min
[train] batch 5000/11596 | elapsed 0.8 min
[train] batch 5500/11596 | elapsed 0.9 min
[train] batch 6000/11596 | elapsed 1.0 min
[train] batch 6500/11596 | elapsed 1.0 min
[train] batch 7000/11596 | elapsed 1.1 min
[train] batch 7500/11596 | elapsed 1.2 min
[train] batch 8000/11596 | elapsed 1.3 min
[train] batch 8500/11596 | elapsed 1.4 min
[train] batch 9000/11596 | elapsed 1.4 min
[train] batch 9500/11596 | elapsed 1.5 min
[train] batch 10000/11596 | elapsed 1.6 min
[train] batch 10500/11596 | elapsed 1.7 min
[train] batch 11000/11596 | elapsed 1.8 min
[train] batch 11500/11596 | elapsed 1.8 min
[train] batch 11596/11596 | elapsed 1.9 min
[validation] batch 1/1648 | elapsed 0.0 min
[validation] batch 500/1648 | elapsed 0.0 min
[validation] batch 1000/1648 | elapsed 0.1 min
[validation] batch 1500/1648 | elapsed 0.1 min
[validation] batch 1648/1648 | elapsed 0.1 min
Epoch 08/30 | Loss T:0.1461 V:0.1824 | ROC-AUC T:0.757 V:0.579 | PR-AUC T:0.742 V:0.160 | P:0.152 R:0.566
[train] batch 1/11596 | elapsed 0.0 min
[train] batch 500/11596 | elapsed 0.1 min
[train] batch 1000/11596 | elapsed 0.2 min
[train] batch 1500/11596 | elapsed 0.2 min
[train] batch 2000/11596 | elapsed 0.3 min
[train] batch 2500/11596 | elapsed 0.4 min
[train] batch 3000/11596 | elapsed 0.5 min
[train] batch 3500/11596 | elapsed 0.6 min
[train] batch 4000/11596 | elapsed 0.7 min
[train] batch 4500/11596 | elapsed 0.7 min
[train] batch 5000/11596 | elapsed 0.8 min
[train] batch 5500/11596 | elapsed 0.9 min
[train] batch 6000/11596 | elapsed 1.0 min
[train] batch 6500/11596 | elapsed 1.0 min
[train] batch 7000/11596 | elapsed 1.1 min
[train] batch 7500/11596 | elapsed 1.2 min
[train] batch 8000/11596 | elapsed 1.3 min
[train] batch 8500/11596 | elapsed 1.4 min
[train] batch 9000/11596 | elapsed 1.4 min
[train] batch 9500/11596 | elapsed 1.5 min
[train] batch 10000/11596 | elapsed 1.6 min
[train] batch 10500/11596 | elapsed 1.7 min
[train] batch 11000/11596 | elapsed 1.8 min
[train] batch 11500/11596 | elapsed 1.9 min
[train] batch 11596/11596 | elapsed 1.9 min
[validation] batch 1/1648 | elapsed 0.0 min
[validation] batch 500/1648 | elapsed 0.0 min
[validation] batch 1000/1648 | elapsed 0.1 min
[validation] batch 1500/1648 | elapsed 0.1 min
[validation] batch 1648/1648 | elapsed 0.1 min
Epoch 09/30 | Loss T:0.1442 V:0.1710 | ROC-AUC T:0.765 V:0.574 | PR-AUC T:0.751 V:0.154 | P:0.155 R:0.501
[train] batch 1/11596 | elapsed 0.0 min
[train] batch 500/11596 | elapsed 0.1 min
[train] batch 1000/11596 | elapsed 0.2 min
[train] batch 1500/11596 | elapsed 0.2 min
[train] batch 2000/11596 | elapsed 0.3 min
[train] batch 2500/11596 | elapsed 0.4 min
[train] batch 3000/11596 | elapsed 0.5 min
[train] batch 3500/11596 | elapsed 0.6 min
[train] batch 4000/11596 | elapsed 0.6 min
[train] batch 4500/11596 | elapsed 0.7 min
[train] batch 5000/11596 | elapsed 0.8 min
[train] batch 5500/11596 | elapsed 0.9 min
[train] batch 6000/11596 | elapsed 1.0 min
[train] batch 6500/11596 | elapsed 1.1 min
[train] batch 7000/11596 | elapsed 1.1 min
[train] batch 7500/11596 | elapsed 1.2 min
[train] batch 8000/11596 | elapsed 1.3 min
[train] batch 8500/11596 | elapsed 1.4 min
[train] batch 9000/11596 | elapsed 1.4 min
[train] batch 9500/11596 | elapsed 1.5 min
[train] batch 10000/11596 | elapsed 1.6 min
[train] batch 10500/11596 | elapsed 1.7 min
[train] batch 11000/11596 | elapsed 1.8 min
[train] batch 11500/11596 | elapsed 1.9 min
[train] batch 11596/11596 | elapsed 1.9 min
[validation] batch 1/1648 | elapsed 0.0 min
[validation] batch 500/1648 | elapsed 0.0 min
[validation] batch 1000/1648 | elapsed 0.1 min
[validation] batch 1500/1648 | elapsed 0.1 min
[validation] batch 1648/1648 | elapsed 0.1 min
Epoch 10/30 | Loss T:0.1425 V:0.1735 | ROC-AUC T:0.773 V:0.579 | PR-AUC T:0.758 V:0.159 | P:0.156 R:0.506
[train] batch 1/11596 | elapsed 0.0 min
[train] batch 500/11596 | elapsed 0.1 min
[train] batch 1000/11596 | elapsed 0.2 min
[train] batch 1500/11596 | elapsed 0.2 min
[train] batch 2000/11596 | elapsed 0.3 min
[train] batch 2500/11596 | elapsed 0.4 min
[train] batch 3000/11596 | elapsed 0.5 min
[train] batch 3500/11596 | elapsed 0.6 min
[train] batch 4000/11596 | elapsed 0.6 min
[train] batch 4500/11596 | elapsed 0.7 min
[train] batch 5000/11596 | elapsed 0.8 min
[train] batch 5500/11596 | elapsed 0.9 min
[train] batch 6000/11596 | elapsed 1.0 min
[train] batch 6500/11596 | elapsed 1.0 min
[train] batch 7000/11596 | elapsed 1.1 min
[train] batch 7500/11596 | elapsed 1.2 min
[train] batch 8000/11596 | elapsed 1.3 min
[train] batch 8500/11596 | elapsed 1.4 min
[train] batch 9000/11596 | elapsed 1.4 min
[train] batch 9500/11596 | elapsed 1.5 min
[train] batch 10000/11596 | elapsed 1.6 min
[train] batch 10500/11596 | elapsed 1.7 min
[train] batch 11000/11596 | elapsed 1.8 min
[train] batch 11500/11596 | elapsed 1.8 min
[train] batch 11596/11596 | elapsed 1.9 min
[validation] batch 1/1648 | elapsed 0.0 min
[validation] batch 500/1648 | elapsed 0.0 min
[validation] batch 1000/1648 | elapsed 0.1 min
[validation] batch 1500/1648 | elapsed 0.1 min
[validation] batch 1648/1648 | elapsed 0.1 min
Epoch 11/30 | Loss T:0.1408 V:0.1760 | ROC-AUC T:0.780 V:0.582 | PR-AUC T:0.766 V:0.163 | P:0.157 R:0.515
[train] batch 1/11596 | elapsed 0.0 min
[train] batch 500/11596 | elapsed 0.1 min
[train] batch 1000/11596 | elapsed 0.2 min
[train] batch 1500/11596 | elapsed 0.3 min
[train] batch 2000/11596 | elapsed 0.3 min
[train] batch 2500/11596 | elapsed 0.4 min
[train] batch 3000/11596 | elapsed 0.5 min
[train] batch 3500/11596 | elapsed 0.6 min
[train] batch 4000/11596 | elapsed 0.7 min
[train] batch 4500/11596 | elapsed 0.7 min
[train] batch 5000/11596 | elapsed 0.8 min
[train] batch 5500/11596 | elapsed 0.9 min
[train] batch 6000/11596 | elapsed 1.0 min
[train] batch 6500/11596 | elapsed 1.1 min
[train] batch 7000/11596 | elapsed 1.1 min
[train] batch 7500/11596 | elapsed 1.2 min
[train] batch 8000/11596 | elapsed 1.3 min
[train] batch 8500/11596 | elapsed 1.4 min
[train] batch 9000/11596 | elapsed 1.5 min
[train] batch 9500/11596 | elapsed 1.5 min
[train] batch 10000/11596 | elapsed 1.6 min
[train] batch 10500/11596 | elapsed 1.7 min
[train] batch 11000/11596 | elapsed 1.8 min
[train] batch 11500/11596 | elapsed 1.9 min
[train] batch 11596/11596 | elapsed 1.9 min
[validation] batch 1/1648 | elapsed 0.0 min
[validation] batch 500/1648 | elapsed 0.0 min
[validation] batch 1000/1648 | elapsed 0.1 min
[validation] batch 1500/1648 | elapsed 0.1 min
[validation] batch 1648/1648 | elapsed 0.1 min
Epoch 12/30 | Loss T:0.1399 V:0.1736 | ROC-AUC T:0.783 V:0.582 | PR-AUC T:0.769 V:0.162 | P:0.158 R:0.515
[train] batch 1/11596 | elapsed 0.0 min
[train] batch 500/11596 | elapsed 0.1 min
[train] batch 1000/11596 | elapsed 0.2 min
[train] batch 1500/11596 | elapsed 0.2 min
[train] batch 2000/11596 | elapsed 0.3 min
[train] batch 2500/11596 | elapsed 0.4 min
[train] batch 3000/11596 | elapsed 0.5 min
[train] batch 3500/11596 | elapsed 0.6 min
[train] batch 4000/11596 | elapsed 0.7 min
[train] batch 4500/11596 | elapsed 0.7 min
[train] batch 5000/11596 | elapsed 0.8 min
[train] batch 5500/11596 | elapsed 0.9 min
[train] batch 6000/11596 | elapsed 1.0 min
[train] batch 6500/11596 | elapsed 1.1 min
[train] batch 7000/11596 | elapsed 1.1 min
[train] batch 7500/11596 | elapsed 1.2 min
[train] batch 8000/11596 | elapsed 1.3 min
[train] batch 8500/11596 | elapsed 1.4 min
[train] batch 9000/11596 | elapsed 1.5 min
[train] batch 9500/11596 | elapsed 1.5 min
[train] batch 10000/11596 | elapsed 1.6 min
[train] batch 10500/11596 | elapsed 1.7 min
[train] batch 11000/11596 | elapsed 1.8 min
[train] batch 11500/11596 | elapsed 1.9 min
[train] batch 11596/11596 | elapsed 1.9 min
[validation] batch 1/1648 | elapsed 0.0 min
[validation] batch 500/1648 | elapsed 0.0 min
[validation] batch 1000/1648 | elapsed 0.1 min
[validation] batch 1500/1648 | elapsed 0.1 min
[validation] batch 1648/1648 | elapsed 0.1 min
Epoch 13/30 | Loss T:0.1391 V:0.1709 | ROC-AUC T:0.786 V:0.580 | PR-AUC T:0.772 V:0.164 | P:0.157 R:0.485
  ✓ Yeni en iyi model kaydedildi (pr_auc: 0.1638)
[train] batch 1/11596 | elapsed 0.0 min
[train] batch 500/11596 | elapsed 0.1 min
[train] batch 1000/11596 | elapsed 0.2 min
[train] batch 1500/11596 | elapsed 0.2 min
[train] batch 2000/11596 | elapsed 0.3 min
[train] batch 2500/11596 | elapsed 0.4 min
[train] batch 3000/11596 | elapsed 0.5 min
[train] batch 3500/11596 | elapsed 0.6 min
[train] batch 4000/11596 | elapsed 0.7 min
[train] batch 4500/11596 | elapsed 0.7 min
[train] batch 5000/11596 | elapsed 0.8 min
[train] batch 5500/11596 | elapsed 0.9 min
[train] batch 6000/11596 | elapsed 1.0 min
[train] batch 6500/11596 | elapsed 1.1 min
[train] batch 7000/11596 | elapsed 1.1 min
[train] batch 7500/11596 | elapsed 1.2 min
[train] batch 8000/11596 | elapsed 1.3 min
[train] batch 8500/11596 | elapsed 1.4 min
[train] batch 9000/11596 | elapsed 1.5 min
[train] batch 9500/11596 | elapsed 1.5 min
[train] batch 10000/11596 | elapsed 1.6 min
[train] batch 10500/11596 | elapsed 1.7 min
[train] batch 11000/11596 | elapsed 1.8 min
[train] batch 11500/11596 | elapsed 1.9 min
[train] batch 11596/11596 | elapsed 1.9 min
[validation] batch 1/1648 | elapsed 0.0 min
[validation] batch 500/1648 | elapsed 0.0 min
[validation] batch 1000/1648 | elapsed 0.1 min
[validation] batch 1500/1648 | elapsed 0.1 min
[validation] batch 1648/1648 | elapsed 0.1 min
Epoch 14/30 | Loss T:0.1384 V:0.1789 | ROC-AUC T:0.789 V:0.578 | PR-AUC T:0.774 V:0.159 | P:0.155 R:0.516
[train] batch 1/11596 | elapsed 0.0 min
[train] batch 500/11596 | elapsed 0.1 min
[train] batch 1000/11596 | elapsed 0.2 min
[train] batch 1500/11596 | elapsed 0.2 min
[train] batch 2000/11596 | elapsed 0.3 min
[train] batch 2500/11596 | elapsed 0.4 min
[train] batch 3000/11596 | elapsed 0.5 min
[train] batch 3500/11596 | elapsed 0.6 min
[train] batch 4000/11596 | elapsed 0.6 min
[train] batch 4500/11596 | elapsed 0.7 min
[train] batch 5000/11596 | elapsed 0.8 min
[train] batch 5500/11596 | elapsed 0.9 min
[train] batch 6000/11596 | elapsed 1.0 min
[train] batch 6500/11596 | elapsed 1.1 min
[train] batch 7000/11596 | elapsed 1.1 min
[train] batch 7500/11596 | elapsed 1.2 min
[train] batch 8000/11596 | elapsed 1.3 min
[train] batch 8500/11596 | elapsed 1.4 min
[train] batch 9000/11596 | elapsed 1.4 min
[train] batch 9500/11596 | elapsed 1.5 min
[train] batch 10000/11596 | elapsed 1.6 min
[train] batch 10500/11596 | elapsed 1.7 min
[train] batch 11000/11596 | elapsed 1.8 min
[train] batch 11500/11596 | elapsed 1.9 min
[train] batch 11596/11596 | elapsed 1.9 min
[validation] batch 1/1648 | elapsed 0.0 min
[validation] batch 500/1648 | elapsed 0.0 min
[validation] batch 1000/1648 | elapsed 0.1 min
[validation] batch 1500/1648 | elapsed 0.1 min
[validation] batch 1648/1648 | elapsed 0.1 min
Epoch 15/30 | Loss T:0.1375 V:0.1747 | ROC-AUC T:0.793 V:0.570 | PR-AUC T:0.779 V:0.156 | P:0.155 R:0.477
[train] batch 1/11596 | elapsed 0.0 min
[train] batch 500/11596 | elapsed 0.1 min
[train] batch 1000/11596 | elapsed 0.2 min
[train] batch 1500/11596 | elapsed 0.2 min
[train] batch 2000/11596 | elapsed 0.3 min
[train] batch 2500/11596 | elapsed 0.4 min
[train] batch 3000/11596 | elapsed 0.5 min
[train] batch 3500/11596 | elapsed 0.6 min
[train] batch 4000/11596 | elapsed 0.6 min
[train] batch 4500/11596 | elapsed 0.7 min
[train] batch 5000/11596 | elapsed 0.8 min
[train] batch 5500/11596 | elapsed 0.9 min
[train] batch 6000/11596 | elapsed 1.0 min
[train] batch 6500/11596 | elapsed 1.1 min
[train] batch 7000/11596 | elapsed 1.1 min
[train] batch 7500/11596 | elapsed 1.2 min
[train] batch 8000/11596 | elapsed 1.3 min
[train] batch 8500/11596 | elapsed 1.4 min
[train] batch 9000/11596 | elapsed 1.5 min
[train] batch 9500/11596 | elapsed 1.5 min
[train] batch 10000/11596 | elapsed 1.6 min
[train] batch 10500/11596 | elapsed 1.7 min
[train] batch 11000/11596 | elapsed 1.8 min
[train] batch 11500/11596 | elapsed 1.9 min
[train] batch 11596/11596 | elapsed 1.9 min
[validation] batch 1/1648 | elapsed 0.0 min
[validation] batch 500/1648 | elapsed 0.0 min
[validation] batch 1000/1648 | elapsed 0.1 min
[validation] batch 1500/1648 | elapsed 0.1 min
[validation] batch 1648/1648 | elapsed 0.1 min
Epoch 16/30 | Loss T:0.1366 V:0.1737 | ROC-AUC T:0.796 V:0.581 | PR-AUC T:0.782 V:0.166 | P:0.158 R:0.505
  ✓ Yeni en iyi model kaydedildi (pr_auc: 0.1658)
[train] batch 1/11596 | elapsed 0.0 min
[train] batch 500/11596 | elapsed 0.1 min
[train] batch 1000/11596 | elapsed 0.2 min
[train] batch 1500/11596 | elapsed 0.2 min
[train] batch 2000/11596 | elapsed 0.3 min
[train] batch 2500/11596 | elapsed 0.4 min
[train] batch 3000/11596 | elapsed 0.5 min
[train] batch 3500/11596 | elapsed 0.6 min
[train] batch 4000/11596 | elapsed 0.6 min
[train] batch 4500/11596 | elapsed 0.7 min
[train] batch 5000/11596 | elapsed 0.8 min
[train] batch 5500/11596 | elapsed 0.9 min
[train] batch 6000/11596 | elapsed 1.0 min
[train] batch 6500/11596 | elapsed 1.0 min
[train] batch 7000/11596 | elapsed 1.1 min
[train] batch 7500/11596 | elapsed 1.2 min
[train] batch 8000/11596 | elapsed 1.3 min
[train] batch 8500/11596 | elapsed 1.4 min
[train] batch 9000/11596 | elapsed 1.5 min
[train] batch 9500/11596 | elapsed 1.5 min
[train] batch 10000/11596 | elapsed 1.6 min
[train] batch 10500/11596 | elapsed 1.7 min
[train] batch 11000/11596 | elapsed 1.8 min
[train] batch 11500/11596 | elapsed 1.8 min
[train] batch 11596/11596 | elapsed 1.9 min
[validation] batch 1/1648 | elapsed 0.0 min
[validation] batch 500/1648 | elapsed 0.0 min
[validation] batch 1000/1648 | elapsed 0.1 min
[validation] batch 1500/1648 | elapsed 0.1 min
[validation] batch 1648/1648 | elapsed 0.1 min
Epoch 17/30 | Loss T:0.1359 V:0.1760 | ROC-AUC T:0.799 V:0.565 | PR-AUC T:0.784 V:0.154 | P:0.151 R:0.472
[train] batch 1/11596 | elapsed 0.0 min
[train] batch 500/11596 | elapsed 0.1 min
[train] batch 1000/11596 | elapsed 0.2 min
[train] batch 1500/11596 | elapsed 0.3 min
[train] batch 2000/11596 | elapsed 0.3 min
[train] batch 2500/11596 | elapsed 0.4 min
[train] batch 3000/11596 | elapsed 0.5 min
[train] batch 3500/11596 | elapsed 0.6 min
[train] batch 4000/11596 | elapsed 0.7 min
[train] batch 4500/11596 | elapsed 0.7 min
[train] batch 5000/11596 | elapsed 0.8 min
[train] batch 5500/11596 | elapsed 0.9 min
[train] batch 6000/11596 | elapsed 1.0 min
[train] batch 6500/11596 | elapsed 1.1 min
[train] batch 7000/11596 | elapsed 1.1 min
[train] batch 7500/11596 | elapsed 1.2 min
[train] batch 8000/11596 | elapsed 1.3 min
[train] batch 8500/11596 | elapsed 1.4 min
[train] batch 9000/11596 | elapsed 1.5 min
[train] batch 9500/11596 | elapsed 1.5 min
[train] batch 10000/11596 | elapsed 1.6 min
[train] batch 10500/11596 | elapsed 1.7 min
[train] batch 11000/11596 | elapsed 1.8 min
[train] batch 11500/11596 | elapsed 1.9 min
[train] batch 11596/11596 | elapsed 1.9 min
[validation] batch 1/1648 | elapsed 0.0 min
[validation] batch 500/1648 | elapsed 0.0 min
[validation] batch 1000/1648 | elapsed 0.1 min
[validation] batch 1500/1648 | elapsed 0.1 min
[validation] batch 1648/1648 | elapsed 0.1 min
Epoch 18/30 | Loss T:0.1353 V:0.1758 | ROC-AUC T:0.802 V:0.590 | PR-AUC T:0.787 V:0.166 | P:0.160 R:0.537
[train] batch 1/11596 | elapsed 0.0 min
[train] batch 500/11596 | elapsed 0.1 min
[train] batch 1000/11596 | elapsed 0.2 min
[train] batch 1500/11596 | elapsed 0.2 min
[train] batch 2000/11596 | elapsed 0.3 min
[train] batch 2500/11596 | elapsed 0.4 min
[train] batch 3000/11596 | elapsed 0.5 min
[train] batch 3500/11596 | elapsed 0.6 min
[train] batch 4000/11596 | elapsed 0.7 min
[train] batch 4500/11596 | elapsed 0.7 min
[train] batch 5000/11596 | elapsed 0.8 min
[train] batch 5500/11596 | elapsed 0.9 min
[train] batch 6000/11596 | elapsed 1.0 min
[train] batch 6500/11596 | elapsed 1.1 min
[train] batch 7000/11596 | elapsed 1.1 min
[train] batch 7500/11596 | elapsed 1.2 min
[train] batch 8000/11596 | elapsed 1.3 min
[train] batch 8500/11596 | elapsed 1.4 min
[train] batch 9000/11596 | elapsed 1.5 min
[train] batch 9500/11596 | elapsed 1.5 min
[train] batch 10000/11596 | elapsed 1.6 min
[train] batch 10500/11596 | elapsed 1.7 min
[train] batch 11000/11596 | elapsed 1.8 min
[train] batch 11500/11596 | elapsed 1.9 min
[train] batch 11596/11596 | elapsed 1.9 min
[validation] batch 1/1648 | elapsed 0.0 min
[validation] batch 500/1648 | elapsed 0.0 min
[validation] batch 1000/1648 | elapsed 0.1 min
[validation] batch 1500/1648 | elapsed 0.1 min
[validation] batch 1648/1648 | elapsed 0.1 min
Epoch 19/30 | Loss T:0.1347 V:0.1766 | ROC-AUC T:0.804 V:0.581 | PR-AUC T:0.789 V:0.161 | P:0.156 R:0.522
[train] batch 1/11596 | elapsed 0.0 min
[train] batch 500/11596 | elapsed 0.1 min
[train] batch 1000/11596 | elapsed 0.2 min
[train] batch 1500/11596 | elapsed 0.2 min
[train] batch 2000/11596 | elapsed 0.3 min
[train] batch 2500/11596 | elapsed 0.4 min
[train] batch 3000/11596 | elapsed 0.5 min
[train] batch 3500/11596 | elapsed 0.6 min
[train] batch 4000/11596 | elapsed 0.7 min
[train] batch 4500/11596 | elapsed 0.7 min
[train] batch 5000/11596 | elapsed 0.8 min
[train] batch 5500/11596 | elapsed 0.9 min
[train] batch 6000/11596 | elapsed 1.0 min
[train] batch 6500/11596 | elapsed 1.0 min
[train] batch 7000/11596 | elapsed 1.1 min
[train] batch 7500/11596 | elapsed 1.2 min
[train] batch 8000/11596 | elapsed 1.3 min
[train] batch 8500/11596 | elapsed 1.4 min
[train] batch 9000/11596 | elapsed 1.4 min
[train] batch 9500/11596 | elapsed 1.5 min
[train] batch 10000/11596 | elapsed 1.6 min
[train] batch 10500/11596 | elapsed 1.7 min
[train] batch 11000/11596 | elapsed 1.8 min
[train] batch 11500/11596 | elapsed 1.9 min
[train] batch 11596/11596 | elapsed 1.9 min
[validation] batch 1/1648 | elapsed 0.0 min
[validation] batch 500/1648 | elapsed 0.0 min
[validation] batch 1000/1648 | elapsed 0.1 min
[validation] batch 1500/1648 | elapsed 0.1 min
[validation] batch 1648/1648 | elapsed 0.1 min
Epoch 20/30 | Loss T:0.1337 V:0.1775 | ROC-AUC T:0.807 V:0.580 | PR-AUC T:0.793 V:0.158 | P:0.156 R:0.508
[train] batch 1/11596 | elapsed 0.0 min
[train] batch 500/11596 | elapsed 0.1 min
[train] batch 1000/11596 | elapsed 0.2 min
[train] batch 1500/11596 | elapsed 0.2 min
[train] batch 2000/11596 | elapsed 0.3 min
[train] batch 2500/11596 | elapsed 0.4 min
[train] batch 3000/11596 | elapsed 0.5 min
[train] batch 3500/11596 | elapsed 0.6 min
[train] batch 4000/11596 | elapsed 0.6 min
[train] batch 4500/11596 | elapsed 0.7 min
[train] batch 5000/11596 | elapsed 0.8 min
[train] batch 5500/11596 | elapsed 0.9 min
[train] batch 6000/11596 | elapsed 1.0 min
[train] batch 6500/11596 | elapsed 1.1 min
[train] batch 7000/11596 | elapsed 1.1 min
[train] batch 7500/11596 | elapsed 1.2 min
[train] batch 8000/11596 | elapsed 1.3 min
[train] batch 8500/11596 | elapsed 1.4 min
[train] batch 9000/11596 | elapsed 1.5 min
[train] batch 9500/11596 | elapsed 1.5 min
[train] batch 10000/11596 | elapsed 1.6 min
[train] batch 10500/11596 | elapsed 1.7 min
[train] batch 11000/11596 | elapsed 1.8 min
[train] batch 11500/11596 | elapsed 1.8 min
[train] batch 11596/11596 | elapsed 1.9 min
[validation] batch 1/1648 | elapsed 0.0 min
[validation] batch 500/1648 | elapsed 0.0 min
[validation] batch 1000/1648 | elapsed 0.1 min
[validation] batch 1500/1648 | elapsed 0.1 min
[validation] batch 1648/1648 | elapsed 0.1 min
Epoch 21/30 | Loss T:0.1331 V:0.1803 | ROC-AUC T:0.809 V:0.571 | PR-AUC T:0.794 V:0.158 | P:0.153 R:0.503
[train] batch 1/11596 | elapsed 0.0 min
[train] batch 500/11596 | elapsed 0.1 min
[train] batch 1000/11596 | elapsed 0.2 min
[train] batch 1500/11596 | elapsed 0.2 min
[train] batch 2000/11596 | elapsed 0.3 min
[train] batch 2500/11596 | elapsed 0.4 min
[train] batch 3000/11596 | elapsed 0.5 min
[train] batch 3500/11596 | elapsed 0.6 min
[train] batch 4000/11596 | elapsed 0.6 min
[train] batch 4500/11596 | elapsed 0.7 min
[train] batch 5000/11596 | elapsed 0.8 min
[train] batch 5500/11596 | elapsed 0.9 min
[train] batch 6000/11596 | elapsed 1.0 min
[train] batch 6500/11596 | elapsed 1.0 min
[train] batch 7000/11596 | elapsed 1.1 min
[train] batch 7500/11596 | elapsed 1.2 min
[train] batch 8000/11596 | elapsed 1.3 min
[train] batch 8500/11596 | elapsed 1.4 min
[train] batch 9000/11596 | elapsed 1.4 min
[train] batch 9500/11596 | elapsed 1.5 min
[train] batch 10000/11596 | elapsed 1.6 min
[train] batch 10500/11596 | elapsed 1.7 min
[train] batch 11000/11596 | elapsed 1.8 min
[train] batch 11500/11596 | elapsed 1.8 min
[train] batch 11596/11596 | elapsed 1.8 min
[validation] batch 1/1648 | elapsed 0.0 min
[validation] batch 500/1648 | elapsed 0.0 min
[validation] batch 1000/1648 | elapsed 0.1 min
[validation] batch 1500/1648 | elapsed 0.1 min
[validation] batch 1648/1648 | elapsed 0.1 min
Epoch 22/30 | Loss T:0.1319 V:0.1818 | ROC-AUC T:0.813 V:0.573 | PR-AUC T:0.799 V:0.157 | P:0.153 R:0.510
[train] batch 1/11596 | elapsed 0.0 min
[train] batch 500/11596 | elapsed 0.1 min
[train] batch 1000/11596 | elapsed 0.2 min
[train] batch 1500/11596 | elapsed 0.3 min
[train] batch 2000/11596 | elapsed 0.3 min
[train] batch 2500/11596 | elapsed 0.4 min
[train] batch 3000/11596 | elapsed 0.5 min
[train] batch 3500/11596 | elapsed 0.6 min
[train] batch 4000/11596 | elapsed 0.6 min
[train] batch 4500/11596 | elapsed 0.7 min
[train] batch 5000/11596 | elapsed 0.8 min
[train] batch 5500/11596 | elapsed 0.9 min
[train] batch 6000/11596 | elapsed 1.0 min
[train] batch 6500/11596 | elapsed 1.0 min
[train] batch 7000/11596 | elapsed 1.1 min
[train] batch 7500/11596 | elapsed 1.2 min
[train] batch 8000/11596 | elapsed 1.3 min
[train] batch 8500/11596 | elapsed 1.4 min
[train] batch 9000/11596 | elapsed 1.5 min
[train] batch 9500/11596 | elapsed 1.5 min
[train] batch 10000/11596 | elapsed 1.6 min
[train] batch 10500/11596 | elapsed 1.7 min
[train] batch 11000/11596 | elapsed 1.8 min
[train] batch 11500/11596 | elapsed 1.9 min
[train] batch 11596/11596 | elapsed 1.9 min
[validation] batch 1/1648 | elapsed 0.0 min
[validation] batch 500/1648 | elapsed 0.0 min
[validation] batch 1000/1648 | elapsed 0.1 min
[validation] batch 1500/1648 | elapsed 0.1 min
[validation] batch 1648/1648 | elapsed 0.1 min
Epoch 23/30 | Loss T:0.1318 V:0.1795 | ROC-AUC T:0.814 V:0.572 | PR-AUC T:0.800 V:0.154 | P:0.152 R:0.496
[train] batch 1/11596 | elapsed 0.0 min
[train] batch 500/11596 | elapsed 0.1 min
[train] batch 1000/11596 | elapsed 0.2 min
[train] batch 1500/11596 | elapsed 0.2 min
[train] batch 2000/11596 | elapsed 0.3 min
[train] batch 2500/11596 | elapsed 0.4 min
[train] batch 3000/11596 | elapsed 0.5 min
[train] batch 3500/11596 | elapsed 0.6 min
[train] batch 4000/11596 | elapsed 0.6 min
[train] batch 4500/11596 | elapsed 0.7 min
[train] batch 5000/11596 | elapsed 0.8 min
[train] batch 5500/11596 | elapsed 0.9 min
[train] batch 6000/11596 | elapsed 1.0 min
[train] batch 6500/11596 | elapsed 1.0 min
[train] batch 7000/11596 | elapsed 1.1 min
[train] batch 7500/11596 | elapsed 1.2 min
[train] batch 8000/11596 | elapsed 1.3 min
[train] batch 8500/11596 | elapsed 1.4 min
[train] batch 9000/11596 | elapsed 1.4 min
[train] batch 9500/11596 | elapsed 1.5 min
[train] batch 10000/11596 | elapsed 1.6 min
[train] batch 10500/11596 | elapsed 1.7 min
[train] batch 11000/11596 | elapsed 1.8 min
[train] batch 11500/11596 | elapsed 1.8 min
[train] batch 11596/11596 | elapsed 1.9 min
[validation] batch 1/1648 | elapsed 0.0 min
[validation] batch 500/1648 | elapsed 0.0 min
[validation] batch 1000/1648 | elapsed 0.1 min
[validation] batch 1500/1648 | elapsed 0.1 min
[validation] batch 1648/1648 | elapsed 0.1 min
Epoch 24/30 | Loss T:0.1314 V:0.1779 | ROC-AUC T:0.816 V:0.573 | PR-AUC T:0.800 V:0.158 | P:0.154 R:0.480
  Early Stopping: Epoch 24'de duruldu (En iyi pr_auc: 0.1658)
[validation] batch 1/1648 | elapsed 0.0 min
[validation] batch 500/1648 | elapsed 0.0 min
[validation] batch 1000/1648 | elapsed 0.0 min
[validation] batch 1500/1648 | elapsed 0.1 min
[validation] batch 1648/1648 | elapsed 0.1 min

════════════════════════════════════════════════════════════
  PURGED_tech_only_seed49 — VALIDATION SET
════════════════════════════════════════════════════════════
  Threshold-bağımsız (ranking):
    ROC-AUC: 0.5810
    PR-AUC:  0.1658
  Optimal Threshold (MCC max from VAL): 0.5551 (val MCC=0.0827)
  Threshold-bağımlı (eşik=0.5551):
    Accuracy:  0.7435
    MCC:       0.0827
    Precision: 0.1794
    Recall:    0.2926
    F1:        0.2225

=== PURGED_tech_only_seed49 Validation Classification Report ===
              precision    recall  f1-score   support

  Stable (0)       0.89      0.81      0.85     92214
    Risk (1)       0.18      0.29      0.22     13222

    accuracy                           0.74    105436
   macro avg       0.53      0.55      0.53    105436
weighted avg       0.80      0.74      0.77    105436

[test] batch 1/2362 | elapsed 0.0 min
[test] batch 500/2362 | elapsed 0.0 min
[test] batch 1000/2362 | elapsed 0.0 min
[test] batch 1500/2362 | elapsed 0.1 min
[test] batch 2000/2362 | elapsed 0.1 min
[test] batch 2362/2362 | elapsed 0.1 min

════════════════════════════════════════════════════════════
  PURGED_tech_only_seed49 — TEST SET (hold-out, 2024+)
════════════════════════════════════════════════════════════
  Threshold-bağımsız (ranking):
    ROC-AUC: 0.6137
    PR-AUC:  0.1769
  Threshold-bağımlı (val'dan seçilen eşik=0.5551):
    Accuracy:  0.7423
    MCC:       0.0935
    Precision: 0.1926
    Recall:    0.3042
    F1:        0.2358

=== PURGED_tech_only_seed49 Test Classification Report ===
              precision    recall  f1-score   support

  Stable (0)       0.89      0.81      0.85    131398
    Risk (1)       0.19      0.30      0.24     19763

    accuracy                           0.74    151161
   macro avg       0.54      0.56      0.54    151161
weighted avg       0.79      0.74      0.77    151161


  Generalization gap (val → test):
    ROC-AUC: 0.5810 → 0.6137 (Δ +0.0326)
    PR-AUC:  0.1658 → 0.1769 (Δ +0.0112)
    MCC:     0.0827 → 0.0935 (Δ +0.0108)
PASS | purged I seed49 | training + evaluation + export: 48.4 min
Historical outputs unchanged. Selected model, preprocessing and indexed predictions saved.
Report: \\nas.ads.mwn.de\go39lop\Desktop\Archive\results\purged_tech_only_seed49_20260917T045727Z_1c3b8e91\experiment_report.json
