[Universe] Cache: 400 hisse, 9 sektör → datasets/universe.csv
FULL EXPERIMENT | I | seed 43 | up to 30 epochs | batch size 64
Output directory: \\nas.ads.mwn.de\go39lop\Desktop\Archive\results\purged_tech_only_seed43_20260916T164909Z_83f504e7
Test is evaluated only after validation-based checkpoint selection.
GPU: NVIDIA A40

  Feature split → tech: 32 cols ('tech',) | fund: 6 cols ('fund',)
[Purge] Cached-date upper bounds; unknown endpoints excluded conservatively.
[Purge] Train: {'rows': 757567, 'crossing_upper_bound': 5102, 'unknown': 2798, 'retained_endpoints': 749667}
[Purge] Validation: {'rows': 115138, 'crossing_upper_bound': 4516, 'unknown': 482, 'retained_endpoints': 110140}
  Train  (2019-12-31'e kadar): 757,567 satır | Min: 2010-01-04 | Max: 2019-12-31
  Val    (2020-01-01 → 2021-12-31): 115,138 satır | Min: 2020-01-02 | Max: 2021-12-31
  Test   (2022-01-01 → 2024-12-31): 155,550 satır | Min: 2022-01-03 | Max: 2024-12-02

  Dual-stream Dataset'ler oluşturuluyor...
  [Train]
  DualStreamSequenceDataset: 742,162 sequences | seq_len=20 | tech_dim=32 | fund_dim=6 | Kriz oranı: 12.4%
  [Val]
  DualStreamSequenceDataset: 105,436 sequences | seq_len=20 | tech_dim=32 | fund_dim=6 | Kriz oranı: 12.5%
  [Test]
  DualStreamSequenceDataset: 151,161 sequences | seq_len=20 | tech_dim=32 | fund_dim=6 | Kriz oranı: 13.1%
  [Sampling] WeightedRandomSampler train'e uygulanıyor (val/test doğal kalıyor)...
Actual test dates: 2022-01-31 00:00:00 to 2024-12-02 00:00:00
Full-panel train sequences: 742162
Full-panel validation sequences: 105436

PURGED_tech_only_seed43 Eğitimi Başlıyor (cuda) | monitor=pr_auc | lr=0.0001 | wd=0.01 | patience=8 | scheduler=plateau...
[train] batch 1/11596 | elapsed 0.0 min
[train] batch 500/11596 | elapsed 0.1 min
[train] batch 1000/11596 | elapsed 0.2 min
[train] batch 1500/11596 | elapsed 0.3 min
[train] batch 2000/11596 | elapsed 0.4 min
[train] batch 2500/11596 | elapsed 0.5 min
[train] batch 3000/11596 | elapsed 0.5 min
[train] batch 3500/11596 | elapsed 0.6 min
[train] batch 4000/11596 | elapsed 0.7 min
[train] batch 4500/11596 | elapsed 0.8 min
[train] batch 5000/11596 | elapsed 0.9 min
[train] batch 5500/11596 | elapsed 1.0 min
[train] batch 6000/11596 | elapsed 1.1 min
[train] batch 6500/11596 | elapsed 1.2 min
[train] batch 7000/11596 | elapsed 1.2 min
[train] batch 7500/11596 | elapsed 1.3 min
[train] batch 8000/11596 | elapsed 1.4 min
[train] batch 8500/11596 | elapsed 1.5 min
[train] batch 9000/11596 | elapsed 1.6 min
[train] batch 9500/11596 | elapsed 1.7 min
[train] batch 10000/11596 | elapsed 1.8 min
[train] batch 10500/11596 | elapsed 1.8 min
[train] batch 11000/11596 | elapsed 1.9 min
[train] batch 11500/11596 | elapsed 2.0 min
[train] batch 11596/11596 | elapsed 2.0 min
[validation] batch 1/1648 | elapsed 0.0 min
[validation] batch 500/1648 | elapsed 0.0 min
[validation] batch 1000/1648 | elapsed 0.1 min
[validation] batch 1500/1648 | elapsed 0.1 min
[validation] batch 1648/1648 | elapsed 0.1 min
Epoch 01/30 | Loss T:0.1629 V:0.1753 | ROC-AUC T:0.664 V:0.567 | PR-AUC T:0.637 V:0.159 | P:0.148 R:0.573
  ✓ Yeni en iyi model kaydedildi (pr_auc: 0.1587)
[train] batch 1/11596 | elapsed 0.0 min
[train] batch 500/11596 | elapsed 0.1 min
[train] batch 1000/11596 | elapsed 0.2 min
[train] batch 1500/11596 | elapsed 0.3 min
[train] batch 2000/11596 | elapsed 0.3 min
[train] batch 2500/11596 | elapsed 0.4 min
[train] batch 3000/11596 | elapsed 0.5 min
[train] batch 3500/11596 | elapsed 0.6 min
[train] batch 4000/11596 | elapsed 0.7 min
[train] batch 4500/11596 | elapsed 0.8 min
[train] batch 5000/11596 | elapsed 0.9 min
[train] batch 5500/11596 | elapsed 0.9 min
[train] batch 6000/11596 | elapsed 1.0 min
[train] batch 6500/11596 | elapsed 1.1 min
[train] batch 7000/11596 | elapsed 1.2 min
[train] batch 7500/11596 | elapsed 1.3 min
[train] batch 8000/11596 | elapsed 1.4 min
[train] batch 8500/11596 | elapsed 1.5 min
[train] batch 9000/11596 | elapsed 1.6 min
[train] batch 9500/11596 | elapsed 1.6 min
[train] batch 10000/11596 | elapsed 1.7 min
[train] batch 10500/11596 | elapsed 1.8 min
[train] batch 11000/11596 | elapsed 1.9 min
[train] batch 11500/11596 | elapsed 2.0 min
[train] batch 11596/11596 | elapsed 2.0 min
[validation] batch 1/1648 | elapsed 0.0 min
[validation] batch 500/1648 | elapsed 0.0 min
[validation] batch 1000/1648 | elapsed 0.1 min
[validation] batch 1500/1648 | elapsed 0.1 min
[validation] batch 1648/1648 | elapsed 0.1 min
Epoch 02/30 | Loss T:0.1588 V:0.1865 | ROC-AUC T:0.692 V:0.565 | PR-AUC T:0.669 V:0.155 | P:0.145 R:0.609
[train] batch 1/11596 | elapsed 0.0 min
[train] batch 500/11596 | elapsed 0.1 min
[train] batch 1000/11596 | elapsed 0.2 min
[train] batch 1500/11596 | elapsed 0.3 min
[train] batch 2000/11596 | elapsed 0.4 min
[train] batch 2500/11596 | elapsed 0.4 min
[train] batch 3000/11596 | elapsed 0.5 min
[train] batch 3500/11596 | elapsed 0.6 min
[train] batch 4000/11596 | elapsed 0.7 min
[train] batch 4500/11596 | elapsed 0.8 min
[train] batch 5000/11596 | elapsed 0.9 min
[train] batch 5500/11596 | elapsed 1.0 min
[train] batch 6000/11596 | elapsed 1.0 min
[train] batch 6500/11596 | elapsed 1.1 min
[train] batch 7000/11596 | elapsed 1.2 min
[train] batch 7500/11596 | elapsed 1.3 min
[train] batch 8000/11596 | elapsed 1.4 min
[train] batch 8500/11596 | elapsed 1.5 min
[train] batch 9000/11596 | elapsed 1.6 min
[train] batch 9500/11596 | elapsed 1.6 min
[train] batch 10000/11596 | elapsed 1.7 min
[train] batch 10500/11596 | elapsed 1.8 min
[train] batch 11000/11596 | elapsed 1.9 min
[train] batch 11500/11596 | elapsed 2.0 min
[train] batch 11596/11596 | elapsed 2.0 min
[validation] batch 1/1648 | elapsed 0.0 min
[validation] batch 500/1648 | elapsed 0.0 min
[validation] batch 1000/1648 | elapsed 0.1 min
[validation] batch 1500/1648 | elapsed 0.1 min
[validation] batch 1648/1648 | elapsed 0.1 min
Epoch 03/30 | Loss T:0.1559 V:0.1637 | ROC-AUC T:0.709 V:0.585 | PR-AUC T:0.689 V:0.163 | P:0.162 R:0.495
  ✓ Yeni en iyi model kaydedildi (pr_auc: 0.1634)
[train] batch 1/11596 | elapsed 0.0 min
[train] batch 500/11596 | elapsed 0.1 min
[train] batch 1000/11596 | elapsed 0.2 min
[train] batch 1500/11596 | elapsed 0.3 min
[train] batch 2000/11596 | elapsed 0.4 min
[train] batch 2500/11596 | elapsed 0.4 min
[train] batch 3000/11596 | elapsed 0.5 min
[train] batch 3500/11596 | elapsed 0.6 min
[train] batch 4000/11596 | elapsed 0.7 min
[train] batch 4500/11596 | elapsed 0.8 min
[train] batch 5000/11596 | elapsed 0.9 min
[train] batch 5500/11596 | elapsed 1.0 min
[train] batch 6000/11596 | elapsed 1.1 min
[train] batch 6500/11596 | elapsed 1.1 min
[train] batch 7000/11596 | elapsed 1.2 min
[train] batch 7500/11596 | elapsed 1.3 min
[train] batch 8000/11596 | elapsed 1.4 min
[train] batch 8500/11596 | elapsed 1.5 min
[train] batch 9000/11596 | elapsed 1.6 min
[train] batch 9500/11596 | elapsed 1.7 min
[train] batch 10000/11596 | elapsed 1.7 min
[train] batch 10500/11596 | elapsed 1.8 min
[train] batch 11000/11596 | elapsed 1.9 min
[train] batch 11500/11596 | elapsed 2.0 min
[train] batch 11596/11596 | elapsed 2.0 min
[validation] batch 1/1648 | elapsed 0.0 min
[validation] batch 500/1648 | elapsed 0.0 min
[validation] batch 1000/1648 | elapsed 0.1 min
[validation] batch 1500/1648 | elapsed 0.1 min
[validation] batch 1648/1648 | elapsed 0.1 min
Epoch 04/30 | Loss T:0.1532 V:0.1916 | ROC-AUC T:0.724 V:0.558 | PR-AUC T:0.705 V:0.150 | P:0.143 R:0.600
[train] batch 1/11596 | elapsed 0.0 min
[train] batch 500/11596 | elapsed 0.1 min
[train] batch 1000/11596 | elapsed 0.2 min
[train] batch 1500/11596 | elapsed 0.3 min
[train] batch 2000/11596 | elapsed 0.4 min
[train] batch 2500/11596 | elapsed 0.4 min
[train] batch 3000/11596 | elapsed 0.5 min
[train] batch 3500/11596 | elapsed 0.6 min
[train] batch 4000/11596 | elapsed 0.7 min
[train] batch 4500/11596 | elapsed 0.8 min
[train] batch 5000/11596 | elapsed 0.9 min
[train] batch 5500/11596 | elapsed 1.0 min
[train] batch 6000/11596 | elapsed 1.0 min
[train] batch 6500/11596 | elapsed 1.1 min
[train] batch 7000/11596 | elapsed 1.2 min
[train] batch 7500/11596 | elapsed 1.3 min
[train] batch 8000/11596 | elapsed 1.4 min
[train] batch 8500/11596 | elapsed 1.5 min
[train] batch 9000/11596 | elapsed 1.6 min
[train] batch 9500/11596 | elapsed 1.7 min
[train] batch 10000/11596 | elapsed 1.7 min
[train] batch 10500/11596 | elapsed 1.8 min
[train] batch 11000/11596 | elapsed 1.9 min
[train] batch 11500/11596 | elapsed 2.0 min
[train] batch 11596/11596 | elapsed 2.0 min
[validation] batch 1/1648 | elapsed 0.0 min
[validation] batch 500/1648 | elapsed 0.0 min
[validation] batch 1000/1648 | elapsed 0.1 min
[validation] batch 1500/1648 | elapsed 0.1 min
[validation] batch 1648/1648 | elapsed 0.1 min
Epoch 05/30 | Loss T:0.1511 V:0.1697 | ROC-AUC T:0.734 V:0.574 | PR-AUC T:0.717 V:0.157 | P:0.159 R:0.491
[train] batch 1/11596 | elapsed 0.0 min
[train] batch 500/11596 | elapsed 0.1 min
[train] batch 1000/11596 | elapsed 0.2 min
[train] batch 1500/11596 | elapsed 0.3 min
[train] batch 2000/11596 | elapsed 0.4 min
[train] batch 2500/11596 | elapsed 0.4 min
[train] batch 3000/11596 | elapsed 0.5 min
[train] batch 3500/11596 | elapsed 0.6 min
[train] batch 4000/11596 | elapsed 0.7 min
[train] batch 4500/11596 | elapsed 0.8 min
[train] batch 5000/11596 | elapsed 0.9 min
[train] batch 5500/11596 | elapsed 1.0 min
[train] batch 6000/11596 | elapsed 1.0 min
[train] batch 6500/11596 | elapsed 1.1 min
[train] batch 7000/11596 | elapsed 1.2 min
[train] batch 7500/11596 | elapsed 1.3 min
[train] batch 8000/11596 | elapsed 1.4 min
[train] batch 8500/11596 | elapsed 1.5 min
[train] batch 9000/11596 | elapsed 1.6 min
[train] batch 9500/11596 | elapsed 1.7 min
[train] batch 10000/11596 | elapsed 1.8 min
[train] batch 10500/11596 | elapsed 1.8 min
[train] batch 11000/11596 | elapsed 1.9 min
[train] batch 11500/11596 | elapsed 2.0 min
[train] batch 11596/11596 | elapsed 2.0 min
[validation] batch 1/1648 | elapsed 0.0 min
[validation] batch 500/1648 | elapsed 0.0 min
[validation] batch 1000/1648 | elapsed 0.1 min
[validation] batch 1500/1648 | elapsed 0.1 min
[validation] batch 1648/1648 | elapsed 0.1 min
Epoch 06/30 | Loss T:0.1489 V:0.1772 | ROC-AUC T:0.744 V:0.575 | PR-AUC T:0.729 V:0.157 | P:0.155 R:0.522
[train] batch 1/11596 | elapsed 0.0 min
[train] batch 500/11596 | elapsed 0.1 min
[train] batch 1000/11596 | elapsed 0.2 min
[train] batch 1500/11596 | elapsed 0.3 min
[train] batch 2000/11596 | elapsed 0.4 min
[train] batch 2500/11596 | elapsed 0.4 min
[train] batch 3000/11596 | elapsed 0.5 min
[train] batch 3500/11596 | elapsed 0.6 min
[train] batch 4000/11596 | elapsed 0.7 min
[train] batch 4500/11596 | elapsed 0.8 min
[train] batch 5000/11596 | elapsed 0.9 min
[train] batch 5500/11596 | elapsed 1.0 min
[train] batch 6000/11596 | elapsed 1.1 min
[train] batch 6500/11596 | elapsed 1.1 min
[train] batch 7000/11596 | elapsed 1.2 min
[train] batch 7500/11596 | elapsed 1.3 min
[train] batch 8000/11596 | elapsed 1.4 min
[train] batch 8500/11596 | elapsed 1.5 min
[train] batch 9000/11596 | elapsed 1.6 min
[train] batch 9500/11596 | elapsed 1.7 min
[train] batch 10000/11596 | elapsed 1.7 min
[train] batch 10500/11596 | elapsed 1.8 min
[train] batch 11000/11596 | elapsed 1.9 min
[train] batch 11500/11596 | elapsed 2.0 min
[train] batch 11596/11596 | elapsed 2.0 min
[validation] batch 1/1648 | elapsed 0.0 min
[validation] batch 500/1648 | elapsed 0.0 min
[validation] batch 1000/1648 | elapsed 0.1 min
[validation] batch 1500/1648 | elapsed 0.1 min
[validation] batch 1648/1648 | elapsed 0.1 min
Epoch 07/30 | Loss T:0.1473 V:0.1744 | ROC-AUC T:0.752 V:0.567 | PR-AUC T:0.736 V:0.155 | P:0.153 R:0.475
[train] batch 1/11596 | elapsed 0.0 min
[train] batch 500/11596 | elapsed 0.1 min
[train] batch 1000/11596 | elapsed 0.2 min
[train] batch 1500/11596 | elapsed 0.3 min
[train] batch 2000/11596 | elapsed 0.4 min
[train] batch 2500/11596 | elapsed 0.4 min
[train] batch 3000/11596 | elapsed 0.5 min
[train] batch 3500/11596 | elapsed 0.6 min
[train] batch 4000/11596 | elapsed 0.7 min
[train] batch 4500/11596 | elapsed 0.8 min
[train] batch 5000/11596 | elapsed 0.9 min
[train] batch 5500/11596 | elapsed 1.0 min
[train] batch 6000/11596 | elapsed 1.0 min
[train] batch 6500/11596 | elapsed 1.1 min
[train] batch 7000/11596 | elapsed 1.2 min
[train] batch 7500/11596 | elapsed 1.3 min
[train] batch 8000/11596 | elapsed 1.4 min
[train] batch 8500/11596 | elapsed 1.5 min
[train] batch 9000/11596 | elapsed 1.6 min
[train] batch 9500/11596 | elapsed 1.7 min
[train] batch 10000/11596 | elapsed 1.7 min
[train] batch 10500/11596 | elapsed 1.8 min
[train] batch 11000/11596 | elapsed 1.9 min
[train] batch 11500/11596 | elapsed 2.0 min
[train] batch 11596/11596 | elapsed 2.0 min
[validation] batch 1/1648 | elapsed 0.0 min
[validation] batch 500/1648 | elapsed 0.0 min
[validation] batch 1000/1648 | elapsed 0.1 min
[validation] batch 1500/1648 | elapsed 0.1 min
[validation] batch 1648/1648 | elapsed 0.1 min
Epoch 08/30 | Loss T:0.1455 V:0.1755 | ROC-AUC T:0.760 V:0.569 | PR-AUC T:0.745 V:0.156 | P:0.153 R:0.504
[train] batch 1/11596 | elapsed 0.0 min
[train] batch 500/11596 | elapsed 0.1 min
[train] batch 1000/11596 | elapsed 0.2 min
[train] batch 1500/11596 | elapsed 0.3 min
[train] batch 2000/11596 | elapsed 0.4 min
[train] batch 2500/11596 | elapsed 0.4 min
[train] batch 3000/11596 | elapsed 0.5 min
[train] batch 3500/11596 | elapsed 0.6 min
[train] batch 4000/11596 | elapsed 0.7 min
[train] batch 4500/11596 | elapsed 0.8 min
[train] batch 5000/11596 | elapsed 0.9 min
[train] batch 5500/11596 | elapsed 1.0 min
[train] batch 6000/11596 | elapsed 1.0 min
[train] batch 6500/11596 | elapsed 1.1 min
[train] batch 7000/11596 | elapsed 1.2 min
[train] batch 7500/11596 | elapsed 1.3 min
[train] batch 8000/11596 | elapsed 1.4 min
[train] batch 8500/11596 | elapsed 1.5 min
[train] batch 9000/11596 | elapsed 1.6 min
[train] batch 9500/11596 | elapsed 1.7 min
[train] batch 10000/11596 | elapsed 1.7 min
[train] batch 10500/11596 | elapsed 1.8 min
[train] batch 11000/11596 | elapsed 1.9 min
[train] batch 11500/11596 | elapsed 2.0 min
[train] batch 11596/11596 | elapsed 2.0 min
[validation] batch 1/1648 | elapsed 0.0 min
[validation] batch 500/1648 | elapsed 0.0 min
[validation] batch 1000/1648 | elapsed 0.1 min
[validation] batch 1500/1648 | elapsed 0.1 min
[validation] batch 1648/1648 | elapsed 0.1 min
Epoch 09/30 | Loss T:0.1436 V:0.1794 | ROC-AUC T:0.767 V:0.576 | PR-AUC T:0.752 V:0.158 | P:0.154 R:0.528
[train] batch 1/11596 | elapsed 0.0 min
[train] batch 500/11596 | elapsed 0.1 min
[train] batch 1000/11596 | elapsed 0.2 min
[train] batch 1500/11596 | elapsed 0.3 min
[train] batch 2000/11596 | elapsed 0.3 min
[train] batch 2500/11596 | elapsed 0.4 min
[train] batch 3000/11596 | elapsed 0.5 min
[train] batch 3500/11596 | elapsed 0.6 min
[train] batch 4000/11596 | elapsed 0.7 min
[train] batch 4500/11596 | elapsed 0.8 min
[train] batch 5000/11596 | elapsed 0.9 min
[train] batch 5500/11596 | elapsed 1.0 min
[train] batch 6000/11596 | elapsed 1.0 min
[train] batch 6500/11596 | elapsed 1.1 min
[train] batch 7000/11596 | elapsed 1.2 min
[train] batch 7500/11596 | elapsed 1.3 min
[train] batch 8000/11596 | elapsed 1.4 min
[train] batch 8500/11596 | elapsed 1.5 min
[train] batch 9000/11596 | elapsed 1.6 min
[train] batch 9500/11596 | elapsed 1.7 min
[train] batch 10000/11596 | elapsed 1.7 min
[train] batch 10500/11596 | elapsed 1.8 min
[train] batch 11000/11596 | elapsed 1.9 min
[train] batch 11500/11596 | elapsed 2.0 min
[train] batch 11596/11596 | elapsed 2.0 min
[validation] batch 1/1648 | elapsed 0.0 min
[validation] batch 500/1648 | elapsed 0.0 min
[validation] batch 1000/1648 | elapsed 0.1 min
[validation] batch 1500/1648 | elapsed 0.1 min
[validation] batch 1648/1648 | elapsed 0.1 min
Epoch 10/30 | Loss T:0.1428 V:0.1770 | ROC-AUC T:0.771 V:0.563 | PR-AUC T:0.755 V:0.154 | P:0.150 R:0.490
[train] batch 1/11596 | elapsed 0.0 min
[train] batch 500/11596 | elapsed 0.1 min
[train] batch 1000/11596 | elapsed 0.2 min
[train] batch 1500/11596 | elapsed 0.3 min
[train] batch 2000/11596 | elapsed 0.3 min
[train] batch 2500/11596 | elapsed 0.4 min
[train] batch 3000/11596 | elapsed 0.5 min
[train] batch 3500/11596 | elapsed 0.6 min
[train] batch 4000/11596 | elapsed 0.7 min
[train] batch 4500/11596 | elapsed 0.8 min
[train] batch 5000/11596 | elapsed 0.9 min
[train] batch 5500/11596 | elapsed 1.0 min
[train] batch 6000/11596 | elapsed 1.1 min
[train] batch 6500/11596 | elapsed 1.1 min
[train] batch 7000/11596 | elapsed 1.2 min
[train] batch 7500/11596 | elapsed 1.3 min
[train] batch 8000/11596 | elapsed 1.4 min
[train] batch 8500/11596 | elapsed 1.5 min
[train] batch 9000/11596 | elapsed 1.6 min
[train] batch 9500/11596 | elapsed 1.7 min
[train] batch 10000/11596 | elapsed 1.7 min
[train] batch 10500/11596 | elapsed 1.8 min
[train] batch 11000/11596 | elapsed 1.9 min
[train] batch 11500/11596 | elapsed 2.0 min
[train] batch 11596/11596 | elapsed 2.0 min
[validation] batch 1/1648 | elapsed 0.0 min
[validation] batch 500/1648 | elapsed 0.0 min
[validation] batch 1000/1648 | elapsed 0.1 min
[validation] batch 1500/1648 | elapsed 0.1 min
[validation] batch 1648/1648 | elapsed 0.1 min
Epoch 11/30 | Loss T:0.1417 V:0.1768 | ROC-AUC T:0.776 V:0.581 | PR-AUC T:0.760 V:0.158 | P:0.157 R:0.529
  Early Stopping: Epoch 11'de duruldu (En iyi pr_auc: 0.1634)
[validation] batch 1/1648 | elapsed 0.0 min
[validation] batch 500/1648 | elapsed 0.0 min
[validation] batch 1000/1648 | elapsed 0.0 min
[validation] batch 1500/1648 | elapsed 0.1 min
[validation] batch 1648/1648 | elapsed 0.1 min

════════════════════════════════════════════════════════════
  PURGED_tech_only_seed43 — VALIDATION SET
════════════════════════════════════════════════════════════
  Threshold-bağımsız (ranking):
    ROC-AUC: 0.5848
    PR-AUC:  0.1634
  Optimal Threshold (MCC max from VAL): 0.5123 (val MCC=0.0906)
  Threshold-bağımlı (eşik=0.5123):
    Accuracy:  0.6649
    MCC:       0.0906
    Precision: 0.1694
    Recall:    0.4284
    F1:        0.2428

=== PURGED_tech_only_seed43 Validation Classification Report ===
              precision    recall  f1-score   support

  Stable (0)       0.90      0.70      0.78     92214
    Risk (1)       0.17      0.43      0.24     13222

    accuracy                           0.66    105436
   macro avg       0.53      0.56      0.51    105436
weighted avg       0.80      0.66      0.72    105436

[test] batch 1/2362 | elapsed 0.0 min
[test] batch 500/2362 | elapsed 0.0 min
[test] batch 1000/2362 | elapsed 0.0 min
[test] batch 1500/2362 | elapsed 0.1 min
[test] batch 2000/2362 | elapsed 0.1 min
[test] batch 2362/2362 | elapsed 0.1 min

════════════════════════════════════════════════════════════
  PURGED_tech_only_seed43 — TEST SET (hold-out, 2024+)
════════════════════════════════════════════════════════════
  Threshold-bağımsız (ranking):
    ROC-AUC: 0.6317
    PR-AUC:  0.1903
  Threshold-bağımlı (val'dan seçilen eşik=0.5123):
    Accuracy:  0.6561
    MCC:       0.1152
    Precision: 0.1851
    Recall:    0.4790
    F1:        0.2670

=== PURGED_tech_only_seed43 Test Classification Report ===
              precision    recall  f1-score   support

  Stable (0)       0.90      0.68      0.78    131398
    Risk (1)       0.19      0.48      0.27     19763

    accuracy                           0.66    151161
   macro avg       0.54      0.58      0.52    151161
weighted avg       0.80      0.66      0.71    151161


  Generalization gap (val → test):
    ROC-AUC: 0.5848 → 0.6317 (Δ +0.0469)
    PR-AUC:  0.1634 → 0.1903 (Δ +0.0269)
    MCC:     0.0906 → 0.1152 (Δ +0.0247)
PASS | purged I seed43 | training + evaluation + export: 24.3 min
Historical outputs unchanged. Selected model, preprocessing and indexed predictions saved.
Report: \\nas.ads.mwn.de\go39lop\Desktop\Archive\results\purged_tech_only_seed43_20260916T164909Z_83f504e7\experiment_report.json
